Wed 14 Jan 2026 21:02:37 INFO  Device: cuda
Wed 14 Jan 2026 21:02:37 INFO  [DATASET] Amazon Reviews 2014 for category: Beauty
Wed 14 Jan 2026 21:02:37 INFO  [DATASET] Reviews have been processed...
Wed 14 Jan 2026 21:02:37 INFO  [DATASET] Metadata has been processed...
Wed 14 Jan 2026 21:02:37 INFO  [Dataset] AmazonReviews2014
	Number of users: 22364
	Number of items: 12102
	Number of interactions: 198502
	Average item sequence length: 8.875961366481846
Wed 14 Jan 2026 21:02:38 INFO  [TOKENIZER] Applying PCA...
Wed 14 Jan 2026 21:02:39 INFO  [TOKENIZER] Sentence embeddings shape: (12101, 128)
Wed 14 Jan 2026 21:02:39 INFO  [TOKENIZER] Items for training: 12068 of 12101
Wed 14 Jan 2026 21:02:39 INFO  [TOKENIZER] Using GRQ quantization...
Wed 14 Jan 2026 21:02:39 INFO  [TOKENIZER] Training GRQ...
Wed 14 Jan 2026 21:02:53 INFO  Epoch 50/300, Loss: 6.8108, Time: 0.1427s
Wed 14 Jan 2026 21:03:01 INFO  Epoch 100/300, Loss: 4.1247, Time: 0.1441s
Wed 14 Jan 2026 21:03:08 INFO  Epoch 150/300, Loss: 3.2165, Time: 0.1406s
Wed 14 Jan 2026 21:03:16 INFO  Epoch 200/300, Loss: 2.6129, Time: 0.1415s
Wed 14 Jan 2026 21:03:23 INFO  Epoch 250/300, Loss: 2.6073, Time: 0.1443s
Wed 14 Jan 2026 21:03:31 INFO  Epoch 300/300, Loss: 2.5161, Time: 0.1445s
Wed 14 Jan 2026 21:03:31 INFO  [TOKENIZER] Generating codes...
Wed 14 Jan 2026 21:03:31 INFO  [TOKENIZER] Average Training Time per Epoch: 0.1712s
Wed 14 Jan 2026 21:03:31 INFO  [TOKENIZER] GPU Memory (Max): 0.7150 GB
Wed 14 Jan 2026 21:03:48 INFO  GRQ(
  (gpt2): GPT2Model(
    (wte): Embedding(4098, 448)
    (wpe): Embedding(50, 448)
    (drop): Dropout(p=0.5, inplace=False)
    (h): ModuleList(
      (0-1): 2 x GPT2Block(
        (ln_1): LayerNorm((448,), eps=1e-12, elementwise_affine=True)
        (attn): GPT2Attention(
          (c_attn): Conv1D(nf=1344, nx=448)
          (c_proj): Conv1D(nf=448, nx=448)
          (attn_dropout): Dropout(p=0.5, inplace=False)
          (resid_dropout): Dropout(p=0.1, inplace=False)
        )
        (ln_2): LayerNorm((448,), eps=1e-12, elementwise_affine=True)
        (mlp): GPT2MLP(
          (c_fc): Conv1D(nf=1024, nx=448)
          (c_proj): Conv1D(nf=448, nx=1024)
          (act): NewGELUActivation()
          (dropout): Dropout(p=0.1, inplace=False)
        )
      )
    )
    (ln_f): LayerNorm((448,), eps=1e-12, elementwise_affine=True)
  )
  (pred_heads): Sequential(
    (0): ResBlock(
      (linear): Linear(in_features=448, out_features=448, bias=True)
      (act): SiLU()
    )
    (1): ResBlock(
      (linear): Linear(in_features=448, out_features=448, bias=True)
      (act): SiLU()
    )
    (2): ResBlock(
      (linear): Linear(in_features=448, out_features=448, bias=True)
      (act): SiLU()
    )
    (3): ResBlock(
      (linear): Linear(in_features=448, out_features=448, bias=True)
      (act): SiLU()
    )
    (4): ResBlock(
      (linear): Linear(in_features=448, out_features=448, bias=True)
      (act): SiLU()
    )
    (5): ResBlock(
      (linear): Linear(in_features=448, out_features=448, bias=True)
      (act): SiLU()
    )
    (6): ResBlock(
      (linear): Linear(in_features=448, out_features=448, bias=True)
      (act): SiLU()
    )
    (7): ResBlock(
      (linear): Linear(in_features=448, out_features=448, bias=True)
      (act): SiLU()
    )
    (8): ResBlock(
      (linear): Linear(in_features=448, out_features=448, bias=True)
      (act): SiLU()
    )
    (9): ResBlock(
      (linear): Linear(in_features=448, out_features=448, bias=True)
      (act): SiLU()
    )
    (10): ResBlock(
      (linear): Linear(in_features=448, out_features=448, bias=True)
      (act): SiLU()
    )
    (11): ResBlock(
      (linear): Linear(in_features=448, out_features=448, bias=True)
      (act): SiLU()
    )
    (12): ResBlock(
      (linear): Linear(in_features=448, out_features=448, bias=True)
      (act): SiLU()
    )
    (13): ResBlock(
      (linear): Linear(in_features=448, out_features=448, bias=True)
      (act): SiLU()
    )
    (14): ResBlock(
      (linear): Linear(in_features=448, out_features=448, bias=True)
      (act): SiLU()
    )
    (15): ResBlock(
      (linear): Linear(in_features=448, out_features=448, bias=True)
      (act): SiLU()
    )
  )
  (loss_fct): CrossEntropyLoss()
)
Wed 14 Jan 2026 21:03:48 INFO  #Embedding parameters: 1835904
#Non-embedding parameters: 6692480
#Total trainable parameters: 8528384

Wed 14 Jan 2026 21:03:57 INFO  [Epoch 1] Train Loss: 6.280410039542925
Wed 14 Jan 2026 21:03:57 INFO  [Epoch 1] Training Time: 9.3970s
Wed 14 Jan 2026 21:03:59 INFO  [Epoch 1] Eval Time: 2.1051s
Wed 14 Jan 2026 21:03:59 INFO  [Epoch 1] Val Results: OrderedDict([('ndcg@5', 0.0008795745670795441), ('ndcg@10', 0.0013403510674834251), ('recall@5', 0.0018333855550736189), ('recall@10', 0.0032643205486238003), ('n_visited_items', 12101.0009765625)])
Wed 14 Jan 2026 21:03:59 INFO  [Epoch 1] Saved model checkpoint to ckpt/genrec_default-main.py_--category=Beauty_--model=GRQ_--context_fusion_weight=4.0_--use_gradient_update=True-Jan-14-2026_21-02-ef3268.pth
Wed 14 Jan 2026 21:04:09 INFO  [Epoch 2] Train Loss: 5.499392849383968
Wed 14 Jan 2026 21:04:09 INFO  [Epoch 2] Training Time: 9.3549s
Wed 14 Jan 2026 21:04:11 INFO  [Epoch 2] Eval Time: 2.1056s
Wed 14 Jan 2026 21:04:11 INFO  [Epoch 2] Val Results: OrderedDict([('ndcg@5', 0.000513552047777921), ('ndcg@10', 0.0014077086234465241), ('recall@5', 0.001073201303370297), ('recall@10', 0.003845637897029519), ('n_visited_items', 12101.0009765625)])
Wed 14 Jan 2026 21:04:11 INFO  [Epoch 2] Saved model checkpoint to ckpt/genrec_default-main.py_--category=Beauty_--model=GRQ_--context_fusion_weight=4.0_--use_gradient_update=True-Jan-14-2026_21-02-ef3268.pth
Wed 14 Jan 2026 21:04:20 INFO  [Epoch 3] Train Loss: 5.480924384428723
Wed 14 Jan 2026 21:04:20 INFO  [Epoch 3] Training Time: 9.3630s
Wed 14 Jan 2026 21:04:22 INFO  [Epoch 3] Eval Time: 2.1064s
Wed 14 Jan 2026 21:04:22 INFO  [Epoch 3] Val Results: OrderedDict([('ndcg@5', 0.0046472372487187386), ('ndcg@10', 0.005530882626771927), ('recall@5', 0.006931091658771038), ('recall@10', 0.00965881161391735), ('n_visited_items', 12101.0009765625)])
Wed 14 Jan 2026 21:04:22 INFO  [Epoch 3] Saved model checkpoint to ckpt/genrec_default-main.py_--category=Beauty_--model=GRQ_--context_fusion_weight=4.0_--use_gradient_update=True-Jan-14-2026_21-02-ef3268.pth
Wed 14 Jan 2026 21:04:32 INFO  [Epoch 4] Train Loss: 5.442136410439368
Wed 14 Jan 2026 21:04:32 INFO  [Epoch 4] Training Time: 9.3661s
Wed 14 Jan 2026 21:04:34 INFO  [Epoch 4] Eval Time: 2.1131s
Wed 14 Jan 2026 21:04:34 INFO  [Epoch 4] Val Results: OrderedDict([('ndcg@5', 0.004857937339693308), ('ndcg@10', 0.007160840090364218), ('recall@5', 0.00813844334334135), ('recall@10', 0.015203684568405151), ('n_visited_items', 12101.0009765625)])
Wed 14 Jan 2026 21:04:34 INFO  [Epoch 4] Saved model checkpoint to ckpt/genrec_default-main.py_--category=Beauty_--model=GRQ_--context_fusion_weight=4.0_--use_gradient_update=True-Jan-14-2026_21-02-ef3268.pth
Wed 14 Jan 2026 21:04:43 INFO  [Epoch 5] Train Loss: 5.367357858336798
Wed 14 Jan 2026 21:04:43 INFO  [Epoch 5] Training Time: 9.4676s
Wed 14 Jan 2026 21:04:46 INFO  [Epoch 5] Eval Time: 2.1051s
Wed 14 Jan 2026 21:04:46 INFO  [Epoch 5] Val Results: OrderedDict([('ndcg@5', 0.008107533678412437), ('ndcg@10', 0.011332626454532146), ('recall@5', 0.012654831632971764), ('recall@10', 0.022671377286314964), ('n_visited_items', 12101.0009765625)])
Wed 14 Jan 2026 21:04:46 INFO  [Epoch 5] Saved model checkpoint to ckpt/genrec_default-main.py_--category=Beauty_--model=GRQ_--context_fusion_weight=4.0_--use_gradient_update=True-Jan-14-2026_21-02-ef3268.pth
Wed 14 Jan 2026 21:04:55 INFO  [Epoch 6] Train Loss: 5.298976931241479
Wed 14 Jan 2026 21:04:55 INFO  [Epoch 6] Training Time: 9.3785s
Wed 14 Jan 2026 21:04:57 INFO  [Epoch 6] Eval Time: 2.1034s
Wed 14 Jan 2026 21:04:57 INFO  [Epoch 6] Val Results: OrderedDict([('ndcg@5', 0.01016582828015089), ('ndcg@10', 0.013482977636158466), ('recall@5', 0.01591915264725685), ('recall@10', 0.026114564388990402), ('n_visited_items', 12101.0009765625)])
Wed 14 Jan 2026 21:04:57 INFO  [Epoch 6] Saved model checkpoint to ckpt/genrec_default-main.py_--category=Beauty_--model=GRQ_--context_fusion_weight=4.0_--use_gradient_update=True-Jan-14-2026_21-02-ef3268.pth
Wed 14 Jan 2026 21:05:06 INFO  [Epoch 7] Train Loss: 5.25262710835674
Wed 14 Jan 2026 21:05:06 INFO  [Epoch 7] Training Time: 9.3803s
Wed 14 Jan 2026 21:05:09 INFO  [Epoch 7] Eval Time: 2.1022s
Wed 14 Jan 2026 21:05:09 INFO  [Epoch 7] Val Results: OrderedDict([('ndcg@5', 0.011712312698364258), ('ndcg@10', 0.015565592795610428), ('recall@5', 0.0180655550211668), ('recall@10', 0.030049635097384453), ('n_visited_items', 12101.0009765625)])
Wed 14 Jan 2026 21:05:09 INFO  [Epoch 7] Saved model checkpoint to ckpt/genrec_default-main.py_--category=Beauty_--model=GRQ_--context_fusion_weight=4.0_--use_gradient_update=True-Jan-14-2026_21-02-ef3268.pth
Wed 14 Jan 2026 21:05:18 INFO  [Epoch 8] Train Loss: 5.207729901417648
Wed 14 Jan 2026 21:05:18 INFO  [Epoch 8] Training Time: 9.3759s
Wed 14 Jan 2026 21:05:20 INFO  [Epoch 8] Eval Time: 2.1060s
Wed 14 Jan 2026 21:05:20 INFO  [Epoch 8] Val Results: OrderedDict([('ndcg@5', 0.012490306049585342), ('ndcg@10', 0.016830990090966225), ('recall@5', 0.02025667391717434), ('recall@10', 0.03385055810213089), ('n_visited_items', 12101.0009765625)])
Wed 14 Jan 2026 21:05:20 INFO  [Epoch 8] Saved model checkpoint to ckpt/genrec_default-main.py_--category=Beauty_--model=GRQ_--context_fusion_weight=4.0_--use_gradient_update=True-Jan-14-2026_21-02-ef3268.pth
Wed 14 Jan 2026 21:05:30 INFO  [Epoch 9] Train Loss: 5.166489950501092
Wed 14 Jan 2026 21:05:30 INFO  [Epoch 9] Training Time: 9.3726s
Wed 14 Jan 2026 21:05:32 INFO  [Epoch 9] Eval Time: 2.1006s
Wed 14 Jan 2026 21:05:32 INFO  [Epoch 9] Val Results: OrderedDict([('ndcg@5', 0.01588800735771656), ('ndcg@10', 0.020987818017601967), ('recall@5', 0.024504762142896652), ('recall@10', 0.04037919640541077), ('n_visited_items', 12101.0009765625)])
Wed 14 Jan 2026 21:05:32 INFO  [Epoch 9] Saved model checkpoint to ckpt/genrec_default-main.py_--category=Beauty_--model=GRQ_--context_fusion_weight=4.0_--use_gradient_update=True-Jan-14-2026_21-02-ef3268.pth
Wed 14 Jan 2026 21:05:41 INFO  [Epoch 10] Train Loss: 5.127986402794866
Wed 14 Jan 2026 21:05:41 INFO  [Epoch 10] Training Time: 9.3770s
Wed 14 Jan 2026 21:05:43 INFO  [Epoch 10] Eval Time: 2.1018s
Wed 14 Jan 2026 21:05:43 INFO  [Epoch 10] Val Results: OrderedDict([('ndcg@5', 0.017722057178616524), ('ndcg@10', 0.023978181183338165), ('recall@5', 0.027903232723474503), ('recall@10', 0.04731028899550438), ('n_visited_items', 12101.0009765625)])
Wed 14 Jan 2026 21:05:43 INFO  [Epoch 10] Saved model checkpoint to ckpt/genrec_default-main.py_--category=Beauty_--model=GRQ_--context_fusion_weight=4.0_--use_gradient_update=True-Jan-14-2026_21-02-ef3268.pth
Wed 14 Jan 2026 21:05:53 INFO  [Epoch 11] Train Loss: 5.0912183865462195
Wed 14 Jan 2026 21:05:53 INFO  [Epoch 11] Training Time: 9.3771s
Wed 14 Jan 2026 21:05:55 INFO  [Epoch 11] Eval Time: 2.1016s
Wed 14 Jan 2026 21:05:55 INFO  [Epoch 11] Val Results: OrderedDict([('ndcg@5', 0.0213096234947443), ('ndcg@10', 0.027281370013952255), ('recall@5', 0.03380583971738815), ('recall@10', 0.052407994866371155), ('n_visited_items', 12101.0009765625)])
Wed 14 Jan 2026 21:05:55 INFO  [Epoch 11] Saved model checkpoint to ckpt/genrec_default-main.py_--category=Beauty_--model=GRQ_--context_fusion_weight=4.0_--use_gradient_update=True-Jan-14-2026_21-02-ef3268.pth
Wed 14 Jan 2026 21:06:04 INFO  [Epoch 12] Train Loss: 5.0598365670383565
Wed 14 Jan 2026 21:06:04 INFO  [Epoch 12] Training Time: 9.3742s
Wed 14 Jan 2026 21:06:06 INFO  [Epoch 12] Eval Time: 2.0975s
Wed 14 Jan 2026 21:06:06 INFO  [Epoch 12] Val Results: OrderedDict([('ndcg@5', 0.026317914947867393), ('ndcg@10', 0.033131279051303864), ('recall@5', 0.04024504870176315), ('recall@10', 0.06148548796772957), ('n_visited_items', 12101.0009765625)])
Wed 14 Jan 2026 21:06:06 INFO  [Epoch 12] Saved model checkpoint to ckpt/genrec_default-main.py_--category=Beauty_--model=GRQ_--context_fusion_weight=4.0_--use_gradient_update=True-Jan-14-2026_21-02-ef3268.pth
Wed 14 Jan 2026 21:06:16 INFO  [Epoch 13] Train Loss: 5.034656812648962
Wed 14 Jan 2026 21:06:16 INFO  [Epoch 13] Training Time: 9.3761s
Wed 14 Jan 2026 21:06:18 INFO  [Epoch 13] Eval Time: 2.0936s
Wed 14 Jan 2026 21:06:18 INFO  [Epoch 13] Val Results: OrderedDict([('ndcg@5', 0.027224496006965637), ('ndcg@10', 0.034611739218235016), ('recall@5', 0.04315163567662239), ('recall@10', 0.06613602489233017), ('n_visited_items', 12101.0009765625)])
Wed 14 Jan 2026 21:06:18 INFO  [Epoch 13] Saved model checkpoint to ckpt/genrec_default-main.py_--category=Beauty_--model=GRQ_--context_fusion_weight=4.0_--use_gradient_update=True-Jan-14-2026_21-02-ef3268.pth
Wed 14 Jan 2026 21:06:27 INFO  [Epoch 14] Train Loss: 5.006576495595498
Wed 14 Jan 2026 21:06:27 INFO  [Epoch 14] Training Time: 9.3713s
Wed 14 Jan 2026 21:06:29 INFO  [Epoch 14] Eval Time: 2.0940s
Wed 14 Jan 2026 21:06:29 INFO  [Epoch 14] Val Results: OrderedDict([('ndcg@5', 0.029761599376797676), ('ndcg@10', 0.03683367371559143), ('recall@5', 0.04547690227627754), ('recall@10', 0.06743281334638596), ('n_visited_items', 12101.0009765625)])
Wed 14 Jan 2026 21:06:29 INFO  [Epoch 14] Saved model checkpoint to ckpt/genrec_default-main.py_--category=Beauty_--model=GRQ_--context_fusion_weight=4.0_--use_gradient_update=True-Jan-14-2026_21-02-ef3268.pth
Wed 14 Jan 2026 21:06:39 INFO  [Epoch 15] Train Loss: 4.985995226567335
Wed 14 Jan 2026 21:06:39 INFO  [Epoch 15] Training Time: 9.3757s
Wed 14 Jan 2026 21:06:41 INFO  [Epoch 15] Eval Time: 2.0940s
Wed 14 Jan 2026 21:06:41 INFO  [Epoch 15] Val Results: OrderedDict([('ndcg@5', 0.031014593318104744), ('ndcg@10', 0.03933904692530632), ('recall@5', 0.04744444042444229), ('recall@10', 0.07329070568084717), ('n_visited_items', 12101.0009765625)])
Wed 14 Jan 2026 21:06:41 INFO  [Epoch 15] Saved model checkpoint to ckpt/genrec_default-main.py_--category=Beauty_--model=GRQ_--context_fusion_weight=4.0_--use_gradient_update=True-Jan-14-2026_21-02-ef3268.pth
Wed 14 Jan 2026 21:06:50 INFO  [Epoch 16] Train Loss: 4.963421972671358
Wed 14 Jan 2026 21:06:50 INFO  [Epoch 16] Training Time: 9.3701s
Wed 14 Jan 2026 21:06:52 INFO  [Epoch 16] Eval Time: 2.0918s
Wed 14 Jan 2026 21:06:52 INFO  [Epoch 16] Val Results: OrderedDict([('ndcg@5', 0.03205448016524315), ('ndcg@10', 0.04035969823598862), ('recall@5', 0.04905424267053604), ('recall@10', 0.07476635277271271), ('n_visited_items', 12101.0009765625)])
Wed 14 Jan 2026 21:06:52 INFO  [Epoch 16] Saved model checkpoint to ckpt/genrec_default-main.py_--category=Beauty_--model=GRQ_--context_fusion_weight=4.0_--use_gradient_update=True-Jan-14-2026_21-02-ef3268.pth
Wed 14 Jan 2026 21:07:02 INFO  [Epoch 17] Train Loss: 4.944506361933038
Wed 14 Jan 2026 21:07:02 INFO  [Epoch 17] Training Time: 9.3749s
Wed 14 Jan 2026 21:07:04 INFO  [Epoch 17] Eval Time: 2.0968s
Wed 14 Jan 2026 21:07:04 INFO  [Epoch 17] Val Results: OrderedDict([('ndcg@5', 0.034248486161231995), ('ndcg@10', 0.04235122725367546), ('recall@5', 0.051334794610738754), ('recall@10', 0.07655502110719681), ('n_visited_items', 12101.0009765625)])
Wed 14 Jan 2026 21:07:04 INFO  [Epoch 17] Saved model checkpoint to ckpt/genrec_default-main.py_--category=Beauty_--model=GRQ_--context_fusion_weight=4.0_--use_gradient_update=True-Jan-14-2026_21-02-ef3268.pth
Wed 14 Jan 2026 21:07:13 INFO  [Epoch 18] Train Loss: 4.927815881105933
Wed 14 Jan 2026 21:07:13 INFO  [Epoch 18] Training Time: 9.4707s
Wed 14 Jan 2026 21:07:15 INFO  [Epoch 18] Eval Time: 2.0948s
Wed 14 Jan 2026 21:07:15 INFO  [Epoch 18] Val Results: OrderedDict([('ndcg@5', 0.0349920317530632), ('ndcg@10', 0.04376243054866791), ('recall@5', 0.053302329033613205), ('recall@10', 0.08066896349191666), ('n_visited_items', 12101.0009765625)])
Wed 14 Jan 2026 21:07:15 INFO  [Epoch 18] Saved model checkpoint to ckpt/genrec_default-main.py_--category=Beauty_--model=GRQ_--context_fusion_weight=4.0_--use_gradient_update=True-Jan-14-2026_21-02-ef3268.pth
Wed 14 Jan 2026 21:07:25 INFO  [Epoch 19] Train Loss: 4.912990220702521
Wed 14 Jan 2026 21:07:25 INFO  [Epoch 19] Training Time: 9.3727s
Wed 14 Jan 2026 21:07:27 INFO  [Epoch 19] Eval Time: 2.0926s
Wed 14 Jan 2026 21:07:27 INFO  [Epoch 19] Val Results: OrderedDict([('ndcg@5', 0.03810705617070198), ('ndcg@10', 0.04720296338200569), ('recall@5', 0.056164201349020004), ('recall@10', 0.08455931395292282), ('n_visited_items', 12101.0009765625)])
Wed 14 Jan 2026 21:07:27 INFO  [Epoch 19] Saved model checkpoint to ckpt/genrec_default-main.py_--category=Beauty_--model=GRQ_--context_fusion_weight=4.0_--use_gradient_update=True-Jan-14-2026_21-02-ef3268.pth
Wed 14 Jan 2026 21:07:36 INFO  [Epoch 20] Train Loss: 4.895177147176006
Wed 14 Jan 2026 21:07:36 INFO  [Epoch 20] Training Time: 9.3765s
Wed 14 Jan 2026 21:07:38 INFO  [Epoch 20] Eval Time: 2.0901s
Wed 14 Jan 2026 21:07:38 INFO  [Epoch 20] Val Results: OrderedDict([('ndcg@5', 0.0375555157661438), ('ndcg@10', 0.046773284673690796), ('recall@5', 0.056521933525800705), ('recall@10', 0.08523006737232208), ('n_visited_items', 12101.0009765625)])
Wed 14 Jan 2026 21:07:48 INFO  [Epoch 21] Train Loss: 4.881497874118314
Wed 14 Jan 2026 21:07:48 INFO  [Epoch 21] Training Time: 9.3718s
Wed 14 Jan 2026 21:07:50 INFO  [Epoch 21] Eval Time: 2.0920s
Wed 14 Jan 2026 21:07:50 INFO  [Epoch 21] Val Results: OrderedDict([('ndcg@5', 0.038126472383737564), ('ndcg@10', 0.04727841541171074), ('recall@5', 0.05629834905266762), ('recall@10', 0.08482761681079865), ('n_visited_items', 12101.0009765625)])
Wed 14 Jan 2026 21:07:50 INFO  [Epoch 21] Saved model checkpoint to ckpt/genrec_default-main.py_--category=Beauty_--model=GRQ_--context_fusion_weight=4.0_--use_gradient_update=True-Jan-14-2026_21-02-ef3268.pth
Wed 14 Jan 2026 21:07:59 INFO  [Epoch 22] Train Loss: 4.865710135733727
Wed 14 Jan 2026 21:07:59 INFO  [Epoch 22] Training Time: 9.3783s
Wed 14 Jan 2026 21:08:01 INFO  [Epoch 22] Eval Time: 2.0945s
Wed 14 Jan 2026 21:08:01 INFO  [Epoch 22] Val Results: OrderedDict([('ndcg@5', 0.03976256400346756), ('ndcg@10', 0.04908562824130058), ('recall@5', 0.05857890099287033), ('recall@10', 0.08755533397197723), ('n_visited_items', 12101.0009765625)])
Wed 14 Jan 2026 21:08:01 INFO  [Epoch 22] Saved model checkpoint to ckpt/genrec_default-main.py_--category=Beauty_--model=GRQ_--context_fusion_weight=4.0_--use_gradient_update=True-Jan-14-2026_21-02-ef3268.pth
Wed 14 Jan 2026 21:08:11 INFO  [Epoch 23] Train Loss: 4.851483576368578
Wed 14 Jan 2026 21:08:11 INFO  [Epoch 23] Training Time: 9.3793s
Wed 14 Jan 2026 21:08:13 INFO  [Epoch 23] Eval Time: 2.0934s
Wed 14 Jan 2026 21:08:13 INFO  [Epoch 23] Val Results: OrderedDict([('ndcg@5', 0.04124956578016281), ('ndcg@10', 0.050424784421920776), ('recall@5', 0.06103832274675369), ('recall@10', 0.08961230516433716), ('n_visited_items', 12101.0009765625)])
Wed 14 Jan 2026 21:08:13 INFO  [Epoch 23] Saved model checkpoint to ckpt/genrec_default-main.py_--category=Beauty_--model=GRQ_--context_fusion_weight=4.0_--use_gradient_update=True-Jan-14-2026_21-02-ef3268.pth
Wed 14 Jan 2026 21:08:22 INFO  [Epoch 24] Train Loss: 4.839812137112759
Wed 14 Jan 2026 21:08:22 INFO  [Epoch 24] Training Time: 9.3767s
Wed 14 Jan 2026 21:08:24 INFO  [Epoch 24] Eval Time: 2.0954s
Wed 14 Jan 2026 21:08:24 INFO  [Epoch 24] Val Results: OrderedDict([('ndcg@5', 0.04217798262834549), ('ndcg@10', 0.05162564292550087), ('recall@5', 0.061709072440862656), ('recall@10', 0.0910879597067833), ('n_visited_items', 12101.0009765625)])
Wed 14 Jan 2026 21:08:24 INFO  [Epoch 24] Saved model checkpoint to ckpt/genrec_default-main.py_--category=Beauty_--model=GRQ_--context_fusion_weight=4.0_--use_gradient_update=True-Jan-14-2026_21-02-ef3268.pth
Wed 14 Jan 2026 21:08:34 INFO  [Epoch 25] Train Loss: 4.825238860479676
Wed 14 Jan 2026 21:08:34 INFO  [Epoch 25] Training Time: 9.3801s
Wed 14 Jan 2026 21:08:36 INFO  [Epoch 25] Eval Time: 2.0922s
Wed 14 Jan 2026 21:08:36 INFO  [Epoch 25] Val Results: OrderedDict([('ndcg@5', 0.04223976284265518), ('ndcg@10', 0.052093710750341415), ('recall@5', 0.06273755431175232), ('recall@10', 0.09341322630643845), ('n_visited_items', 12101.0009765625)])
Wed 14 Jan 2026 21:08:36 INFO  [Epoch 25] Saved model checkpoint to ckpt/genrec_default-main.py_--category=Beauty_--model=GRQ_--context_fusion_weight=4.0_--use_gradient_update=True-Jan-14-2026_21-02-ef3268.pth
Wed 14 Jan 2026 21:08:45 INFO  [Epoch 26] Train Loss: 4.811251645040985
Wed 14 Jan 2026 21:08:45 INFO  [Epoch 26] Training Time: 9.3791s
Wed 14 Jan 2026 21:08:47 INFO  [Epoch 26] Eval Time: 2.0932s
Wed 14 Jan 2026 21:08:47 INFO  [Epoch 26] Val Results: OrderedDict([('ndcg@5', 0.04250682145357132), ('ndcg@10', 0.05246601998806), ('recall@5', 0.062424540519714355), ('recall@10', 0.09327907860279083), ('n_visited_items', 12101.0009765625)])
Wed 14 Jan 2026 21:08:47 INFO  [Epoch 26] Saved model checkpoint to ckpt/genrec_default-main.py_--category=Beauty_--model=GRQ_--context_fusion_weight=4.0_--use_gradient_update=True-Jan-14-2026_21-02-ef3268.pth
Wed 14 Jan 2026 21:08:57 INFO  [Epoch 27] Train Loss: 4.802002807654957
Wed 14 Jan 2026 21:08:57 INFO  [Epoch 27] Training Time: 9.3781s
Wed 14 Jan 2026 21:08:59 INFO  [Epoch 27] Eval Time: 2.0923s
Wed 14 Jan 2026 21:08:59 INFO  [Epoch 27] Val Results: OrderedDict([('ndcg@5', 0.043303485959768295), ('ndcg@10', 0.05289074033498764), ('recall@5', 0.06340830773115158), ('recall@10', 0.0932343602180481), ('n_visited_items', 12101.0009765625)])
Wed 14 Jan 2026 21:08:59 INFO  [Epoch 27] Saved model checkpoint to ckpt/genrec_default-main.py_--category=Beauty_--model=GRQ_--context_fusion_weight=4.0_--use_gradient_update=True-Jan-14-2026_21-02-ef3268.pth
Wed 14 Jan 2026 21:09:08 INFO  [Epoch 28] Train Loss: 4.786180916399059
Wed 14 Jan 2026 21:09:08 INFO  [Epoch 28] Training Time: 9.3798s
Wed 14 Jan 2026 21:09:10 INFO  [Epoch 28] Eval Time: 2.0953s
Wed 14 Jan 2026 21:09:10 INFO  [Epoch 28] Val Results: OrderedDict([('ndcg@5', 0.043201595544815063), ('ndcg@10', 0.0534847229719162), ('recall@5', 0.06336358934640884), ('recall@10', 0.09524661302566528), ('n_visited_items', 12101.0009765625)])
Wed 14 Jan 2026 21:09:10 INFO  [Epoch 28] Saved model checkpoint to ckpt/genrec_default-main.py_--category=Beauty_--model=GRQ_--context_fusion_weight=4.0_--use_gradient_update=True-Jan-14-2026_21-02-ef3268.pth
Wed 14 Jan 2026 21:09:20 INFO  [Epoch 29] Train Loss: 4.77466894376396
Wed 14 Jan 2026 21:09:20 INFO  [Epoch 29] Training Time: 9.3812s
Wed 14 Jan 2026 21:09:22 INFO  [Epoch 29] Eval Time: 2.0974s
Wed 14 Jan 2026 21:09:22 INFO  [Epoch 29] Val Results: OrderedDict([('ndcg@5', 0.0446501187980175), ('ndcg@10', 0.05501401051878929), ('recall@5', 0.06568886339664459), ('recall@10', 0.09801904857158661), ('n_visited_items', 12101.0009765625)])
Wed 14 Jan 2026 21:09:22 INFO  [Epoch 29] Saved model checkpoint to ckpt/genrec_default-main.py_--category=Beauty_--model=GRQ_--context_fusion_weight=4.0_--use_gradient_update=True-Jan-14-2026_21-02-ef3268.pth
Wed 14 Jan 2026 21:09:31 INFO  [Epoch 30] Train Loss: 4.760158666289679
Wed 14 Jan 2026 21:09:31 INFO  [Epoch 30] Training Time: 9.3835s
Wed 14 Jan 2026 21:09:33 INFO  [Epoch 30] Eval Time: 2.0944s
Wed 14 Jan 2026 21:09:33 INFO  [Epoch 30] Val Results: OrderedDict([('ndcg@5', 0.04575885087251663), ('ndcg@10', 0.056470755487680435), ('recall@5', 0.06738809496164322), ('recall@10', 0.10070205479860306), ('n_visited_items', 12101.0009765625)])
Wed 14 Jan 2026 21:09:33 INFO  [Epoch 30] Saved model checkpoint to ckpt/genrec_default-main.py_--category=Beauty_--model=GRQ_--context_fusion_weight=4.0_--use_gradient_update=True-Jan-14-2026_21-02-ef3268.pth
Wed 14 Jan 2026 21:09:43 INFO  [Epoch 31] Train Loss: 4.746464663212842
Wed 14 Jan 2026 21:09:43 INFO  [Epoch 31] Training Time: 9.4746s
Wed 14 Jan 2026 21:09:45 INFO  [Epoch 31] Eval Time: 2.0940s
Wed 14 Jan 2026 21:09:45 INFO  [Epoch 31] Val Results: OrderedDict([('ndcg@5', 0.04613649100065231), ('ndcg@10', 0.05619611591100693), ('recall@5', 0.06756696105003357), ('recall@10', 0.09877923130989075), ('n_visited_items', 12101.0009765625)])
Wed 14 Jan 2026 21:09:54 INFO  [Epoch 32] Train Loss: 4.736508227811001
Wed 14 Jan 2026 21:09:54 INFO  [Epoch 32] Training Time: 9.3751s
Wed 14 Jan 2026 21:09:56 INFO  [Epoch 32] Eval Time: 2.0932s
Wed 14 Jan 2026 21:09:56 INFO  [Epoch 32] Val Results: OrderedDict([('ndcg@5', 0.04625215381383896), ('ndcg@10', 0.05729386582970619), ('recall@5', 0.06814827769994736), ('recall@10', 0.10231185704469681), ('n_visited_items', 12101.0009765625)])
Wed 14 Jan 2026 21:09:56 INFO  [Epoch 32] Saved model checkpoint to ckpt/genrec_default-main.py_--category=Beauty_--model=GRQ_--context_fusion_weight=4.0_--use_gradient_update=True-Jan-14-2026_21-02-ef3268.pth
Wed 14 Jan 2026 21:10:06 INFO  [Epoch 33] Train Loss: 4.721914423574315
Wed 14 Jan 2026 21:10:06 INFO  [Epoch 33] Training Time: 9.3833s
Wed 14 Jan 2026 21:10:08 INFO  [Epoch 33] Eval Time: 2.0974s
Wed 14 Jan 2026 21:10:08 INFO  [Epoch 33] Val Results: OrderedDict([('ndcg@5', 0.0474364273250103), ('ndcg@10', 0.057669803500175476), ('recall@5', 0.06948978453874588), ('recall@10', 0.10114921629428864), ('n_visited_items', 12101.0009765625)])
Wed 14 Jan 2026 21:10:08 INFO  [Epoch 33] Saved model checkpoint to ckpt/genrec_default-main.py_--category=Beauty_--model=GRQ_--context_fusion_weight=4.0_--use_gradient_update=True-Jan-14-2026_21-02-ef3268.pth
Wed 14 Jan 2026 21:10:17 INFO  [Epoch 34] Train Loss: 4.708810400254656
Wed 14 Jan 2026 21:10:17 INFO  [Epoch 34] Training Time: 9.3838s
Wed 14 Jan 2026 21:10:19 INFO  [Epoch 34] Eval Time: 2.0974s
Wed 14 Jan 2026 21:10:19 INFO  [Epoch 34] Val Results: OrderedDict([('ndcg@5', 0.04689325764775276), ('ndcg@10', 0.0574401393532753), ('recall@5', 0.0683271512389183), ('recall@10', 0.10105978697538376), ('n_visited_items', 12101.0009765625)])
Wed 14 Jan 2026 21:10:29 INFO  [Epoch 35] Train Loss: 4.694662103558531
Wed 14 Jan 2026 21:10:29 INFO  [Epoch 35] Training Time: 9.3780s
Wed 14 Jan 2026 21:10:31 INFO  [Epoch 35] Eval Time: 2.0929s
Wed 14 Jan 2026 21:10:31 INFO  [Epoch 35] Val Results: OrderedDict([('ndcg@5', 0.047020718455314636), ('ndcg@10', 0.05789744853973389), ('recall@5', 0.06881903111934662), ('recall@10', 0.10266958922147751), ('n_visited_items', 12101.0009765625)])
Wed 14 Jan 2026 21:10:31 INFO  [Epoch 35] Saved model checkpoint to ckpt/genrec_default-main.py_--category=Beauty_--model=GRQ_--context_fusion_weight=4.0_--use_gradient_update=True-Jan-14-2026_21-02-ef3268.pth
Wed 14 Jan 2026 21:10:40 INFO  [Epoch 36] Train Loss: 4.680072529481189
Wed 14 Jan 2026 21:10:40 INFO  [Epoch 36] Training Time: 9.3818s
Wed 14 Jan 2026 21:10:42 INFO  [Epoch 36] Eval Time: 2.0967s
Wed 14 Jan 2026 21:10:42 INFO  [Epoch 36] Val Results: OrderedDict([('ndcg@5', 0.04768240079283714), ('ndcg@10', 0.05838160589337349), ('recall@5', 0.06948978453874588), ('recall@10', 0.10284845530986786), ('n_visited_items', 12101.0009765625)])
Wed 14 Jan 2026 21:10:42 INFO  [Epoch 36] Saved model checkpoint to ckpt/genrec_default-main.py_--category=Beauty_--model=GRQ_--context_fusion_weight=4.0_--use_gradient_update=True-Jan-14-2026_21-02-ef3268.pth
Wed 14 Jan 2026 21:10:52 INFO  [Epoch 37] Train Loss: 4.665673756363368
Wed 14 Jan 2026 21:10:52 INFO  [Epoch 37] Training Time: 9.3822s
Wed 14 Jan 2026 21:10:54 INFO  [Epoch 37] Eval Time: 2.0936s
Wed 14 Jan 2026 21:10:54 INFO  [Epoch 37] Val Results: OrderedDict([('ndcg@5', 0.049236979335546494), ('ndcg@10', 0.05995509400963783), ('recall@5', 0.07181505113840103), ('recall@10', 0.1050395742058754), ('n_visited_items', 12101.0009765625)])
Wed 14 Jan 2026 21:10:54 INFO  [Epoch 37] Saved model checkpoint to ckpt/genrec_default-main.py_--category=Beauty_--model=GRQ_--context_fusion_weight=4.0_--use_gradient_update=True-Jan-14-2026_21-02-ef3268.pth
Wed 14 Jan 2026 21:11:03 INFO  [Epoch 38] Train Loss: 4.6511876937186365
Wed 14 Jan 2026 21:11:03 INFO  [Epoch 38] Training Time: 9.3773s
Wed 14 Jan 2026 21:11:05 INFO  [Epoch 38] Eval Time: 2.0943s
Wed 14 Jan 2026 21:11:05 INFO  [Epoch 38] Val Results: OrderedDict([('ndcg@5', 0.05056915059685707), ('ndcg@10', 0.06072671338915825), ('recall@5', 0.0732012689113617), ('recall@10', 0.10472656041383743), ('n_visited_items', 12101.0009765625)])
Wed 14 Jan 2026 21:11:05 INFO  [Epoch 38] Saved model checkpoint to ckpt/genrec_default-main.py_--category=Beauty_--model=GRQ_--context_fusion_weight=4.0_--use_gradient_update=True-Jan-14-2026_21-02-ef3268.pth
Wed 14 Jan 2026 21:11:15 INFO  [Epoch 39] Train Loss: 4.638590397221027
Wed 14 Jan 2026 21:11:15 INFO  [Epoch 39] Training Time: 9.3811s
Wed 14 Jan 2026 21:11:17 INFO  [Epoch 39] Eval Time: 2.0938s
Wed 14 Jan 2026 21:11:17 INFO  [Epoch 39] Val Results: OrderedDict([('ndcg@5', 0.05032602697610855), ('ndcg@10', 0.061152178794145584), ('recall@5', 0.07306712120771408), ('recall@10', 0.10651522874832153), ('n_visited_items', 12101.0009765625)])
Wed 14 Jan 2026 21:11:17 INFO  [Epoch 39] Saved model checkpoint to ckpt/genrec_default-main.py_--category=Beauty_--model=GRQ_--context_fusion_weight=4.0_--use_gradient_update=True-Jan-14-2026_21-02-ef3268.pth
Wed 14 Jan 2026 21:11:26 INFO  [Epoch 40] Train Loss: 4.624546608122269
Wed 14 Jan 2026 21:11:26 INFO  [Epoch 40] Training Time: 9.3785s
Wed 14 Jan 2026 21:11:28 INFO  [Epoch 40] Eval Time: 2.0930s
Wed 14 Jan 2026 21:11:28 INFO  [Epoch 40] Val Results: OrderedDict([('ndcg@5', 0.049577031284570694), ('ndcg@10', 0.06012332811951637), ('recall@5', 0.07212807238101959), ('recall@10', 0.10486070811748505), ('n_visited_items', 12101.0009765625)])
Wed 14 Jan 2026 21:11:38 INFO  [Epoch 41] Train Loss: 4.60802150480818
Wed 14 Jan 2026 21:11:38 INFO  [Epoch 41] Training Time: 9.3801s
Wed 14 Jan 2026 21:11:40 INFO  [Epoch 41] Eval Time: 2.0949s
Wed 14 Jan 2026 21:11:40 INFO  [Epoch 41] Val Results: OrderedDict([('ndcg@5', 0.05079566687345505), ('ndcg@10', 0.06022930517792702), ('recall@5', 0.07400617003440857), ('recall@10', 0.10334034264087677), ('n_visited_items', 12101.0009765625)])
Wed 14 Jan 2026 21:11:49 INFO  [Epoch 42] Train Loss: 4.59590493098344
Wed 14 Jan 2026 21:11:49 INFO  [Epoch 42] Training Time: 9.3829s
Wed 14 Jan 2026 21:11:51 INFO  [Epoch 42] Eval Time: 2.0978s
Wed 14 Jan 2026 21:11:51 INFO  [Epoch 42] Val Results: OrderedDict([('ndcg@5', 0.050942178815603256), ('ndcg@10', 0.06100412830710411), ('recall@5', 0.07360371947288513), ('recall@10', 0.10486070811748505), ('n_visited_items', 12101.0009765625)])
Wed 14 Jan 2026 21:12:01 INFO  [Epoch 43] Train Loss: 4.5811978519553005
Wed 14 Jan 2026 21:12:01 INFO  [Epoch 43] Training Time: 9.3867s
Wed 14 Jan 2026 21:12:03 INFO  [Epoch 43] Eval Time: 2.1931s
Wed 14 Jan 2026 21:12:03 INFO  [Epoch 43] Val Results: OrderedDict([('ndcg@5', 0.0520387664437294), ('ndcg@10', 0.06191694736480713), ('recall@5', 0.07521352171897888), ('recall@10', 0.10579975694417953), ('n_visited_items', 12101.0009765625)])
Wed 14 Jan 2026 21:12:03 INFO  [Epoch 43] Saved model checkpoint to ckpt/genrec_default-main.py_--category=Beauty_--model=GRQ_--context_fusion_weight=4.0_--use_gradient_update=True-Jan-14-2026_21-02-ef3268.pth
Wed 14 Jan 2026 21:12:12 INFO  [Epoch 44] Train Loss: 4.567160899096196
Wed 14 Jan 2026 21:12:12 INFO  [Epoch 44] Training Time: 9.3838s
Wed 14 Jan 2026 21:12:14 INFO  [Epoch 44] Eval Time: 2.0929s
Wed 14 Jan 2026 21:12:14 INFO  [Epoch 44] Val Results: OrderedDict([('ndcg@5', 0.0519394688308239), ('ndcg@10', 0.0627623125910759), ('recall@5', 0.07472164183855057), ('recall@10', 0.10830389708280563), ('n_visited_items', 12101.0009765625)])
Wed 14 Jan 2026 21:12:15 INFO  [Epoch 44] Saved model checkpoint to ckpt/genrec_default-main.py_--category=Beauty_--model=GRQ_--context_fusion_weight=4.0_--use_gradient_update=True-Jan-14-2026_21-02-ef3268.pth
Wed 14 Jan 2026 21:12:24 INFO  [Epoch 45] Train Loss: 4.550497555496669
Wed 14 Jan 2026 21:12:24 INFO  [Epoch 45] Training Time: 9.3813s
Wed 14 Jan 2026 21:12:26 INFO  [Epoch 45] Eval Time: 2.0907s
Wed 14 Jan 2026 21:12:26 INFO  [Epoch 45] Val Results: OrderedDict([('ndcg@5', 0.053684692829847336), ('ndcg@10', 0.06376748532056808), ('recall@5', 0.07789652794599533), ('recall@10', 0.10919822752475739), ('n_visited_items', 12101.0009765625)])
Wed 14 Jan 2026 21:12:26 INFO  [Epoch 45] Saved model checkpoint to ckpt/genrec_default-main.py_--category=Beauty_--model=GRQ_--context_fusion_weight=4.0_--use_gradient_update=True-Jan-14-2026_21-02-ef3268.pth
Wed 14 Jan 2026 21:12:35 INFO  [Epoch 46] Train Loss: 4.536898579927954
Wed 14 Jan 2026 21:12:35 INFO  [Epoch 46] Training Time: 9.3816s
Wed 14 Jan 2026 21:12:38 INFO  [Epoch 46] Eval Time: 2.0915s
Wed 14 Jan 2026 21:12:38 INFO  [Epoch 46] Val Results: OrderedDict([('ndcg@5', 0.052747856825590134), ('ndcg@10', 0.06328173726797104), ('recall@5', 0.07673388719558716), ('recall@10', 0.10951124876737595), ('n_visited_items', 12101.0009765625)])
Wed 14 Jan 2026 21:12:47 INFO  [Epoch 47] Train Loss: 4.52170460767085
Wed 14 Jan 2026 21:12:47 INFO  [Epoch 47] Training Time: 9.3866s
Wed 14 Jan 2026 21:12:49 INFO  [Epoch 47] Eval Time: 2.0929s
Wed 14 Jan 2026 21:12:49 INFO  [Epoch 47] Val Results: OrderedDict([('ndcg@5', 0.053828492760658264), ('ndcg@10', 0.06452227383852005), ('recall@5', 0.0772704929113388), ('recall@10', 0.11036086082458496), ('n_visited_items', 12101.0009765625)])
Wed 14 Jan 2026 21:12:49 INFO  [Epoch 47] Saved model checkpoint to ckpt/genrec_default-main.py_--category=Beauty_--model=GRQ_--context_fusion_weight=4.0_--use_gradient_update=True-Jan-14-2026_21-02-ef3268.pth
Wed 14 Jan 2026 21:12:58 INFO  [Epoch 48] Train Loss: 4.504034915772995
Wed 14 Jan 2026 21:12:58 INFO  [Epoch 48] Training Time: 9.3838s
Wed 14 Jan 2026 21:13:01 INFO  [Epoch 48] Eval Time: 2.0913s
Wed 14 Jan 2026 21:13:01 INFO  [Epoch 48] Val Results: OrderedDict([('ndcg@5', 0.05360111594200134), ('ndcg@10', 0.06393663585186005), ('recall@5', 0.07704690843820572), ('recall@10', 0.10919822752475739), ('n_visited_items', 12101.0009765625)])
Wed 14 Jan 2026 21:13:10 INFO  [Epoch 49] Train Loss: 4.4901710689657985
Wed 14 Jan 2026 21:13:10 INFO  [Epoch 49] Training Time: 9.3805s
Wed 14 Jan 2026 21:13:12 INFO  [Epoch 49] Eval Time: 2.0969s
Wed 14 Jan 2026 21:13:12 INFO  [Epoch 49] Val Results: OrderedDict([('ndcg@5', 0.0528043694794178), ('ndcg@10', 0.06318148970603943), ('recall@5', 0.07610785961151123), ('recall@10', 0.10821446031332016), ('n_visited_items', 12101.0009765625)])
Wed 14 Jan 2026 21:13:21 INFO  [Epoch 50] Train Loss: 4.479304738564067
Wed 14 Jan 2026 21:13:21 INFO  [Epoch 50] Training Time: 9.3778s
Wed 14 Jan 2026 21:13:23 INFO  [Epoch 50] Eval Time: 2.1001s
Wed 14 Jan 2026 21:13:23 INFO  [Epoch 50] Val Results: OrderedDict([('ndcg@5', 0.05386679247021675), ('ndcg@10', 0.0639958530664444), ('recall@5', 0.07700219005346298), ('recall@10', 0.10843804478645325), ('n_visited_items', 12101.0009765625)])
Wed 14 Jan 2026 21:13:33 INFO  [Epoch 51] Train Loss: 4.462835401591688
Wed 14 Jan 2026 21:13:33 INFO  [Epoch 51] Training Time: 9.3797s
Wed 14 Jan 2026 21:13:35 INFO  [Epoch 51] Eval Time: 2.0898s
Wed 14 Jan 2026 21:13:35 INFO  [Epoch 51] Val Results: OrderedDict([('ndcg@5', 0.05383588373661041), ('ndcg@10', 0.06408507376909256), ('recall@5', 0.07740464061498642), ('recall@10', 0.1093323826789856), ('n_visited_items', 12101.0009765625)])
Wed 14 Jan 2026 21:13:44 INFO  [Epoch 52] Train Loss: 4.450171989969688
Wed 14 Jan 2026 21:13:44 INFO  [Epoch 52] Training Time: 9.3768s
Wed 14 Jan 2026 21:13:46 INFO  [Epoch 52] Eval Time: 2.0978s
Wed 14 Jan 2026 21:13:46 INFO  [Epoch 52] Val Results: OrderedDict([('ndcg@5', 0.05462205037474632), ('ndcg@10', 0.06423677504062653), ('recall@5', 0.07843312621116638), ('recall@10', 0.10821446031332016), ('n_visited_items', 12101.0009765625)])
Wed 14 Jan 2026 21:13:56 INFO  [Epoch 53] Train Loss: 4.432910258227055
Wed 14 Jan 2026 21:13:56 INFO  [Epoch 53] Training Time: 9.3795s
Wed 14 Jan 2026 21:13:58 INFO  [Epoch 53] Eval Time: 2.0907s
Wed 14 Jan 2026 21:13:58 INFO  [Epoch 53] Val Results: OrderedDict([('ndcg@5', 0.053671810775995255), ('ndcg@10', 0.06407512724399567), ('recall@5', 0.07695747166872025), ('recall@10', 0.10924294590950012), ('n_visited_items', 12101.0009765625)])
Wed 14 Jan 2026 21:14:07 INFO  [Epoch 54] Train Loss: 4.417712617628645
Wed 14 Jan 2026 21:14:07 INFO  [Epoch 54] Training Time: 9.3802s
Wed 14 Jan 2026 21:14:09 INFO  [Epoch 54] Eval Time: 2.0926s
Wed 14 Jan 2026 21:14:09 INFO  [Epoch 54] Val Results: OrderedDict([('ndcg@5', 0.05529915541410446), ('ndcg@10', 0.06519146263599396), ('recall@5', 0.0787014290690422), ('recall@10', 0.10951124876737595), ('n_visited_items', 12101.0009765625)])
Wed 14 Jan 2026 21:14:09 INFO  [Epoch 54] Saved model checkpoint to ckpt/genrec_default-main.py_--category=Beauty_--model=GRQ_--context_fusion_weight=4.0_--use_gradient_update=True-Jan-14-2026_21-02-ef3268.pth
Wed 14 Jan 2026 21:14:19 INFO  [Epoch 55] Train Loss: 4.4055544126151815
Wed 14 Jan 2026 21:14:19 INFO  [Epoch 55] Training Time: 9.3840s
Wed 14 Jan 2026 21:14:21 INFO  [Epoch 55] Eval Time: 2.0909s
Wed 14 Jan 2026 21:14:21 INFO  [Epoch 55] Val Results: OrderedDict([('ndcg@5', 0.05433664470911026), ('ndcg@10', 0.06475228071212769), ('recall@5', 0.07776237279176712), ('recall@10', 0.11013728380203247), ('n_visited_items', 12101.0009765625)])
Wed 14 Jan 2026 21:14:30 INFO  [Epoch 56] Train Loss: 4.388915373547243
Wed 14 Jan 2026 21:14:30 INFO  [Epoch 56] Training Time: 9.3782s
Wed 14 Jan 2026 21:14:32 INFO  [Epoch 56] Eval Time: 2.0890s
Wed 14 Jan 2026 21:14:32 INFO  [Epoch 56] Val Results: OrderedDict([('ndcg@5', 0.054183054715394974), ('ndcg@10', 0.0638776421546936), ('recall@5', 0.07731521129608154), ('recall@10', 0.10749899595975876), ('n_visited_items', 12101.0009765625)])
Wed 14 Jan 2026 21:14:42 INFO  [Epoch 57] Train Loss: 4.376937710412658
Wed 14 Jan 2026 21:14:42 INFO  [Epoch 57] Training Time: 9.4728s
Wed 14 Jan 2026 21:14:44 INFO  [Epoch 57] Eval Time: 2.1219s
Wed 14 Jan 2026 21:14:44 INFO  [Epoch 57] Val Results: OrderedDict([('ndcg@5', 0.05515872314572334), ('ndcg@10', 0.06519845873117447), ('recall@5', 0.07946161180734634), ('recall@10', 0.11080802977085114), ('n_visited_items', 12101.0009765625)])
Wed 14 Jan 2026 21:14:44 INFO  [Epoch 57] Saved model checkpoint to ckpt/genrec_default-main.py_--category=Beauty_--model=GRQ_--context_fusion_weight=4.0_--use_gradient_update=True-Jan-14-2026_21-02-ef3268.pth
Wed 14 Jan 2026 21:14:53 INFO  [Epoch 58] Train Loss: 4.363705196002923
Wed 14 Jan 2026 21:14:53 INFO  [Epoch 58] Training Time: 9.3798s
Wed 14 Jan 2026 21:14:55 INFO  [Epoch 58] Eval Time: 2.0902s
Wed 14 Jan 2026 21:14:55 INFO  [Epoch 58] Val Results: OrderedDict([('ndcg@5', 0.0544244609773159), ('ndcg@10', 0.06447675079107285), ('recall@5', 0.07861199229955673), ('recall@10', 0.10977954417467117), ('n_visited_items', 12101.0009765625)])
Wed 14 Jan 2026 21:15:05 INFO  [Epoch 59] Train Loss: 4.352194403657819
Wed 14 Jan 2026 21:15:05 INFO  [Epoch 59] Training Time: 9.3788s
Wed 14 Jan 2026 21:15:07 INFO  [Epoch 59] Eval Time: 2.0896s
Wed 14 Jan 2026 21:15:07 INFO  [Epoch 59] Val Results: OrderedDict([('ndcg@5', 0.05541008710861206), ('ndcg@10', 0.06542530655860901), ('recall@5', 0.08004292845726013), ('recall@10', 0.11125519871711731), ('n_visited_items', 12101.0009765625)])
Wed 14 Jan 2026 21:15:07 INFO  [Epoch 59] Saved model checkpoint to ckpt/genrec_default-main.py_--category=Beauty_--model=GRQ_--context_fusion_weight=4.0_--use_gradient_update=True-Jan-14-2026_21-02-ef3268.pth
Wed 14 Jan 2026 21:15:16 INFO  [Epoch 60] Train Loss: 4.332895496104023
Wed 14 Jan 2026 21:15:16 INFO  [Epoch 60] Training Time: 9.3828s
Wed 14 Jan 2026 21:15:18 INFO  [Epoch 60] Eval Time: 2.0940s
Wed 14 Jan 2026 21:15:18 INFO  [Epoch 60] Val Results: OrderedDict([('ndcg@5', 0.05537441372871399), ('ndcg@10', 0.06597716361284256), ('recall@5', 0.07919330894947052), ('recall@10', 0.11206009984016418), ('n_visited_items', 12101.0009765625)])
Wed 14 Jan 2026 21:15:18 INFO  [Epoch 60] Saved model checkpoint to ckpt/genrec_default-main.py_--category=Beauty_--model=GRQ_--context_fusion_weight=4.0_--use_gradient_update=True-Jan-14-2026_21-02-ef3268.pth
Wed 14 Jan 2026 21:15:28 INFO  [Epoch 61] Train Loss: 4.324187580901797
Wed 14 Jan 2026 21:15:28 INFO  [Epoch 61] Training Time: 9.3843s
Wed 14 Jan 2026 21:15:30 INFO  [Epoch 61] Eval Time: 2.0923s
Wed 14 Jan 2026 21:15:30 INFO  [Epoch 61] Val Results: OrderedDict([('ndcg@5', 0.05494055524468422), ('ndcg@10', 0.06568166613578796), ('recall@5', 0.07758350670337677), ('recall@10', 0.11089746654033661), ('n_visited_items', 12101.0009765625)])
Wed 14 Jan 2026 21:15:39 INFO  [Epoch 62] Train Loss: 4.308752300715683
Wed 14 Jan 2026 21:15:39 INFO  [Epoch 62] Training Time: 9.3806s
Wed 14 Jan 2026 21:15:41 INFO  [Epoch 62] Eval Time: 2.0961s
Wed 14 Jan 2026 21:15:41 INFO  [Epoch 62] Val Results: OrderedDict([('ndcg@5', 0.05482856184244156), ('ndcg@10', 0.06503361463546753), ('recall@5', 0.07901444286108017), ('recall@10', 0.11071860045194626), ('n_visited_items', 12101.0009765625)])
Wed 14 Jan 2026 21:15:51 INFO  [Epoch 63] Train Loss: 4.297886229977749
Wed 14 Jan 2026 21:15:51 INFO  [Epoch 63] Training Time: 9.3841s
Wed 14 Jan 2026 21:15:53 INFO  [Epoch 63] Eval Time: 2.0968s
Wed 14 Jan 2026 21:15:53 INFO  [Epoch 63] Val Results: OrderedDict([('ndcg@5', 0.05449846759438515), ('ndcg@10', 0.06476881355047226), ('recall@5', 0.07861199229955673), ('recall@10', 0.11045029759407043), ('n_visited_items', 12101.0009765625)])
Wed 14 Jan 2026 21:16:02 INFO  [Epoch 64] Train Loss: 4.287287523250769
Wed 14 Jan 2026 21:16:02 INFO  [Epoch 64] Training Time: 9.3835s
Wed 14 Jan 2026 21:16:04 INFO  [Epoch 64] Eval Time: 2.0928s
Wed 14 Jan 2026 21:16:04 INFO  [Epoch 64] Val Results: OrderedDict([('ndcg@5', 0.05560893192887306), ('ndcg@10', 0.06564441323280334), ('recall@5', 0.07932746410369873), ('recall@10', 0.11045029759407043), ('n_visited_items', 12101.0009765625)])
Wed 14 Jan 2026 21:16:14 INFO  [Epoch 65] Train Loss: 4.270670239288028
Wed 14 Jan 2026 21:16:14 INFO  [Epoch 65] Training Time: 9.3902s
Wed 14 Jan 2026 21:16:16 INFO  [Epoch 65] Eval Time: 2.0954s
Wed 14 Jan 2026 21:16:16 INFO  [Epoch 65] Val Results: OrderedDict([('ndcg@5', 0.05583000183105469), ('ndcg@10', 0.06601854413747787), ('recall@5', 0.08026651293039322), ('recall@10', 0.11197066307067871), ('n_visited_items', 12101.0009765625)])
Wed 14 Jan 2026 21:16:16 INFO  [Epoch 65] Saved model checkpoint to ckpt/genrec_default-main.py_--category=Beauty_--model=GRQ_--context_fusion_weight=4.0_--use_gradient_update=True-Jan-14-2026_21-02-ef3268.pth
Wed 14 Jan 2026 21:16:25 INFO  [Epoch 66] Train Loss: 4.2605036508918985
Wed 14 Jan 2026 21:16:25 INFO  [Epoch 66] Training Time: 9.3823s
Wed 14 Jan 2026 21:16:27 INFO  [Epoch 66] Eval Time: 2.0966s
Wed 14 Jan 2026 21:16:27 INFO  [Epoch 66] Val Results: OrderedDict([('ndcg@5', 0.05542502924799919), ('ndcg@10', 0.06558477133512497), ('recall@5', 0.07941689342260361), ('recall@10', 0.11103161424398422), ('n_visited_items', 12101.0009765625)])
Wed 14 Jan 2026 21:16:37 INFO  [Epoch 67] Train Loss: 4.248924432414593
Wed 14 Jan 2026 21:16:37 INFO  [Epoch 67] Training Time: 9.3831s
Wed 14 Jan 2026 21:16:39 INFO  [Epoch 67] Eval Time: 2.0961s
Wed 14 Jan 2026 21:16:39 INFO  [Epoch 67] Val Results: OrderedDict([('ndcg@5', 0.05454109609127045), ('ndcg@10', 0.06465151906013489), ('recall@5', 0.07861199229955673), ('recall@10', 0.110047847032547), ('n_visited_items', 12101.0009765625)])
Wed 14 Jan 2026 21:16:48 INFO  [Epoch 68] Train Loss: 4.23700467430719
Wed 14 Jan 2026 21:16:48 INFO  [Epoch 68] Training Time: 9.3809s
Wed 14 Jan 2026 21:16:50 INFO  [Epoch 68] Eval Time: 2.0916s
Wed 14 Jan 2026 21:16:50 INFO  [Epoch 68] Val Results: OrderedDict([('ndcg@5', 0.055267006158828735), ('ndcg@10', 0.06491870433092117), ('recall@5', 0.08017707616090775), ('recall@10', 0.11009256541728973), ('n_visited_items', 12101.0009765625)])
Wed 14 Jan 2026 21:17:00 INFO  [Epoch 69] Train Loss: 4.226171670573772
Wed 14 Jan 2026 21:17:00 INFO  [Epoch 69] Training Time: 9.3801s
Wed 14 Jan 2026 21:17:02 INFO  [Epoch 69] Eval Time: 2.0920s
Wed 14 Jan 2026 21:17:02 INFO  [Epoch 69] Val Results: OrderedDict([('ndcg@5', 0.05503062158823013), ('ndcg@10', 0.06524249911308289), ('recall@5', 0.07932746410369873), ('recall@10', 0.11121048033237457), ('n_visited_items', 12101.0009765625)])
Wed 14 Jan 2026 21:17:11 INFO  [Epoch 70] Train Loss: 4.213962245695662
Wed 14 Jan 2026 21:17:11 INFO  [Epoch 70] Training Time: 9.4769s
Wed 14 Jan 2026 21:17:13 INFO  [Epoch 70] Eval Time: 2.0897s
Wed 14 Jan 2026 21:17:13 INFO  [Epoch 70] Val Results: OrderedDict([('ndcg@5', 0.05483974143862724), ('ndcg@10', 0.0642777755856514), ('recall@5', 0.0787014290690422), ('recall@10', 0.1079014465212822), ('n_visited_items', 12101.0009765625)])
Wed 14 Jan 2026 21:17:23 INFO  [Epoch 71] Train Loss: 4.201931285386038
Wed 14 Jan 2026 21:17:23 INFO  [Epoch 71] Training Time: 9.3810s
Wed 14 Jan 2026 21:17:25 INFO  [Epoch 71] Eval Time: 2.0925s
Wed 14 Jan 2026 21:17:25 INFO  [Epoch 71] Val Results: OrderedDict([('ndcg@5', 0.055650677531957626), ('ndcg@10', 0.06544768810272217), ('recall@5', 0.08017707616090775), ('recall@10', 0.11062916368246078), ('n_visited_items', 12101.0009765625)])
Wed 14 Jan 2026 21:17:34 INFO  [Epoch 72] Train Loss: 4.192165303938459
Wed 14 Jan 2026 21:17:34 INFO  [Epoch 72] Training Time: 9.3812s
Wed 14 Jan 2026 21:17:36 INFO  [Epoch 72] Eval Time: 2.0958s
Wed 14 Jan 2026 21:17:36 INFO  [Epoch 72] Val Results: OrderedDict([('ndcg@5', 0.05504295229911804), ('ndcg@10', 0.06532995402812958), ('recall@5', 0.07896972447633743), ('recall@10', 0.11089746654033661), ('n_visited_items', 12101.0009765625)])
Wed 14 Jan 2026 21:17:46 INFO  [Epoch 73] Train Loss: 4.180033676695116
Wed 14 Jan 2026 21:17:46 INFO  [Epoch 73] Training Time: 9.3848s
Wed 14 Jan 2026 21:17:48 INFO  [Epoch 73] Eval Time: 2.0958s
Wed 14 Jan 2026 21:17:48 INFO  [Epoch 73] Val Results: OrderedDict([('ndcg@5', 0.05498780310153961), ('ndcg@10', 0.06531231105327606), ('recall@5', 0.07883557677268982), ('recall@10', 0.11089746654033661), ('n_visited_items', 12101.0009765625)])
Wed 14 Jan 2026 21:17:57 INFO  [Epoch 74] Train Loss: 4.169510085984032
Wed 14 Jan 2026 21:17:57 INFO  [Epoch 74] Training Time: 9.3821s
Wed 14 Jan 2026 21:17:59 INFO  [Epoch 74] Eval Time: 2.0946s
Wed 14 Jan 2026 21:17:59 INFO  [Epoch 74] Val Results: OrderedDict([('ndcg@5', 0.05525871366262436), ('ndcg@10', 0.06553097069263458), ('recall@5', 0.07883557677268982), ('recall@10', 0.1107633113861084), ('n_visited_items', 12101.0009765625)])
Wed 14 Jan 2026 21:18:09 INFO  [Epoch 75] Train Loss: 4.15735915863868
Wed 14 Jan 2026 21:18:09 INFO  [Epoch 75] Training Time: 9.3834s
Wed 14 Jan 2026 21:18:11 INFO  [Epoch 75] Eval Time: 2.0926s
Wed 14 Jan 2026 21:18:11 INFO  [Epoch 75] Val Results: OrderedDict([('ndcg@5', 0.05577608197927475), ('ndcg@10', 0.06556219607591629), ('recall@5', 0.08080311119556427), ('recall@10', 0.11107633262872696), ('n_visited_items', 12101.0009765625)])
Wed 14 Jan 2026 21:18:20 INFO  [Epoch 76] Train Loss: 4.149985702911226
Wed 14 Jan 2026 21:18:20 INFO  [Epoch 76] Training Time: 9.3814s
Wed 14 Jan 2026 21:18:22 INFO  [Epoch 76] Eval Time: 2.0955s
Wed 14 Jan 2026 21:18:22 INFO  [Epoch 76] Val Results: OrderedDict([('ndcg@5', 0.055205732583999634), ('ndcg@10', 0.06508573889732361), ('recall@5', 0.07959575951099396), ('recall@10', 0.11013728380203247), ('n_visited_items', 12101.0009765625)])
Wed 14 Jan 2026 21:18:32 INFO  [Epoch 77] Train Loss: 4.141761199082478
Wed 14 Jan 2026 21:18:32 INFO  [Epoch 77] Training Time: 9.3818s
Wed 14 Jan 2026 21:18:34 INFO  [Epoch 77] Eval Time: 2.0923s
Wed 14 Jan 2026 21:18:34 INFO  [Epoch 77] Val Results: OrderedDict([('ndcg@5', 0.05463239923119545), ('ndcg@10', 0.06531912088394165), ('recall@5', 0.07798595726490021), ('recall@10', 0.11103161424398422), ('n_visited_items', 12101.0009765625)])
Wed 14 Jan 2026 21:18:43 INFO  [Epoch 78] Train Loss: 4.1312414183475
Wed 14 Jan 2026 21:18:43 INFO  [Epoch 78] Training Time: 9.3836s
Wed 14 Jan 2026 21:18:45 INFO  [Epoch 78] Eval Time: 2.0901s
Wed 14 Jan 2026 21:18:45 INFO  [Epoch 78] Val Results: OrderedDict([('ndcg@5', 0.05480627343058586), ('ndcg@10', 0.06473711133003235), ('recall@5', 0.07865671068429947), ('recall@10', 0.10942181199789047), ('n_visited_items', 12101.0009765625)])
Wed 14 Jan 2026 21:18:55 INFO  [Epoch 79] Train Loss: 4.119157505507516
Wed 14 Jan 2026 21:18:55 INFO  [Epoch 79] Training Time: 9.3833s
Wed 14 Jan 2026 21:18:57 INFO  [Epoch 79] Eval Time: 2.0959s
Wed 14 Jan 2026 21:18:57 INFO  [Epoch 79] Val Results: OrderedDict([('ndcg@5', 0.05476776883006096), ('ndcg@10', 0.06473363935947418), ('recall@5', 0.07847784459590912), ('recall@10', 0.10942181199789047), ('n_visited_items', 12101.0009765625)])
Wed 14 Jan 2026 21:19:06 INFO  [Epoch 80] Train Loss: 4.111479032157671
Wed 14 Jan 2026 21:19:06 INFO  [Epoch 80] Training Time: 9.3804s
Wed 14 Jan 2026 21:19:08 INFO  [Epoch 80] Eval Time: 2.0937s
Wed 14 Jan 2026 21:19:08 INFO  [Epoch 80] Val Results: OrderedDict([('ndcg@5', 0.05505353584885597), ('ndcg@10', 0.06444347649812698), ('recall@5', 0.07955104112625122), ('recall@10', 0.10875105857849121), ('n_visited_items', 12101.0009765625)])
Wed 14 Jan 2026 21:19:18 INFO  [Epoch 81] Train Loss: 4.101060680823751
Wed 14 Jan 2026 21:19:18 INFO  [Epoch 81] Training Time: 9.3836s
Wed 14 Jan 2026 21:19:20 INFO  [Epoch 81] Eval Time: 2.0945s
Wed 14 Jan 2026 21:19:20 INFO  [Epoch 81] Val Results: OrderedDict([('ndcg@5', 0.05535002425312996), ('ndcg@10', 0.06566227227449417), ('recall@5', 0.07910387963056564), ('recall@10', 0.1111210510134697), ('n_visited_items', 12101.0009765625)])
Wed 14 Jan 2026 21:19:29 INFO  [Epoch 82] Train Loss: 4.093227716955808
Wed 14 Jan 2026 21:19:29 INFO  [Epoch 82] Training Time: 9.3787s
Wed 14 Jan 2026 21:19:31 INFO  [Epoch 82] Eval Time: 2.1904s
Wed 14 Jan 2026 21:19:31 INFO  [Epoch 82] Val Results: OrderedDict([('ndcg@5', 0.05515606328845024), ('ndcg@10', 0.06511964648962021), ('recall@5', 0.079282745718956), ('recall@10', 0.11036086082458496), ('n_visited_items', 12101.0009765625)])
Wed 14 Jan 2026 21:19:41 INFO  [Epoch 83] Train Loss: 4.0825571116834585
Wed 14 Jan 2026 21:19:41 INFO  [Epoch 83] Training Time: 9.3801s
Wed 14 Jan 2026 21:19:43 INFO  [Epoch 83] Eval Time: 2.0919s
Wed 14 Jan 2026 21:19:43 INFO  [Epoch 83] Val Results: OrderedDict([('ndcg@5', 0.05570513382554054), ('ndcg@10', 0.065822534263134), ('recall@5', 0.0799982100725174), ('recall@10', 0.11138934642076492), ('n_visited_items', 12101.0009765625)])
Wed 14 Jan 2026 21:19:52 INFO  [Epoch 84] Train Loss: 4.074942076560294
Wed 14 Jan 2026 21:19:52 INFO  [Epoch 84] Training Time: 9.3812s
Wed 14 Jan 2026 21:19:54 INFO  [Epoch 84] Eval Time: 2.0937s
Wed 14 Jan 2026 21:19:54 INFO  [Epoch 84] Val Results: OrderedDict([('ndcg@5', 0.05573068931698799), ('ndcg@10', 0.06511783599853516), ('recall@5', 0.0803559422492981), ('recall@10', 0.10951124876737595), ('n_visited_items', 12101.0009765625)])
Wed 14 Jan 2026 21:20:04 INFO  [Epoch 85] Train Loss: 4.066248213890756
Wed 14 Jan 2026 21:20:04 INFO  [Epoch 85] Training Time: 9.3857s
Wed 14 Jan 2026 21:20:06 INFO  [Epoch 85] Eval Time: 2.0950s
Wed 14 Jan 2026 21:20:06 INFO  [Epoch 85] Val Results: OrderedDict([('ndcg@5', 0.05554046481847763), ('ndcg@10', 0.06610589474439621), ('recall@5', 0.07923802733421326), ('recall@10', 0.1121942475438118), ('n_visited_items', 12101.0009765625)])
Wed 14 Jan 2026 21:20:06 INFO  [Epoch 85] Saved model checkpoint to ckpt/genrec_default-main.py_--category=Beauty_--model=GRQ_--context_fusion_weight=4.0_--use_gradient_update=True-Jan-14-2026_21-02-ef3268.pth
Wed 14 Jan 2026 21:20:15 INFO  [Epoch 86] Train Loss: 4.0570643184208635
Wed 14 Jan 2026 21:20:15 INFO  [Epoch 86] Training Time: 9.3851s
Wed 14 Jan 2026 21:20:17 INFO  [Epoch 86] Eval Time: 2.1261s
Wed 14 Jan 2026 21:20:17 INFO  [Epoch 86] Val Results: OrderedDict([('ndcg@5', 0.05492950230836868), ('ndcg@10', 0.06466493755578995), ('recall@5', 0.07812011241912842), ('recall@10', 0.10839332640171051), ('n_visited_items', 12101.0009765625)])
Wed 14 Jan 2026 21:20:27 INFO  [Epoch 87] Train Loss: 4.050991657936927
Wed 14 Jan 2026 21:20:27 INFO  [Epoch 87] Training Time: 9.3815s
Wed 14 Jan 2026 21:20:29 INFO  [Epoch 87] Eval Time: 2.0919s
Wed 14 Jan 2026 21:20:29 INFO  [Epoch 87] Val Results: OrderedDict([('ndcg@5', 0.05555453151464462), ('ndcg@10', 0.06536012887954712), ('recall@5', 0.07977462559938431), ('recall@10', 0.11022671312093735), ('n_visited_items', 12101.0009765625)])
Wed 14 Jan 2026 21:20:38 INFO  [Epoch 88] Train Loss: 4.041409860743155
Wed 14 Jan 2026 21:20:38 INFO  [Epoch 88] Training Time: 9.3852s
Wed 14 Jan 2026 21:20:40 INFO  [Epoch 88] Eval Time: 2.0956s
Wed 14 Jan 2026 21:20:40 INFO  [Epoch 88] Val Results: OrderedDict([('ndcg@5', 0.05544233322143555), ('ndcg@10', 0.0653359442949295), ('recall@5', 0.07946161180734634), ('recall@10', 0.11018199473619461), ('n_visited_items', 12101.0009765625)])
Wed 14 Jan 2026 21:20:50 INFO  [Epoch 89] Train Loss: 4.032506548532165
Wed 14 Jan 2026 21:20:50 INFO  [Epoch 89] Training Time: 9.3824s
Wed 14 Jan 2026 21:20:52 INFO  [Epoch 89] Eval Time: 2.0949s
Wed 14 Jan 2026 21:20:52 INFO  [Epoch 89] Val Results: OrderedDict([('ndcg@5', 0.056523244827985764), ('ndcg@10', 0.0659918338060379), ('recall@5', 0.08013235777616501), ('recall@10', 0.10942181199789047), ('n_visited_items', 12101.0009765625)])
Wed 14 Jan 2026 21:21:01 INFO  [Epoch 90] Train Loss: 4.029725572850444
Wed 14 Jan 2026 21:21:01 INFO  [Epoch 90] Training Time: 9.3816s
Wed 14 Jan 2026 21:21:03 INFO  [Epoch 90] Eval Time: 2.1018s
Wed 14 Jan 2026 21:21:03 INFO  [Epoch 90] Val Results: OrderedDict([('ndcg@5', 0.056061647832393646), ('ndcg@10', 0.06579665839672089), ('recall@5', 0.08008764684200287), ('recall@10', 0.1104055792093277), ('n_visited_items', 12101.0009765625)])
Wed 14 Jan 2026 21:21:13 INFO  [Epoch 91] Train Loss: 4.019692147132194
Wed 14 Jan 2026 21:21:13 INFO  [Epoch 91] Training Time: 9.3835s
Wed 14 Jan 2026 21:21:15 INFO  [Epoch 91] Eval Time: 2.0941s
Wed 14 Jan 2026 21:21:15 INFO  [Epoch 91] Val Results: OrderedDict([('ndcg@5', 0.055727507919073105), ('ndcg@10', 0.06558017432689667), ('recall@5', 0.07986406236886978), ('recall@10', 0.11045029759407043), ('n_visited_items', 12101.0009765625)])
Wed 14 Jan 2026 21:21:24 INFO  [Epoch 92] Train Loss: 4.01033340822352
Wed 14 Jan 2026 21:21:24 INFO  [Epoch 92] Training Time: 9.3838s
Wed 14 Jan 2026 21:21:26 INFO  [Epoch 92] Eval Time: 2.0939s
Wed 14 Jan 2026 21:21:26 INFO  [Epoch 92] Val Results: OrderedDict([('ndcg@5', 0.05543624237179756), ('ndcg@10', 0.06568851321935654), ('recall@5', 0.07923802733421326), ('recall@10', 0.11098689585924149), ('n_visited_items', 12101.0009765625)])
Wed 14 Jan 2026 21:21:35 INFO  [Epoch 93] Train Loss: 4.004670853662018
Wed 14 Jan 2026 21:21:35 INFO  [Epoch 93] Training Time: 9.3841s
Wed 14 Jan 2026 21:21:38 INFO  [Epoch 93] Eval Time: 2.0965s
Wed 14 Jan 2026 21:21:38 INFO  [Epoch 93] Val Results: OrderedDict([('ndcg@5', 0.05598238483071327), ('ndcg@10', 0.06547912955284119), ('recall@5', 0.08026651293039322), ('recall@10', 0.10986898094415665), ('n_visited_items', 12101.0009765625)])
Wed 14 Jan 2026 21:21:47 INFO  [Epoch 94] Train Loss: 3.99900744457056
Wed 14 Jan 2026 21:21:47 INFO  [Epoch 94] Training Time: 9.3827s
Wed 14 Jan 2026 21:21:49 INFO  [Epoch 94] Eval Time: 2.0898s
Wed 14 Jan 2026 21:21:49 INFO  [Epoch 94] Val Results: OrderedDict([('ndcg@5', 0.05605132877826691), ('ndcg@10', 0.06560404598712921), ('recall@5', 0.07986406236886978), ('recall@10', 0.10955595970153809), ('n_visited_items', 12101.0009765625)])
Wed 14 Jan 2026 21:21:59 INFO  [Epoch 95] Train Loss: 3.988549045997091
Wed 14 Jan 2026 21:21:59 INFO  [Epoch 95] Training Time: 9.4804s
Wed 14 Jan 2026 21:22:01 INFO  [Epoch 95] Eval Time: 2.0944s
Wed 14 Jan 2026 21:22:01 INFO  [Epoch 95] Val Results: OrderedDict([('ndcg@5', 0.055646736174821854), ('ndcg@10', 0.06516146659851074), ('recall@5', 0.07914859056472778), ('recall@10', 0.1086169108748436), ('n_visited_items', 12101.0009765625)])
Wed 14 Jan 2026 21:22:10 INFO  [Epoch 96] Train Loss: 3.982922412381314
Wed 14 Jan 2026 21:22:10 INFO  [Epoch 96] Training Time: 9.3828s
Wed 14 Jan 2026 21:22:12 INFO  [Epoch 96] Eval Time: 2.0952s
Wed 14 Jan 2026 21:22:12 INFO  [Epoch 96] Val Results: OrderedDict([('ndcg@5', 0.05521347373723984), ('ndcg@10', 0.06495483219623566), ('recall@5', 0.0787014290690422), ('recall@10', 0.10901936143636703), ('n_visited_items', 12101.0009765625)])
Wed 14 Jan 2026 21:22:21 INFO  [Epoch 97] Train Loss: 3.975667169778654
Wed 14 Jan 2026 21:22:21 INFO  [Epoch 97] Training Time: 9.3854s
Wed 14 Jan 2026 21:22:24 INFO  [Epoch 97] Eval Time: 2.0962s
Wed 14 Jan 2026 21:22:24 INFO  [Epoch 97] Val Results: OrderedDict([('ndcg@5', 0.05578020587563515), ('ndcg@10', 0.06559906154870987), ('recall@5', 0.07972991466522217), ('recall@10', 0.11031614989042282), ('n_visited_items', 12101.0009765625)])
Wed 14 Jan 2026 21:22:33 INFO  [Epoch 98] Train Loss: 3.970825492745579
Wed 14 Jan 2026 21:22:33 INFO  [Epoch 98] Training Time: 9.3802s
Wed 14 Jan 2026 21:22:35 INFO  [Epoch 98] Eval Time: 2.0950s
Wed 14 Jan 2026 21:22:35 INFO  [Epoch 98] Val Results: OrderedDict([('ndcg@5', 0.05545482784509659), ('ndcg@10', 0.06521687656641006), ('recall@5', 0.07865671068429947), ('recall@10', 0.1089746430516243), ('n_visited_items', 12101.0009765625)])
Wed 14 Jan 2026 21:22:44 INFO  [Epoch 99] Train Loss: 3.9637219292102475
Wed 14 Jan 2026 21:22:44 INFO  [Epoch 99] Training Time: 9.3811s
Wed 14 Jan 2026 21:22:47 INFO  [Epoch 99] Eval Time: 2.0951s
Wed 14 Jan 2026 21:22:47 INFO  [Epoch 99] Val Results: OrderedDict([('ndcg@5', 0.055402547121047974), ('ndcg@10', 0.0650913417339325), ('recall@5', 0.07883557677268982), ('recall@10', 0.10906407982110977), ('n_visited_items', 12101.0009765625)])
Wed 14 Jan 2026 21:22:56 INFO  [Epoch 100] Train Loss: 3.9564215287123576
Wed 14 Jan 2026 21:22:56 INFO  [Epoch 100] Training Time: 9.3835s
Wed 14 Jan 2026 21:22:58 INFO  [Epoch 100] Eval Time: 2.0936s
Wed 14 Jan 2026 21:22:58 INFO  [Epoch 100] Val Results: OrderedDict([('ndcg@5', 0.055244483053684235), ('ndcg@10', 0.06523451954126358), ('recall@5', 0.07937217503786087), ('recall@10', 0.1104055792093277), ('n_visited_items', 12101.0009765625)])
Wed 14 Jan 2026 21:23:07 INFO  [Epoch 101] Train Loss: 3.9452965401186804
Wed 14 Jan 2026 21:23:07 INFO  [Epoch 101] Training Time: 9.3832s
Wed 14 Jan 2026 21:23:10 INFO  [Epoch 101] Eval Time: 2.0953s
Wed 14 Jan 2026 21:23:10 INFO  [Epoch 101] Val Results: OrderedDict([('ndcg@5', 0.05531345307826996), ('ndcg@10', 0.06516227126121521), ('recall@5', 0.07950633019208908), ('recall@10', 0.11009256541728973), ('n_visited_items', 12101.0009765625)])
Wed 14 Jan 2026 21:23:19 INFO  [Epoch 102] Train Loss: 3.940701770310355
Wed 14 Jan 2026 21:23:19 INFO  [Epoch 102] Training Time: 9.3865s
Wed 14 Jan 2026 21:23:21 INFO  [Epoch 102] Eval Time: 2.0969s
Wed 14 Jan 2026 21:23:21 INFO  [Epoch 102] Val Results: OrderedDict([('ndcg@5', 0.055520713329315186), ('ndcg@10', 0.0653155967593193), ('recall@5', 0.07995349168777466), ('recall@10', 0.11049501597881317), ('n_visited_items', 12101.0009765625)])
Wed 14 Jan 2026 21:23:30 INFO  [Epoch 103] Train Loss: 3.9333975905238994
Wed 14 Jan 2026 21:23:30 INFO  [Epoch 103] Training Time: 9.3869s
Wed 14 Jan 2026 21:23:32 INFO  [Epoch 103] Eval Time: 2.0959s
Wed 14 Jan 2026 21:23:32 INFO  [Epoch 103] Val Results: OrderedDict([('ndcg@5', 0.05508387088775635), ('ndcg@10', 0.06509927660226822), ('recall@5', 0.07888029515743256), ('recall@10', 0.10995841026306152), ('n_visited_items', 12101.0009765625)])
Wed 14 Jan 2026 21:23:42 INFO  [Epoch 104] Train Loss: 3.9194633937118075
Wed 14 Jan 2026 21:23:42 INFO  [Epoch 104] Training Time: 9.3831s
Wed 14 Jan 2026 21:23:44 INFO  [Epoch 104] Eval Time: 2.0948s
Wed 14 Jan 2026 21:23:44 INFO  [Epoch 104] Val Results: OrderedDict([('ndcg@5', 0.05633816495537758), ('ndcg@10', 0.06608042120933533), ('recall@5', 0.08022179454565048), ('recall@10', 0.11058444529771805), ('n_visited_items', 12101.0009765625)])
Wed 14 Jan 2026 21:23:53 INFO  [Epoch 105] Train Loss: 3.909408989519176
Wed 14 Jan 2026 21:23:53 INFO  [Epoch 105] Training Time: 9.3806s
Wed 14 Jan 2026 21:23:55 INFO  [Epoch 105] Eval Time: 2.0980s
Wed 14 Jan 2026 21:23:55 INFO  [Epoch 105] Val Results: OrderedDict([('ndcg@5', 0.05604720115661621), ('ndcg@10', 0.06562799960374832), ('recall@5', 0.07981934398412704), ('recall@10', 0.1096901148557663), ('n_visited_items', 12101.0009765625)])
Wed 14 Jan 2026 21:23:55 INFO  Early stopping at epoch 105
Wed 14 Jan 2026 21:23:55 INFO  Best epoch: 85, Best val score: 0.06610589474439621
Wed 14 Jan 2026 21:23:55 INFO  GPU Memory Allocated (Max): 4.1255 GB
Wed 14 Jan 2026 21:23:55 INFO  GPU Memory Reserved (Max): 4.6855 GB
Wed 14 Jan 2026 21:23:56 INFO  Loaded best model checkpoint from ckpt/genrec_default-main.py_--category=Beauty_--model=GRQ_--context_fusion_weight=4.0_--use_gradient_update=True-Jan-14-2026_21-02-ef3268.pth
Wed 14 Jan 2026 21:23:58 INFO  Test Results: OrderedDict([('ndcg@5', 0.04309554025530815), ('ndcg@10', 0.05171253904700279), ('recall@5', 0.060993604362010956), ('recall@10', 0.08773420751094818), ('n_visited_items', 12101.0009765625)])
