Wed 14 Jan 2026 20:22:11 INFO  Device: cuda
Wed 14 Jan 2026 20:22:11 INFO  [DATASET] Amazon Reviews 2014 for category: Sports_and_Outdoors
Wed 14 Jan 2026 20:22:11 INFO  [DATASET] Reviews have been processed...
Wed 14 Jan 2026 20:22:11 INFO  [DATASET] Metadata has been processed...
Wed 14 Jan 2026 20:22:11 INFO  [Dataset] AmazonReviews2014
	Number of users: 35599
	Number of items: 18358
	Number of interactions: 296337
	Average item sequence length: 8.32430686255232
Wed 14 Jan 2026 20:22:13 INFO  [TOKENIZER] Force regenerating GRQ quantization...
Wed 14 Jan 2026 20:22:13 INFO  [TOKENIZER] Applying PCA...
Wed 14 Jan 2026 20:22:13 INFO  [TOKENIZER] Sentence embeddings shape: (18357, 128)
Wed 14 Jan 2026 20:22:13 INFO  [TOKENIZER] Items for training: 18284 of 18357
Wed 14 Jan 2026 20:22:13 INFO  [TOKENIZER] Using GRQ quantization...
Wed 14 Jan 2026 20:22:14 INFO  [TOKENIZER] Training GRQ...
Wed 14 Jan 2026 20:22:25 INFO  Epoch 50/300, Loss: 2.2054, Time: 0.2161s
Wed 14 Jan 2026 20:22:36 INFO  Epoch 100/300, Loss: 1.6512, Time: 0.2134s
Wed 14 Jan 2026 20:22:47 INFO  Epoch 150/300, Loss: 1.8086, Time: 0.2147s
Wed 14 Jan 2026 20:22:59 INFO  Epoch 200/300, Loss: 1.0955, Time: 0.2123s
Wed 14 Jan 2026 20:23:10 INFO  Epoch 250/300, Loss: 0.9322, Time: 0.2180s
Wed 14 Jan 2026 20:23:21 INFO  Epoch 300/300, Loss: 0.7600, Time: 0.3036s
Wed 14 Jan 2026 20:23:21 INFO  [TOKENIZER] Generating codes...
Wed 14 Jan 2026 20:23:21 INFO  [TOKENIZER] Average Training Time per Epoch: 0.2249s
Wed 14 Jan 2026 20:23:21 INFO  [TOKENIZER] GPU Memory (Max): 0.7018 GB
Wed 14 Jan 2026 20:23:50 INFO  GRQ(
  (gpt2): GPT2Model(
    (wte): Embedding(4098, 448)
    (wpe): Embedding(50, 448)
    (drop): Dropout(p=0.5, inplace=False)
    (h): ModuleList(
      (0-1): 2 x GPT2Block(
        (ln_1): LayerNorm((448,), eps=1e-12, elementwise_affine=True)
        (attn): GPT2Attention(
          (c_attn): Conv1D(nf=1344, nx=448)
          (c_proj): Conv1D(nf=448, nx=448)
          (attn_dropout): Dropout(p=0.5, inplace=False)
          (resid_dropout): Dropout(p=0.1, inplace=False)
        )
        (ln_2): LayerNorm((448,), eps=1e-12, elementwise_affine=True)
        (mlp): GPT2MLP(
          (c_fc): Conv1D(nf=1024, nx=448)
          (c_proj): Conv1D(nf=448, nx=1024)
          (act): NewGELUActivation()
          (dropout): Dropout(p=0.1, inplace=False)
        )
      )
    )
    (ln_f): LayerNorm((448,), eps=1e-12, elementwise_affine=True)
  )
  (pred_heads): Sequential(
    (0): ResBlock(
      (linear): Linear(in_features=448, out_features=448, bias=True)
      (act): SiLU()
    )
    (1): ResBlock(
      (linear): Linear(in_features=448, out_features=448, bias=True)
      (act): SiLU()
    )
    (2): ResBlock(
      (linear): Linear(in_features=448, out_features=448, bias=True)
      (act): SiLU()
    )
    (3): ResBlock(
      (linear): Linear(in_features=448, out_features=448, bias=True)
      (act): SiLU()
    )
    (4): ResBlock(
      (linear): Linear(in_features=448, out_features=448, bias=True)
      (act): SiLU()
    )
    (5): ResBlock(
      (linear): Linear(in_features=448, out_features=448, bias=True)
      (act): SiLU()
    )
    (6): ResBlock(
      (linear): Linear(in_features=448, out_features=448, bias=True)
      (act): SiLU()
    )
    (7): ResBlock(
      (linear): Linear(in_features=448, out_features=448, bias=True)
      (act): SiLU()
    )
    (8): ResBlock(
      (linear): Linear(in_features=448, out_features=448, bias=True)
      (act): SiLU()
    )
    (9): ResBlock(
      (linear): Linear(in_features=448, out_features=448, bias=True)
      (act): SiLU()
    )
    (10): ResBlock(
      (linear): Linear(in_features=448, out_features=448, bias=True)
      (act): SiLU()
    )
    (11): ResBlock(
      (linear): Linear(in_features=448, out_features=448, bias=True)
      (act): SiLU()
    )
    (12): ResBlock(
      (linear): Linear(in_features=448, out_features=448, bias=True)
      (act): SiLU()
    )
    (13): ResBlock(
      (linear): Linear(in_features=448, out_features=448, bias=True)
      (act): SiLU()
    )
    (14): ResBlock(
      (linear): Linear(in_features=448, out_features=448, bias=True)
      (act): SiLU()
    )
    (15): ResBlock(
      (linear): Linear(in_features=448, out_features=448, bias=True)
      (act): SiLU()
    )
  )
  (loss_fct): CrossEntropyLoss()
)
Wed 14 Jan 2026 20:23:50 INFO  #Embedding parameters: 1835904
#Non-embedding parameters: 6692480
#Total trainable parameters: 8528384

Wed 14 Jan 2026 20:24:03 INFO  [Epoch 1] Train Loss: 6.080620974710543
Wed 14 Jan 2026 20:24:03 INFO  [Epoch 1] Training Time: 13.7315s
Wed 14 Jan 2026 20:24:07 INFO  [Epoch 1] Eval Time: 3.4073s
Wed 14 Jan 2026 20:24:07 INFO  [Epoch 1] Val Results: OrderedDict([('ndcg@5', 0.0038274743128567934), ('ndcg@10', 0.004589390940964222), ('recall@5', 0.0048598237335681915), ('recall@10', 0.007275689858943224), ('n_visited_items', 18357.0)])
Wed 14 Jan 2026 20:24:07 INFO  [Epoch 1] Saved model checkpoint to ckpt/genrec_default-main.py_--category=Sports_and_Outdoors_--model=GRQ_--context_fusion_weight=7.0-Jan-14-2026_20-22-047f86.pth
Wed 14 Jan 2026 20:24:20 INFO  [Epoch 2] Train Loss: 5.497870997206806
Wed 14 Jan 2026 20:24:20 INFO  [Epoch 2] Training Time: 13.5827s
Wed 14 Jan 2026 20:24:24 INFO  [Epoch 2] Eval Time: 3.4088s
Wed 14 Jan 2026 20:24:24 INFO  [Epoch 2] Val Results: OrderedDict([('ndcg@5', 0.003658610861748457), ('ndcg@10', 0.0043677520006895065), ('recall@5', 0.005477835889905691), ('recall@10', 0.0077251531183719635), ('n_visited_items', 18357.0)])
Wed 14 Jan 2026 20:24:37 INFO  [Epoch 3] Train Loss: 5.488970720604675
Wed 14 Jan 2026 20:24:37 INFO  [Epoch 3] Training Time: 13.5877s
Wed 14 Jan 2026 20:24:41 INFO  [Epoch 3] Eval Time: 3.4037s
Wed 14 Jan 2026 20:24:41 INFO  [Epoch 3] Val Results: OrderedDict([('ndcg@5', 0.0047025675885379314), ('ndcg@10', 0.005463991779834032), ('recall@5', 0.00662958575412631), ('recall@10', 0.008961177431046963), ('n_visited_items', 18357.0)])
Wed 14 Jan 2026 20:24:41 INFO  [Epoch 3] Saved model checkpoint to ckpt/genrec_default-main.py_--category=Sports_and_Outdoors_--model=GRQ_--context_fusion_weight=7.0-Jan-14-2026_20-22-047f86.pth
Wed 14 Jan 2026 20:24:54 INFO  [Epoch 4] Train Loss: 5.485075640351805
Wed 14 Jan 2026 20:24:54 INFO  [Epoch 4] Training Time: 13.5962s
Wed 14 Jan 2026 20:24:58 INFO  [Epoch 4] Eval Time: 3.4050s
Wed 14 Jan 2026 20:24:58 INFO  [Epoch 4] Val Results: OrderedDict([('ndcg@5', 0.0032948320731520653), ('ndcg@10', 0.004684999585151672), ('recall@5', 0.004326085560023785), ('recall@10', 0.00882072001695633), ('n_visited_items', 18357.0)])
Wed 14 Jan 2026 20:25:11 INFO  [Epoch 5] Train Loss: 5.471973278751112
Wed 14 Jan 2026 20:25:11 INFO  [Epoch 5] Training Time: 13.5939s
Wed 14 Jan 2026 20:25:15 INFO  [Epoch 5] Eval Time: 3.4063s
Wed 14 Jan 2026 20:25:15 INFO  [Epoch 5] Val Results: OrderedDict([('ndcg@5', 0.004323889501392841), ('ndcg@10', 0.005664953030645847), ('recall@5', 0.006461037322878838), ('recall@10', 0.010590482503175735), ('n_visited_items', 18357.0)])
Wed 14 Jan 2026 20:25:15 INFO  [Epoch 5] Saved model checkpoint to ckpt/genrec_default-main.py_--category=Sports_and_Outdoors_--model=GRQ_--context_fusion_weight=7.0-Jan-14-2026_20-22-047f86.pth
Wed 14 Jan 2026 20:25:28 INFO  [Epoch 6] Train Loss: 5.408895538277822
Wed 14 Jan 2026 20:25:28 INFO  [Epoch 6] Training Time: 13.5907s
Wed 14 Jan 2026 20:25:32 INFO  [Epoch 6] Eval Time: 3.4041s
Wed 14 Jan 2026 20:25:32 INFO  [Epoch 6] Val Results: OrderedDict([('ndcg@5', 0.006359913852065802), ('ndcg@10', 0.008249776437878609), ('recall@5', 0.009523007087409496), ('recall@10', 0.015366031788289547), ('n_visited_items', 18357.0)])
Wed 14 Jan 2026 20:25:32 INFO  [Epoch 6] Saved model checkpoint to ckpt/genrec_default-main.py_--category=Sports_and_Outdoors_--model=GRQ_--context_fusion_weight=7.0-Jan-14-2026_20-22-047f86.pth
Wed 14 Jan 2026 20:25:45 INFO  [Epoch 7] Train Loss: 5.3661544518928
Wed 14 Jan 2026 20:25:45 INFO  [Epoch 7] Training Time: 13.5978s
Wed 14 Jan 2026 20:25:49 INFO  [Epoch 7] Eval Time: 3.4042s
Wed 14 Jan 2026 20:25:49 INFO  [Epoch 7] Val Results: OrderedDict([('ndcg@5', 0.008162593469023705), ('ndcg@10', 0.010080230422317982), ('recall@5', 0.013231080025434494), ('recall@10', 0.01918647065758705), ('n_visited_items', 18357.0)])
Wed 14 Jan 2026 20:25:49 INFO  [Epoch 7] Saved model checkpoint to ckpt/genrec_default-main.py_--category=Sports_and_Outdoors_--model=GRQ_--context_fusion_weight=7.0-Jan-14-2026_20-22-047f86.pth
Wed 14 Jan 2026 20:26:02 INFO  [Epoch 8] Train Loss: 5.325788671023225
Wed 14 Jan 2026 20:26:02 INFO  [Epoch 8] Training Time: 13.5991s
Wed 14 Jan 2026 20:26:06 INFO  [Epoch 8] Eval Time: 3.4130s
Wed 14 Jan 2026 20:26:06 INFO  [Epoch 8] Val Results: OrderedDict([('ndcg@5', 0.009304782375693321), ('ndcg@10', 0.012071884237229824), ('recall@5', 0.01508511696010828), ('recall@10', 0.02365301363170147), ('n_visited_items', 18357.0)])
Wed 14 Jan 2026 20:26:06 INFO  [Epoch 8] Saved model checkpoint to ckpt/genrec_default-main.py_--category=Sports_and_Outdoors_--model=GRQ_--context_fusion_weight=7.0-Jan-14-2026_20-22-047f86.pth
Wed 14 Jan 2026 20:26:20 INFO  [Epoch 9] Train Loss: 5.291501270581598
Wed 14 Jan 2026 20:26:20 INFO  [Epoch 9] Training Time: 13.5946s
Wed 14 Jan 2026 20:26:23 INFO  [Epoch 9] Eval Time: 3.4192s
Wed 14 Jan 2026 20:26:23 INFO  [Epoch 9] Val Results: OrderedDict([('ndcg@5', 0.011617803014814854), ('ndcg@10', 0.015026719309389591), ('recall@5', 0.018062813207507133), ('recall@10', 0.028625203296542168), ('n_visited_items', 18357.0)])
Wed 14 Jan 2026 20:26:23 INFO  [Epoch 9] Saved model checkpoint to ckpt/genrec_default-main.py_--category=Sports_and_Outdoors_--model=GRQ_--context_fusion_weight=7.0-Jan-14-2026_20-22-047f86.pth
Wed 14 Jan 2026 20:26:37 INFO  [Epoch 10] Train Loss: 5.2700872551904965
Wed 14 Jan 2026 20:26:37 INFO  [Epoch 10] Training Time: 13.7075s
Wed 14 Jan 2026 20:26:40 INFO  [Epoch 10] Eval Time: 3.4010s
Wed 14 Jan 2026 20:26:40 INFO  [Epoch 10] Val Results: OrderedDict([('ndcg@5', 0.012929271906614304), ('ndcg@10', 0.016413062810897827), ('recall@5', 0.019720209762454033), ('recall@10', 0.030591607093811035), ('n_visited_items', 18357.0)])
Wed 14 Jan 2026 20:26:40 INFO  [Epoch 10] Saved model checkpoint to ckpt/genrec_default-main.py_--category=Sports_and_Outdoors_--model=GRQ_--context_fusion_weight=7.0-Jan-14-2026_20-22-047f86.pth
Wed 14 Jan 2026 20:26:54 INFO  [Epoch 11] Train Loss: 5.255081183289828
Wed 14 Jan 2026 20:26:54 INFO  [Epoch 11] Training Time: 13.5986s
Wed 14 Jan 2026 20:26:57 INFO  [Epoch 11] Eval Time: 3.4023s
Wed 14 Jan 2026 20:26:57 INFO  [Epoch 11] Val Results: OrderedDict([('ndcg@5', 0.01273802388459444), ('ndcg@10', 0.01666703075170517), ('recall@5', 0.0199730321764946), ('recall@10', 0.03213663771748543), ('n_visited_items', 18357.0)])
Wed 14 Jan 2026 20:26:57 INFO  [Epoch 11] Saved model checkpoint to ckpt/genrec_default-main.py_--category=Sports_and_Outdoors_--model=GRQ_--context_fusion_weight=7.0-Jan-14-2026_20-22-047f86.pth
Wed 14 Jan 2026 20:27:11 INFO  [Epoch 12] Train Loss: 5.241296846572667
Wed 14 Jan 2026 20:27:11 INFO  [Epoch 12] Training Time: 13.5993s
Wed 14 Jan 2026 20:27:14 INFO  [Epoch 12] Eval Time: 3.3993s
Wed 14 Jan 2026 20:27:14 INFO  [Epoch 12] Val Results: OrderedDict([('ndcg@5', 0.01411216240376234), ('ndcg@10', 0.01824701949954033), ('recall@5', 0.021209057420492172), ('recall@10', 0.034046854823827744), ('n_visited_items', 18357.0)])
Wed 14 Jan 2026 20:27:14 INFO  [Epoch 12] Saved model checkpoint to ckpt/genrec_default-main.py_--category=Sports_and_Outdoors_--model=GRQ_--context_fusion_weight=7.0-Jan-14-2026_20-22-047f86.pth
Wed 14 Jan 2026 20:27:28 INFO  [Epoch 13] Train Loss: 5.226791868471119
Wed 14 Jan 2026 20:27:28 INFO  [Epoch 13] Training Time: 13.5986s
Wed 14 Jan 2026 20:27:31 INFO  [Epoch 13] Eval Time: 3.4044s
Wed 14 Jan 2026 20:27:31 INFO  [Epoch 13] Val Results: OrderedDict([('ndcg@5', 0.014864802360534668), ('ndcg@10', 0.018896905705332756), ('recall@5', 0.023372098803520203), ('recall@10', 0.03587280213832855), ('n_visited_items', 18357.0)])
Wed 14 Jan 2026 20:27:31 INFO  [Epoch 13] Saved model checkpoint to ckpt/genrec_default-main.py_--category=Sports_and_Outdoors_--model=GRQ_--context_fusion_weight=7.0-Jan-14-2026_20-22-047f86.pth
Wed 14 Jan 2026 20:27:45 INFO  [Epoch 14] Train Loss: 5.214860638527021
Wed 14 Jan 2026 20:27:45 INFO  [Epoch 14] Training Time: 13.6020s
Wed 14 Jan 2026 20:27:48 INFO  [Epoch 14] Eval Time: 3.4001s
Wed 14 Jan 2026 20:27:48 INFO  [Epoch 14] Val Results: OrderedDict([('ndcg@5', 0.01606515236198902), ('ndcg@10', 0.02063807286322117), ('recall@5', 0.024860946461558342), ('recall@10', 0.03913141041994095), ('n_visited_items', 18357.0)])
Wed 14 Jan 2026 20:27:48 INFO  [Epoch 14] Saved model checkpoint to ckpt/genrec_default-main.py_--category=Sports_and_Outdoors_--model=GRQ_--context_fusion_weight=7.0-Jan-14-2026_20-22-047f86.pth
Wed 14 Jan 2026 20:28:02 INFO  [Epoch 15] Train Loss: 5.203149922906536
Wed 14 Jan 2026 20:28:02 INFO  [Epoch 15] Training Time: 13.5980s
Wed 14 Jan 2026 20:28:05 INFO  [Epoch 15] Eval Time: 3.3978s
Wed 14 Jan 2026 20:28:05 INFO  [Epoch 15] Val Results: OrderedDict([('ndcg@5', 0.01812787912786007), ('ndcg@10', 0.022472713142633438), ('recall@5', 0.028203831985592842), ('recall@10', 0.041743919253349304), ('n_visited_items', 18357.0)])
Wed 14 Jan 2026 20:28:05 INFO  [Epoch 15] Saved model checkpoint to ckpt/genrec_default-main.py_--category=Sports_and_Outdoors_--model=GRQ_--context_fusion_weight=7.0-Jan-14-2026_20-22-047f86.pth
Wed 14 Jan 2026 20:28:19 INFO  [Epoch 16] Train Loss: 5.192108990394906
Wed 14 Jan 2026 20:28:19 INFO  [Epoch 16] Training Time: 13.5970s
Wed 14 Jan 2026 20:28:22 INFO  [Epoch 16] Eval Time: 3.3993s
Wed 14 Jan 2026 20:28:22 INFO  [Epoch 16] Val Results: OrderedDict([('ndcg@5', 0.018220916390419006), ('ndcg@10', 0.02302028052508831), ('recall@5', 0.02781055122613907), ('recall@10', 0.04272712022066116), ('n_visited_items', 18357.0)])
Wed 14 Jan 2026 20:28:22 INFO  [Epoch 16] Saved model checkpoint to ckpt/genrec_default-main.py_--category=Sports_and_Outdoors_--model=GRQ_--context_fusion_weight=7.0-Jan-14-2026_20-22-047f86.pth
Wed 14 Jan 2026 20:28:36 INFO  [Epoch 17] Train Loss: 5.180797410337893
Wed 14 Jan 2026 20:28:36 INFO  [Epoch 17] Training Time: 13.5993s
Wed 14 Jan 2026 20:28:39 INFO  [Epoch 17] Eval Time: 3.4013s
Wed 14 Jan 2026 20:28:39 INFO  [Epoch 17] Val Results: OrderedDict([('ndcg@5', 0.018743043765425682), ('ndcg@10', 0.023610513657331467), ('recall@5', 0.028540929779410362), ('recall@10', 0.04371032118797302), ('n_visited_items', 18357.0)])
Wed 14 Jan 2026 20:28:39 INFO  [Epoch 17] Saved model checkpoint to ckpt/genrec_default-main.py_--category=Sports_and_Outdoors_--model=GRQ_--context_fusion_weight=7.0-Jan-14-2026_20-22-047f86.pth
Wed 14 Jan 2026 20:28:53 INFO  [Epoch 18] Train Loss: 5.17140316636595
Wed 14 Jan 2026 20:28:53 INFO  [Epoch 18] Training Time: 13.5975s
Wed 14 Jan 2026 20:28:56 INFO  [Epoch 18] Eval Time: 3.3996s
Wed 14 Jan 2026 20:28:56 INFO  [Epoch 18] Val Results: OrderedDict([('ndcg@5', 0.01923319697380066), ('ndcg@10', 0.024222686886787415), ('recall@5', 0.029102759435772896), ('recall@10', 0.04463733732700348), ('n_visited_items', 18357.0)])
Wed 14 Jan 2026 20:28:56 INFO  [Epoch 18] Saved model checkpoint to ckpt/genrec_default-main.py_--category=Sports_and_Outdoors_--model=GRQ_--context_fusion_weight=7.0-Jan-14-2026_20-22-047f86.pth
Wed 14 Jan 2026 20:29:10 INFO  [Epoch 19] Train Loss: 5.161221429093243
Wed 14 Jan 2026 20:29:10 INFO  [Epoch 19] Training Time: 13.7064s
Wed 14 Jan 2026 20:29:13 INFO  [Epoch 19] Eval Time: 3.3978s
Wed 14 Jan 2026 20:29:13 INFO  [Epoch 19] Val Results: OrderedDict([('ndcg@5', 0.020028427243232727), ('ndcg@10', 0.025379808619618416), ('recall@5', 0.030703973025083542), ('recall@10', 0.047418393194675446), ('n_visited_items', 18357.0)])
Wed 14 Jan 2026 20:29:14 INFO  [Epoch 19] Saved model checkpoint to ckpt/genrec_default-main.py_--category=Sports_and_Outdoors_--model=GRQ_--context_fusion_weight=7.0-Jan-14-2026_20-22-047f86.pth
Wed 14 Jan 2026 20:29:27 INFO  [Epoch 20] Train Loss: 5.1526833658349025
Wed 14 Jan 2026 20:29:27 INFO  [Epoch 20] Training Time: 13.6030s
Wed 14 Jan 2026 20:29:31 INFO  [Epoch 20] Eval Time: 3.4012s
Wed 14 Jan 2026 20:29:31 INFO  [Epoch 20] Val Results: OrderedDict([('ndcg@5', 0.02157389558851719), ('ndcg@10', 0.02707560919225216), ('recall@5', 0.03317601978778839), ('recall@10', 0.05033990740776062), ('n_visited_items', 18357.0)])
Wed 14 Jan 2026 20:29:31 INFO  [Epoch 20] Saved model checkpoint to ckpt/genrec_default-main.py_--category=Sports_and_Outdoors_--model=GRQ_--context_fusion_weight=7.0-Jan-14-2026_20-22-047f86.pth
Wed 14 Jan 2026 20:29:44 INFO  [Epoch 21] Train Loss: 5.142972488925881
Wed 14 Jan 2026 20:29:44 INFO  [Epoch 21] Training Time: 13.6026s
Wed 14 Jan 2026 20:29:48 INFO  [Epoch 21] Eval Time: 3.4042s
Wed 14 Jan 2026 20:29:48 INFO  [Epoch 21] Val Results: OrderedDict([('ndcg@5', 0.021301135420799255), ('ndcg@10', 0.026536328718066216), ('recall@5', 0.03261419013142586), ('recall@10', 0.04882296919822693), ('n_visited_items', 18357.0)])
Wed 14 Jan 2026 20:30:01 INFO  [Epoch 22] Train Loss: 5.133691947754115
Wed 14 Jan 2026 20:30:01 INFO  [Epoch 22] Training Time: 13.5988s
Wed 14 Jan 2026 20:30:05 INFO  [Epoch 22] Eval Time: 3.4080s
Wed 14 Jan 2026 20:30:05 INFO  [Epoch 22] Val Results: OrderedDict([('ndcg@5', 0.02234376035630703), ('ndcg@10', 0.02738470770418644), ('recall@5', 0.03418731316924095), ('recall@10', 0.04986235126852989), ('n_visited_items', 18357.0)])
Wed 14 Jan 2026 20:30:05 INFO  [Epoch 22] Saved model checkpoint to ckpt/genrec_default-main.py_--category=Sports_and_Outdoors_--model=GRQ_--context_fusion_weight=7.0-Jan-14-2026_20-22-047f86.pth
Wed 14 Jan 2026 20:30:18 INFO  [Epoch 23] Train Loss: 5.124783780476818
Wed 14 Jan 2026 20:30:18 INFO  [Epoch 23] Training Time: 13.6037s
Wed 14 Jan 2026 20:30:22 INFO  [Epoch 23] Eval Time: 3.4081s
Wed 14 Jan 2026 20:30:22 INFO  [Epoch 23] Val Results: OrderedDict([('ndcg@5', 0.023201758041977882), ('ndcg@10', 0.02897472120821476), ('recall@5', 0.03522669896483421), ('recall@10', 0.05312096327543259), ('n_visited_items', 18357.0)])
Wed 14 Jan 2026 20:30:22 INFO  [Epoch 23] Saved model checkpoint to ckpt/genrec_default-main.py_--category=Sports_and_Outdoors_--model=GRQ_--context_fusion_weight=7.0-Jan-14-2026_20-22-047f86.pth
Wed 14 Jan 2026 20:30:35 INFO  [Epoch 24] Train Loss: 5.115608430888555
Wed 14 Jan 2026 20:30:35 INFO  [Epoch 24] Training Time: 13.6186s
Wed 14 Jan 2026 20:30:39 INFO  [Epoch 24] Eval Time: 3.4111s
Wed 14 Jan 2026 20:30:39 INFO  [Epoch 24] Val Results: OrderedDict([('ndcg@5', 0.023540083318948746), ('ndcg@10', 0.029452571645379066), ('recall@5', 0.035900894552469254), ('recall@10', 0.05432889610528946), ('n_visited_items', 18357.0)])
Wed 14 Jan 2026 20:30:39 INFO  [Epoch 24] Saved model checkpoint to ckpt/genrec_default-main.py_--category=Sports_and_Outdoors_--model=GRQ_--context_fusion_weight=7.0-Jan-14-2026_20-22-047f86.pth
Wed 14 Jan 2026 20:30:52 INFO  [Epoch 25] Train Loss: 5.106603962101349
Wed 14 Jan 2026 20:30:52 INFO  [Epoch 25] Training Time: 13.6006s
Wed 14 Jan 2026 20:30:56 INFO  [Epoch 25] Eval Time: 3.4066s
Wed 14 Jan 2026 20:30:56 INFO  [Epoch 25] Val Results: OrderedDict([('ndcg@5', 0.024306992068886757), ('ndcg@10', 0.029811684042215347), ('recall@5', 0.03682791069149971), ('recall@10', 0.05396370589733124), ('n_visited_items', 18357.0)])
Wed 14 Jan 2026 20:30:56 INFO  [Epoch 25] Saved model checkpoint to ckpt/genrec_default-main.py_--category=Sports_and_Outdoors_--model=GRQ_--context_fusion_weight=7.0-Jan-14-2026_20-22-047f86.pth
Wed 14 Jan 2026 20:31:09 INFO  [Epoch 26] Train Loss: 5.095768967719927
Wed 14 Jan 2026 20:31:09 INFO  [Epoch 26] Training Time: 13.6148s
Wed 14 Jan 2026 20:31:13 INFO  [Epoch 26] Eval Time: 3.4243s
Wed 14 Jan 2026 20:31:13 INFO  [Epoch 26] Val Results: OrderedDict([('ndcg@5', 0.025382408872246742), ('ndcg@10', 0.03149126470088959), ('recall@5', 0.038401033729314804), ('recall@10', 0.05739086493849754), ('n_visited_items', 18357.0)])
Wed 14 Jan 2026 20:31:13 INFO  [Epoch 26] Saved model checkpoint to ckpt/genrec_default-main.py_--category=Sports_and_Outdoors_--model=GRQ_--context_fusion_weight=7.0-Jan-14-2026_20-22-047f86.pth
Wed 14 Jan 2026 20:31:26 INFO  [Epoch 27] Train Loss: 5.088773779673119
Wed 14 Jan 2026 20:31:26 INFO  [Epoch 27] Training Time: 13.6000s
Wed 14 Jan 2026 20:31:30 INFO  [Epoch 27] Eval Time: 3.4031s
Wed 14 Jan 2026 20:31:30 INFO  [Epoch 27] Val Results: OrderedDict([('ndcg@5', 0.025504417717456818), ('ndcg@10', 0.031551994383335114), ('recall@5', 0.037726838141679764), ('recall@10', 0.056576211005449295), ('n_visited_items', 18357.0)])
Wed 14 Jan 2026 20:31:30 INFO  [Epoch 27] Saved model checkpoint to ckpt/genrec_default-main.py_--category=Sports_and_Outdoors_--model=GRQ_--context_fusion_weight=7.0-Jan-14-2026_20-22-047f86.pth
Wed 14 Jan 2026 20:31:44 INFO  [Epoch 28] Train Loss: 5.078556723790626
Wed 14 Jan 2026 20:31:44 INFO  [Epoch 28] Training Time: 13.7102s
Wed 14 Jan 2026 20:31:47 INFO  [Epoch 28] Eval Time: 3.3989s
Wed 14 Jan 2026 20:31:47 INFO  [Epoch 28] Val Results: OrderedDict([('ndcg@5', 0.026448169723153114), ('ndcg@10', 0.03225371986627579), ('recall@5', 0.03915950283408165), ('recall@10', 0.057250406593084335), ('n_visited_items', 18357.0)])
Wed 14 Jan 2026 20:31:47 INFO  [Epoch 28] Saved model checkpoint to ckpt/genrec_default-main.py_--category=Sports_and_Outdoors_--model=GRQ_--context_fusion_weight=7.0-Jan-14-2026_20-22-047f86.pth
Wed 14 Jan 2026 20:32:01 INFO  [Epoch 29] Train Loss: 5.069200283860507
Wed 14 Jan 2026 20:32:01 INFO  [Epoch 29] Training Time: 13.5994s
Wed 14 Jan 2026 20:32:04 INFO  [Epoch 29] Eval Time: 3.3988s
Wed 14 Jan 2026 20:32:04 INFO  [Epoch 29] Val Results: OrderedDict([('ndcg@5', 0.026316750794649124), ('ndcg@10', 0.03252209350466728), ('recall@5', 0.03885049745440483), ('recall@10', 0.05803696811199188), ('n_visited_items', 18357.0)])
Wed 14 Jan 2026 20:32:04 INFO  [Epoch 29] Saved model checkpoint to ckpt/genrec_default-main.py_--category=Sports_and_Outdoors_--model=GRQ_--context_fusion_weight=7.0-Jan-14-2026_20-22-047f86.pth
Wed 14 Jan 2026 20:32:18 INFO  [Epoch 30] Train Loss: 5.058979452472844
Wed 14 Jan 2026 20:32:18 INFO  [Epoch 30] Training Time: 13.5984s
Wed 14 Jan 2026 20:32:21 INFO  [Epoch 30] Eval Time: 3.3965s
Wed 14 Jan 2026 20:32:21 INFO  [Epoch 30] Val Results: OrderedDict([('ndcg@5', 0.02701428160071373), ('ndcg@10', 0.033275507390499115), ('recall@5', 0.04064835235476494), ('recall@10', 0.06017192080616951), ('n_visited_items', 18357.0)])
Wed 14 Jan 2026 20:32:21 INFO  [Epoch 30] Saved model checkpoint to ckpt/genrec_default-main.py_--category=Sports_and_Outdoors_--model=GRQ_--context_fusion_weight=7.0-Jan-14-2026_20-22-047f86.pth
Wed 14 Jan 2026 20:32:35 INFO  [Epoch 31] Train Loss: 5.049646455947667
Wed 14 Jan 2026 20:32:35 INFO  [Epoch 31] Training Time: 13.6016s
Wed 14 Jan 2026 20:32:38 INFO  [Epoch 31] Eval Time: 3.3948s
Wed 14 Jan 2026 20:32:38 INFO  [Epoch 31] Val Results: OrderedDict([('ndcg@5', 0.026946766301989555), ('ndcg@10', 0.03316442668437958), ('recall@5', 0.040564075112342834), ('recall@10', 0.05983482301235199), ('n_visited_items', 18357.0)])
Wed 14 Jan 2026 20:32:52 INFO  [Epoch 32] Train Loss: 5.039604967587615
Wed 14 Jan 2026 20:32:52 INFO  [Epoch 32] Training Time: 13.5984s
Wed 14 Jan 2026 20:32:55 INFO  [Epoch 32] Eval Time: 3.3934s
Wed 14 Jan 2026 20:32:55 INFO  [Epoch 32] Val Results: OrderedDict([('ndcg@5', 0.02842271327972412), ('ndcg@10', 0.03452256694436073), ('recall@5', 0.04182819277048111), ('recall@10', 0.06084611639380455), ('n_visited_items', 18357.0)])
Wed 14 Jan 2026 20:32:55 INFO  [Epoch 32] Saved model checkpoint to ckpt/genrec_default-main.py_--category=Sports_and_Outdoors_--model=GRQ_--context_fusion_weight=7.0-Jan-14-2026_20-22-047f86.pth
Wed 14 Jan 2026 20:33:09 INFO  [Epoch 33] Train Loss: 5.029962631121074
Wed 14 Jan 2026 20:33:09 INFO  [Epoch 33] Training Time: 13.5913s
Wed 14 Jan 2026 20:33:12 INFO  [Epoch 33] Eval Time: 3.4144s
Wed 14 Jan 2026 20:33:12 INFO  [Epoch 33] Val Results: OrderedDict([('ndcg@5', 0.02800988405942917), ('ndcg@10', 0.03442287817597389), ('recall@5', 0.0417158268392086), ('recall@10', 0.0616326741874218), ('n_visited_items', 18357.0)])
Wed 14 Jan 2026 20:33:26 INFO  [Epoch 34] Train Loss: 5.020007012641593
Wed 14 Jan 2026 20:33:26 INFO  [Epoch 34] Training Time: 13.5966s
Wed 14 Jan 2026 20:33:29 INFO  [Epoch 34] Eval Time: 3.3982s
Wed 14 Jan 2026 20:33:29 INFO  [Epoch 34] Val Results: OrderedDict([('ndcg@5', 0.028610631823539734), ('ndcg@10', 0.03514910489320755), ('recall@5', 0.04247429594397545), ('recall@10', 0.06272824108600616), ('n_visited_items', 18357.0)])
Wed 14 Jan 2026 20:33:29 INFO  [Epoch 34] Saved model checkpoint to ckpt/genrec_default-main.py_--category=Sports_and_Outdoors_--model=GRQ_--context_fusion_weight=7.0-Jan-14-2026_20-22-047f86.pth
Wed 14 Jan 2026 20:33:43 INFO  [Epoch 35] Train Loss: 5.010494686152837
Wed 14 Jan 2026 20:33:43 INFO  [Epoch 35] Training Time: 13.6006s
Wed 14 Jan 2026 20:33:46 INFO  [Epoch 35] Eval Time: 3.4035s
Wed 14 Jan 2026 20:33:46 INFO  [Epoch 35] Val Results: OrderedDict([('ndcg@5', 0.02868613786995411), ('ndcg@10', 0.03515296056866646), ('recall@5', 0.04295185208320618), ('recall@10', 0.06312151998281479), ('n_visited_items', 18357.0)])
Wed 14 Jan 2026 20:33:46 INFO  [Epoch 35] Saved model checkpoint to ckpt/genrec_default-main.py_--category=Sports_and_Outdoors_--model=GRQ_--context_fusion_weight=7.0-Jan-14-2026_20-22-047f86.pth
Wed 14 Jan 2026 20:34:00 INFO  [Epoch 36] Train Loss: 4.998631353247656
Wed 14 Jan 2026 20:34:00 INFO  [Epoch 36] Training Time: 13.6009s
Wed 14 Jan 2026 20:34:03 INFO  [Epoch 36] Eval Time: 3.3914s
Wed 14 Jan 2026 20:34:03 INFO  [Epoch 36] Val Results: OrderedDict([('ndcg@5', 0.029503919184207916), ('ndcg@10', 0.03580814599990845), ('recall@5', 0.04348558932542801), ('recall@10', 0.06306534260511398), ('n_visited_items', 18357.0)])
Wed 14 Jan 2026 20:34:03 INFO  [Epoch 36] Saved model checkpoint to ckpt/genrec_default-main.py_--category=Sports_and_Outdoors_--model=GRQ_--context_fusion_weight=7.0-Jan-14-2026_20-22-047f86.pth
Wed 14 Jan 2026 20:34:17 INFO  [Epoch 37] Train Loss: 4.988717849940469
Wed 14 Jan 2026 20:34:17 INFO  [Epoch 37] Training Time: 13.6023s
Wed 14 Jan 2026 20:34:20 INFO  [Epoch 37] Eval Time: 3.5075s
Wed 14 Jan 2026 20:34:20 INFO  [Epoch 37] Val Results: OrderedDict([('ndcg@5', 0.028999637812376022), ('ndcg@10', 0.03545118123292923), ('recall@5', 0.04239002242684364), ('recall@10', 0.06247542053461075), ('n_visited_items', 18357.0)])
Wed 14 Jan 2026 20:34:34 INFO  [Epoch 38] Train Loss: 4.97856439956247
Wed 14 Jan 2026 20:34:34 INFO  [Epoch 38] Training Time: 13.5975s
Wed 14 Jan 2026 20:34:37 INFO  [Epoch 38] Eval Time: 3.3929s
Wed 14 Jan 2026 20:34:37 INFO  [Epoch 38] Val Results: OrderedDict([('ndcg@5', 0.02917095646262169), ('ndcg@10', 0.03612517938017845), ('recall@5', 0.04267093539237976), ('recall@10', 0.06427327543497086), ('n_visited_items', 18357.0)])
Wed 14 Jan 2026 20:34:37 INFO  [Epoch 38] Saved model checkpoint to ckpt/genrec_default-main.py_--category=Sports_and_Outdoors_--model=GRQ_--context_fusion_weight=7.0-Jan-14-2026_20-22-047f86.pth
Wed 14 Jan 2026 20:34:51 INFO  [Epoch 39] Train Loss: 4.967825794873172
Wed 14 Jan 2026 20:34:51 INFO  [Epoch 39] Training Time: 13.5942s
Wed 14 Jan 2026 20:34:54 INFO  [Epoch 39] Eval Time: 3.3970s
Wed 14 Jan 2026 20:34:54 INFO  [Epoch 39] Val Results: OrderedDict([('ndcg@5', 0.029315883293747902), ('ndcg@10', 0.036140721291303635), ('recall@5', 0.04297994449734688), ('recall@10', 0.06421709060668945), ('n_visited_items', 18357.0)])
Wed 14 Jan 2026 20:34:54 INFO  [Epoch 39] Saved model checkpoint to ckpt/genrec_default-main.py_--category=Sports_and_Outdoors_--model=GRQ_--context_fusion_weight=7.0-Jan-14-2026_20-22-047f86.pth
Wed 14 Jan 2026 20:35:08 INFO  [Epoch 40] Train Loss: 4.957001179864962
Wed 14 Jan 2026 20:35:08 INFO  [Epoch 40] Training Time: 13.5947s
Wed 14 Jan 2026 20:35:11 INFO  [Epoch 40] Eval Time: 3.4014s
Wed 14 Jan 2026 20:35:11 INFO  [Epoch 40] Val Results: OrderedDict([('ndcg@5', 0.02937525510787964), ('ndcg@10', 0.03595001995563507), ('recall@5', 0.0432889498770237), ('recall@10', 0.06382381170988083), ('n_visited_items', 18357.0)])
Wed 14 Jan 2026 20:35:25 INFO  [Epoch 41] Train Loss: 4.946045565278562
Wed 14 Jan 2026 20:35:25 INFO  [Epoch 41] Training Time: 13.6019s
Wed 14 Jan 2026 20:35:28 INFO  [Epoch 41] Eval Time: 3.4042s
Wed 14 Jan 2026 20:35:28 INFO  [Epoch 41] Val Results: OrderedDict([('ndcg@5', 0.030022254213690758), ('ndcg@10', 0.036707554012537), ('recall@5', 0.04401932656764984), ('recall@10', 0.06480701267719269), ('n_visited_items', 18357.0)])
Wed 14 Jan 2026 20:35:28 INFO  [Epoch 41] Saved model checkpoint to ckpt/genrec_default-main.py_--category=Sports_and_Outdoors_--model=GRQ_--context_fusion_weight=7.0-Jan-14-2026_20-22-047f86.pth
Wed 14 Jan 2026 20:35:42 INFO  [Epoch 42] Train Loss: 4.9366098593359125
Wed 14 Jan 2026 20:35:42 INFO  [Epoch 42] Training Time: 13.5943s
Wed 14 Jan 2026 20:35:45 INFO  [Epoch 42] Eval Time: 3.3951s
Wed 14 Jan 2026 20:35:45 INFO  [Epoch 42] Val Results: OrderedDict([('ndcg@5', 0.030326712876558304), ('ndcg@10', 0.03707502782344818), ('recall@5', 0.044412609189748764), ('recall@10', 0.06534074991941452), ('n_visited_items', 18357.0)])
Wed 14 Jan 2026 20:35:45 INFO  [Epoch 42] Saved model checkpoint to ckpt/genrec_default-main.py_--category=Sports_and_Outdoors_--model=GRQ_--context_fusion_weight=7.0-Jan-14-2026_20-22-047f86.pth
Wed 14 Jan 2026 20:35:59 INFO  [Epoch 43] Train Loss: 4.925567597559054
Wed 14 Jan 2026 20:35:59 INFO  [Epoch 43] Training Time: 13.6083s
Wed 14 Jan 2026 20:36:02 INFO  [Epoch 43] Eval Time: 3.3958s
Wed 14 Jan 2026 20:36:02 INFO  [Epoch 43] Val Results: OrderedDict([('ndcg@5', 0.030741404742002487), ('ndcg@10', 0.037296123802661896), ('recall@5', 0.04472161456942558), ('recall@10', 0.0650598332285881), ('n_visited_items', 18357.0)])
Wed 14 Jan 2026 20:36:02 INFO  [Epoch 43] Saved model checkpoint to ckpt/genrec_default-main.py_--category=Sports_and_Outdoors_--model=GRQ_--context_fusion_weight=7.0-Jan-14-2026_20-22-047f86.pth
Wed 14 Jan 2026 20:36:16 INFO  [Epoch 44] Train Loss: 4.916056361916947
Wed 14 Jan 2026 20:36:16 INFO  [Epoch 44] Training Time: 13.5996s
Wed 14 Jan 2026 20:36:19 INFO  [Epoch 44] Eval Time: 3.3999s
Wed 14 Jan 2026 20:36:19 INFO  [Epoch 44] Val Results: OrderedDict([('ndcg@5', 0.030299264937639236), ('ndcg@10', 0.03692571073770523), ('recall@5', 0.04435642436146736), ('recall@10', 0.0649474710226059), ('n_visited_items', 18357.0)])
Wed 14 Jan 2026 20:36:33 INFO  [Epoch 45] Train Loss: 4.904672315675918
Wed 14 Jan 2026 20:36:33 INFO  [Epoch 45] Training Time: 13.5966s
Wed 14 Jan 2026 20:36:36 INFO  [Epoch 45] Eval Time: 3.4022s
Wed 14 Jan 2026 20:36:36 INFO  [Epoch 45] Val Results: OrderedDict([('ndcg@5', 0.0302989911288023), ('ndcg@10', 0.03662967309355736), ('recall@5', 0.04452497512102127), ('recall@10', 0.06413281708955765), ('n_visited_items', 18357.0)])
Wed 14 Jan 2026 20:36:50 INFO  [Epoch 46] Train Loss: 4.89440628927048
Wed 14 Jan 2026 20:36:50 INFO  [Epoch 46] Training Time: 13.5959s
Wed 14 Jan 2026 20:36:53 INFO  [Epoch 46] Eval Time: 3.4020s
Wed 14 Jan 2026 20:36:53 INFO  [Epoch 46] Val Results: OrderedDict([('ndcg@5', 0.031008441001176834), ('ndcg@10', 0.03726257383823395), ('recall@5', 0.04514298588037491), ('recall@10', 0.06458228081464767), ('n_visited_items', 18357.0)])
Wed 14 Jan 2026 20:37:07 INFO  [Epoch 47] Train Loss: 4.883180510507871
Wed 14 Jan 2026 20:37:07 INFO  [Epoch 47] Training Time: 13.7013s
Wed 14 Jan 2026 20:37:11 INFO  [Epoch 47] Eval Time: 3.4062s
Wed 14 Jan 2026 20:37:11 INFO  [Epoch 47] Val Results: OrderedDict([('ndcg@5', 0.030934659764170647), ('ndcg@10', 0.03760123625397682), ('recall@5', 0.044890161603689194), ('recall@10', 0.06562166661024094), ('n_visited_items', 18357.0)])
Wed 14 Jan 2026 20:37:11 INFO  [Epoch 47] Saved model checkpoint to ckpt/genrec_default-main.py_--category=Sports_and_Outdoors_--model=GRQ_--context_fusion_weight=7.0-Jan-14-2026_20-22-047f86.pth
Wed 14 Jan 2026 20:37:24 INFO  [Epoch 48] Train Loss: 4.87381893967929
Wed 14 Jan 2026 20:37:24 INFO  [Epoch 48] Training Time: 13.5989s
Wed 14 Jan 2026 20:37:28 INFO  [Epoch 48] Eval Time: 3.3966s
Wed 14 Jan 2026 20:37:28 INFO  [Epoch 48] Val Results: OrderedDict([('ndcg@5', 0.03037334233522415), ('ndcg@10', 0.036734387278556824), ('recall@5', 0.044918254017829895), ('recall@10', 0.06475082784891129), ('n_visited_items', 18357.0)])
Wed 14 Jan 2026 20:37:41 INFO  [Epoch 49] Train Loss: 4.863264560699463
Wed 14 Jan 2026 20:37:41 INFO  [Epoch 49] Training Time: 13.5912s
Wed 14 Jan 2026 20:37:45 INFO  [Epoch 49] Eval Time: 3.3956s
Wed 14 Jan 2026 20:37:45 INFO  [Epoch 49] Val Results: OrderedDict([('ndcg@5', 0.030912717804312706), ('ndcg@10', 0.03754778206348419), ('recall@5', 0.04483398050069809), ('recall@10', 0.06550929695367813), ('n_visited_items', 18357.0)])
Wed 14 Jan 2026 20:37:58 INFO  [Epoch 50] Train Loss: 4.853604813144631
Wed 14 Jan 2026 20:37:58 INFO  [Epoch 50] Training Time: 13.5912s
Wed 14 Jan 2026 20:38:02 INFO  [Epoch 50] Eval Time: 3.3922s
Wed 14 Jan 2026 20:38:02 INFO  [Epoch 50] Val Results: OrderedDict([('ndcg@5', 0.030545320361852646), ('ndcg@10', 0.0371328629553318), ('recall@5', 0.044946346431970596), ('recall@10', 0.06534074991941452), ('n_visited_items', 18357.0)])
Wed 14 Jan 2026 20:38:15 INFO  [Epoch 51] Train Loss: 4.842806832431114
Wed 14 Jan 2026 20:38:15 INFO  [Epoch 51] Training Time: 13.5926s
Wed 14 Jan 2026 20:38:19 INFO  [Epoch 51] Eval Time: 3.3922s
Wed 14 Jan 2026 20:38:19 INFO  [Epoch 51] Val Results: OrderedDict([('ndcg@5', 0.031094975769519806), ('ndcg@10', 0.03791472688317299), ('recall@5', 0.045423898845911026), ('recall@10', 0.0665767714381218), ('n_visited_items', 18357.0)])
Wed 14 Jan 2026 20:38:19 INFO  [Epoch 51] Saved model checkpoint to ckpt/genrec_default-main.py_--category=Sports_and_Outdoors_--model=GRQ_--context_fusion_weight=7.0-Jan-14-2026_20-22-047f86.pth
Wed 14 Jan 2026 20:38:32 INFO  [Epoch 52] Train Loss: 4.833009158095268
Wed 14 Jan 2026 20:38:32 INFO  [Epoch 52] Training Time: 13.5931s
Wed 14 Jan 2026 20:38:36 INFO  [Epoch 52] Eval Time: 3.3938s
Wed 14 Jan 2026 20:38:36 INFO  [Epoch 52] Val Results: OrderedDict([('ndcg@5', 0.0313890315592289), ('ndcg@10', 0.03794732689857483), ('recall@5', 0.04564863070845604), ('recall@10', 0.06601494550704956), ('n_visited_items', 18357.0)])
Wed 14 Jan 2026 20:38:36 INFO  [Epoch 52] Saved model checkpoint to ckpt/genrec_default-main.py_--category=Sports_and_Outdoors_--model=GRQ_--context_fusion_weight=7.0-Jan-14-2026_20-22-047f86.pth
Wed 14 Jan 2026 20:38:49 INFO  [Epoch 53] Train Loss: 4.823099965918554
Wed 14 Jan 2026 20:38:49 INFO  [Epoch 53] Training Time: 13.5960s
Wed 14 Jan 2026 20:38:53 INFO  [Epoch 53] Eval Time: 3.3890s
Wed 14 Jan 2026 20:38:53 INFO  [Epoch 53] Val Results: OrderedDict([('ndcg@5', 0.03127387911081314), ('ndcg@10', 0.03797965496778488), ('recall@5', 0.045564357191324234), ('recall@10', 0.06632395088672638), ('n_visited_items', 18357.0)])
Wed 14 Jan 2026 20:38:53 INFO  [Epoch 53] Saved model checkpoint to ckpt/genrec_default-main.py_--category=Sports_and_Outdoors_--model=GRQ_--context_fusion_weight=7.0-Jan-14-2026_20-22-047f86.pth
Wed 14 Jan 2026 20:39:06 INFO  [Epoch 54] Train Loss: 4.813766636260568
Wed 14 Jan 2026 20:39:06 INFO  [Epoch 54] Training Time: 13.5932s
Wed 14 Jan 2026 20:39:10 INFO  [Epoch 54] Eval Time: 3.3941s
Wed 14 Jan 2026 20:39:10 INFO  [Epoch 54] Val Results: OrderedDict([('ndcg@5', 0.031060023233294487), ('ndcg@10', 0.03783810883760452), ('recall@5', 0.044974435120821), ('recall@10', 0.06595876067876816), ('n_visited_items', 18357.0)])
Wed 14 Jan 2026 20:39:23 INFO  [Epoch 55] Train Loss: 4.804687323635572
Wed 14 Jan 2026 20:39:23 INFO  [Epoch 55] Training Time: 13.5936s
Wed 14 Jan 2026 20:39:27 INFO  [Epoch 55] Eval Time: 3.3907s
Wed 14 Jan 2026 20:39:27 INFO  [Epoch 55] Val Results: OrderedDict([('ndcg@5', 0.03141280636191368), ('ndcg@10', 0.03771108016371727), ('recall@5', 0.04564863070845604), ('recall@10', 0.06531266123056412), ('n_visited_items', 18357.0)])
Wed 14 Jan 2026 20:39:40 INFO  [Epoch 56] Train Loss: 4.794699103864905
Wed 14 Jan 2026 20:39:40 INFO  [Epoch 56] Training Time: 13.7013s
Wed 14 Jan 2026 20:39:44 INFO  [Epoch 56] Eval Time: 3.3914s
Wed 14 Jan 2026 20:39:44 INFO  [Epoch 56] Val Results: OrderedDict([('ndcg@5', 0.031217968091368675), ('ndcg@10', 0.038120899349451065), ('recall@5', 0.04514298588037491), ('recall@10', 0.0666610449552536), ('n_visited_items', 18357.0)])
Wed 14 Jan 2026 20:39:44 INFO  [Epoch 56] Saved model checkpoint to ckpt/genrec_default-main.py_--category=Sports_and_Outdoors_--model=GRQ_--context_fusion_weight=7.0-Jan-14-2026_20-22-047f86.pth
Wed 14 Jan 2026 20:39:57 INFO  [Epoch 57] Train Loss: 4.784118361669044
Wed 14 Jan 2026 20:39:57 INFO  [Epoch 57] Training Time: 13.5902s
Wed 14 Jan 2026 20:40:01 INFO  [Epoch 57] Eval Time: 3.3937s
Wed 14 Jan 2026 20:40:01 INFO  [Epoch 57] Val Results: OrderedDict([('ndcg@5', 0.031460799276828766), ('ndcg@10', 0.03781216964125633), ('recall@5', 0.04584527388215065), ('recall@10', 0.06559357047080994), ('n_visited_items', 18357.0)])
Wed 14 Jan 2026 20:40:14 INFO  [Epoch 58] Train Loss: 4.77502469820519
Wed 14 Jan 2026 20:40:14 INFO  [Epoch 58] Training Time: 13.6172s
Wed 14 Jan 2026 20:40:18 INFO  [Epoch 58] Eval Time: 3.3993s
Wed 14 Jan 2026 20:40:18 INFO  [Epoch 58] Val Results: OrderedDict([('ndcg@5', 0.031242359429597855), ('ndcg@10', 0.0376705639064312), ('recall@5', 0.04536771774291992), ('recall@10', 0.06534074991941452), ('n_visited_items', 18357.0)])
Wed 14 Jan 2026 20:40:31 INFO  [Epoch 59] Train Loss: 4.7663338706917955
Wed 14 Jan 2026 20:40:31 INFO  [Epoch 59] Training Time: 13.6121s
Wed 14 Jan 2026 20:40:35 INFO  [Epoch 59] Eval Time: 3.3937s
Wed 14 Jan 2026 20:40:35 INFO  [Epoch 59] Val Results: OrderedDict([('ndcg@5', 0.03123871423304081), ('ndcg@10', 0.03756926953792572), ('recall@5', 0.04581718146800995), ('recall@10', 0.06553739309310913), ('n_visited_items', 18357.0)])
Wed 14 Jan 2026 20:40:48 INFO  [Epoch 60] Train Loss: 4.757167424241158
Wed 14 Jan 2026 20:40:48 INFO  [Epoch 60] Training Time: 13.5922s
Wed 14 Jan 2026 20:40:52 INFO  [Epoch 60] Eval Time: 3.3991s
Wed 14 Jan 2026 20:40:52 INFO  [Epoch 60] Val Results: OrderedDict([('ndcg@5', 0.031125955283641815), ('ndcg@10', 0.037678901106119156), ('recall@5', 0.04533962532877922), ('recall@10', 0.06573402881622314), ('n_visited_items', 18357.0)])
Wed 14 Jan 2026 20:41:05 INFO  [Epoch 61] Train Loss: 4.747787697674477
Wed 14 Jan 2026 20:41:05 INFO  [Epoch 61] Training Time: 13.5973s
Wed 14 Jan 2026 20:41:09 INFO  [Epoch 61] Eval Time: 3.3990s
Wed 14 Jan 2026 20:41:09 INFO  [Epoch 61] Val Results: OrderedDict([('ndcg@5', 0.03188583627343178), ('ndcg@10', 0.03810891509056091), ('recall@5', 0.04651946574449539), ('recall@10', 0.06593067198991776), ('n_visited_items', 18357.0)])
Wed 14 Jan 2026 20:41:22 INFO  [Epoch 62] Train Loss: 4.738411691090832
Wed 14 Jan 2026 20:41:22 INFO  [Epoch 62] Training Time: 13.5972s
Wed 14 Jan 2026 20:41:26 INFO  [Epoch 62] Eval Time: 3.3954s
Wed 14 Jan 2026 20:41:26 INFO  [Epoch 62] Val Results: OrderedDict([('ndcg@5', 0.03172291815280914), ('ndcg@10', 0.03816180303692818), ('recall@5', 0.045564357191324234), ('recall@10', 0.06562166661024094), ('n_visited_items', 18357.0)])
Wed 14 Jan 2026 20:41:26 INFO  [Epoch 62] Saved model checkpoint to ckpt/genrec_default-main.py_--category=Sports_and_Outdoors_--model=GRQ_--context_fusion_weight=7.0-Jan-14-2026_20-22-047f86.pth
Wed 14 Jan 2026 20:41:39 INFO  [Epoch 63] Train Loss: 4.728998631647189
Wed 14 Jan 2026 20:41:39 INFO  [Epoch 63] Training Time: 13.5987s
Wed 14 Jan 2026 20:41:43 INFO  [Epoch 63] Eval Time: 3.4007s
Wed 14 Jan 2026 20:41:43 INFO  [Epoch 63] Val Results: OrderedDict([('ndcg@5', 0.03150749206542969), ('ndcg@10', 0.037979044020175934), ('recall@5', 0.04581718146800995), ('recall@10', 0.06595876067876816), ('n_visited_items', 18357.0)])
Wed 14 Jan 2026 20:41:56 INFO  [Epoch 64] Train Loss: 4.7224479668760955
Wed 14 Jan 2026 20:41:56 INFO  [Epoch 64] Training Time: 13.5954s
Wed 14 Jan 2026 20:42:00 INFO  [Epoch 64] Eval Time: 3.3984s
Wed 14 Jan 2026 20:42:00 INFO  [Epoch 64] Val Results: OrderedDict([('ndcg@5', 0.031918715685606), ('ndcg@10', 0.038382112979888916), ('recall@5', 0.04607000574469566), ('recall@10', 0.06612730771303177), ('n_visited_items', 18357.0)])
Wed 14 Jan 2026 20:42:00 INFO  [Epoch 64] Saved model checkpoint to ckpt/genrec_default-main.py_--category=Sports_and_Outdoors_--model=GRQ_--context_fusion_weight=7.0-Jan-14-2026_20-22-047f86.pth
Wed 14 Jan 2026 20:42:14 INFO  [Epoch 65] Train Loss: 4.713546272826521
Wed 14 Jan 2026 20:42:14 INFO  [Epoch 65] Training Time: 13.7008s
Wed 14 Jan 2026 20:42:17 INFO  [Epoch 65] Eval Time: 3.3909s
Wed 14 Jan 2026 20:42:17 INFO  [Epoch 65] Val Results: OrderedDict([('ndcg@5', 0.03191721439361572), ('ndcg@10', 0.03825348988175392), ('recall@5', 0.046266645193099976), ('recall@10', 0.06598685681819916), ('n_visited_items', 18357.0)])
Wed 14 Jan 2026 20:42:31 INFO  [Epoch 66] Train Loss: 4.705917760117413
Wed 14 Jan 2026 20:42:31 INFO  [Epoch 66] Training Time: 13.5898s
Wed 14 Jan 2026 20:42:34 INFO  [Epoch 66] Eval Time: 3.3987s
Wed 14 Jan 2026 20:42:34 INFO  [Epoch 66] Val Results: OrderedDict([('ndcg@5', 0.031628094613552094), ('ndcg@10', 0.03785878047347069), ('recall@5', 0.04604191333055496), ('recall@10', 0.06545311212539673), ('n_visited_items', 18357.0)])
Wed 14 Jan 2026 20:42:48 INFO  [Epoch 67] Train Loss: 4.697946571323969
Wed 14 Jan 2026 20:42:48 INFO  [Epoch 67] Training Time: 13.5966s
Wed 14 Jan 2026 20:42:51 INFO  [Epoch 67] Eval Time: 3.4004s
Wed 14 Jan 2026 20:42:51 INFO  [Epoch 67] Val Results: OrderedDict([('ndcg@5', 0.03172571584582329), ('ndcg@10', 0.03769315779209137), ('recall@5', 0.04618236795067787), ('recall@10', 0.06477891653776169), ('n_visited_items', 18357.0)])
Wed 14 Jan 2026 20:43:05 INFO  [Epoch 68] Train Loss: 4.690416633266292
Wed 14 Jan 2026 20:43:05 INFO  [Epoch 68] Training Time: 13.5959s
Wed 14 Jan 2026 20:43:08 INFO  [Epoch 68] Eval Time: 3.4024s
Wed 14 Jan 2026 20:43:08 INFO  [Epoch 68] Val Results: OrderedDict([('ndcg@5', 0.03165718913078308), ('ndcg@10', 0.03774062916636467), ('recall@5', 0.045901454985141754), ('recall@10', 0.06480701267719269), ('n_visited_items', 18357.0)])
Wed 14 Jan 2026 20:43:22 INFO  [Epoch 69] Train Loss: 4.682171174924668
Wed 14 Jan 2026 20:43:22 INFO  [Epoch 69] Training Time: 13.5973s
Wed 14 Jan 2026 20:43:25 INFO  [Epoch 69] Eval Time: 3.3962s
Wed 14 Jan 2026 20:43:25 INFO  [Epoch 69] Val Results: OrderedDict([('ndcg@5', 0.03138387203216553), ('ndcg@10', 0.037707600742578506), ('recall@5', 0.045564357191324234), ('recall@10', 0.06522838026285172), ('n_visited_items', 18357.0)])
Wed 14 Jan 2026 20:43:39 INFO  [Epoch 70] Train Loss: 4.672881224384047
Wed 14 Jan 2026 20:43:39 INFO  [Epoch 70] Training Time: 13.5949s
Wed 14 Jan 2026 20:43:42 INFO  [Epoch 70] Eval Time: 3.3956s
Wed 14 Jan 2026 20:43:42 INFO  [Epoch 70] Val Results: OrderedDict([('ndcg@5', 0.031826432794332504), ('ndcg@10', 0.038329899311065674), ('recall@5', 0.04604191333055496), ('recall@10', 0.06626776605844498), ('n_visited_items', 18357.0)])
Wed 14 Jan 2026 20:43:56 INFO  [Epoch 71] Train Loss: 4.664103338163193
Wed 14 Jan 2026 20:43:56 INFO  [Epoch 71] Training Time: 13.5934s
Wed 14 Jan 2026 20:43:59 INFO  [Epoch 71] Eval Time: 3.3981s
Wed 14 Jan 2026 20:43:59 INFO  [Epoch 71] Val Results: OrderedDict([('ndcg@5', 0.0322931632399559), ('ndcg@10', 0.038469478487968445), ('recall@5', 0.04677229002118111), ('recall@10', 0.06598685681819916), ('n_visited_items', 18357.0)])
Wed 14 Jan 2026 20:43:59 INFO  [Epoch 71] Saved model checkpoint to ckpt/genrec_default-main.py_--category=Sports_and_Outdoors_--model=GRQ_--context_fusion_weight=7.0-Jan-14-2026_20-22-047f86.pth
Wed 14 Jan 2026 20:44:13 INFO  [Epoch 72] Train Loss: 4.653083588979015
Wed 14 Jan 2026 20:44:13 INFO  [Epoch 72] Training Time: 13.5972s
Wed 14 Jan 2026 20:44:16 INFO  [Epoch 72] Eval Time: 3.3977s
Wed 14 Jan 2026 20:44:16 INFO  [Epoch 72] Val Results: OrderedDict([('ndcg@5', 0.03192543610930443), ('ndcg@10', 0.03817684203386307), ('recall@5', 0.04632282629609108), ('recall@10', 0.06567784398794174), ('n_visited_items', 18357.0)])
Wed 14 Jan 2026 20:44:30 INFO  [Epoch 73] Train Loss: 4.645239970455431
Wed 14 Jan 2026 20:44:30 INFO  [Epoch 73] Training Time: 13.5950s
Wed 14 Jan 2026 20:44:33 INFO  [Epoch 73] Eval Time: 3.3998s
Wed 14 Jan 2026 20:44:33 INFO  [Epoch 73] Val Results: OrderedDict([('ndcg@5', 0.03144289180636406), ('ndcg@10', 0.03735066577792168), ('recall@5', 0.046435192227363586), ('recall@10', 0.06477891653776169), ('n_visited_items', 18357.0)])
Wed 14 Jan 2026 20:44:47 INFO  [Epoch 74] Train Loss: 4.636677663620204
Wed 14 Jan 2026 20:44:47 INFO  [Epoch 74] Training Time: 13.7011s
Wed 14 Jan 2026 20:44:50 INFO  [Epoch 74] Eval Time: 3.3929s
Wed 14 Jan 2026 20:44:50 INFO  [Epoch 74] Val Results: OrderedDict([('ndcg@5', 0.031588148325681686), ('ndcg@10', 0.0378677137196064), ('recall@5', 0.04519916698336601), ('recall@10', 0.06475082784891129), ('n_visited_items', 18357.0)])
Wed 14 Jan 2026 20:45:04 INFO  [Epoch 75] Train Loss: 4.628261670674363
Wed 14 Jan 2026 20:45:04 INFO  [Epoch 75] Training Time: 13.5972s
Wed 14 Jan 2026 20:45:07 INFO  [Epoch 75] Eval Time: 3.3870s
Wed 14 Jan 2026 20:45:07 INFO  [Epoch 75] Val Results: OrderedDict([('ndcg@5', 0.0314042903482914), ('ndcg@10', 0.03767898306250572), ('recall@5', 0.045255351811647415), ('recall@10', 0.06477891653776169), ('n_visited_items', 18357.0)])
Wed 14 Jan 2026 20:45:21 INFO  [Epoch 76] Train Loss: 4.618924751673659
Wed 14 Jan 2026 20:45:21 INFO  [Epoch 76] Training Time: 13.5894s
Wed 14 Jan 2026 20:45:24 INFO  [Epoch 76] Eval Time: 3.4010s
Wed 14 Jan 2026 20:45:24 INFO  [Epoch 76] Val Results: OrderedDict([('ndcg@5', 0.03183375298976898), ('ndcg@10', 0.03809517249464989), ('recall@5', 0.04587336257100105), ('recall@10', 0.06531266123056412), ('n_visited_items', 18357.0)])
Wed 14 Jan 2026 20:45:38 INFO  [Epoch 77] Train Loss: 4.610605902867775
Wed 14 Jan 2026 20:45:38 INFO  [Epoch 77] Training Time: 13.5881s
Wed 14 Jan 2026 20:45:41 INFO  [Epoch 77] Eval Time: 3.3967s
Wed 14 Jan 2026 20:45:41 INFO  [Epoch 77] Val Results: OrderedDict([('ndcg@5', 0.03166693449020386), ('ndcg@10', 0.03815608099102974), ('recall@5', 0.04545199126005173), ('recall@10', 0.06570594012737274), ('n_visited_items', 18357.0)])
Wed 14 Jan 2026 20:45:55 INFO  [Epoch 78] Train Loss: 4.6013267399513555
Wed 14 Jan 2026 20:45:55 INFO  [Epoch 78] Training Time: 13.5910s
Wed 14 Jan 2026 20:45:58 INFO  [Epoch 78] Eval Time: 3.3901s
Wed 14 Jan 2026 20:45:58 INFO  [Epoch 78] Val Results: OrderedDict([('ndcg@5', 0.03179265186190605), ('ndcg@10', 0.03839673474431038), ('recall@5', 0.04550817608833313), ('recall@10', 0.06607113033533096), ('n_visited_items', 18357.0)])
Wed 14 Jan 2026 20:46:12 INFO  [Epoch 79] Train Loss: 4.594281696293452
Wed 14 Jan 2026 20:46:12 INFO  [Epoch 79] Training Time: 13.5895s
Wed 14 Jan 2026 20:46:15 INFO  [Epoch 79] Eval Time: 3.3942s
Wed 14 Jan 2026 20:46:15 INFO  [Epoch 79] Val Results: OrderedDict([('ndcg@5', 0.031926970928907394), ('ndcg@10', 0.03827282413840294), ('recall@5', 0.046266645193099976), ('recall@10', 0.06607113033533096), ('n_visited_items', 18357.0)])
Wed 14 Jan 2026 20:46:29 INFO  [Epoch 80] Train Loss: 4.586688623036424
Wed 14 Jan 2026 20:46:29 INFO  [Epoch 80] Training Time: 13.5923s
Wed 14 Jan 2026 20:46:32 INFO  [Epoch 80] Eval Time: 3.3968s
Wed 14 Jan 2026 20:46:32 INFO  [Epoch 80] Val Results: OrderedDict([('ndcg@5', 0.03193617984652519), ('ndcg@10', 0.03803825378417969), ('recall@5', 0.04584527388215065), ('recall@10', 0.06480701267719269), ('n_visited_items', 18357.0)])
Wed 14 Jan 2026 20:46:46 INFO  [Epoch 81] Train Loss: 4.5771268197934925
Wed 14 Jan 2026 20:46:46 INFO  [Epoch 81] Training Time: 13.5904s
Wed 14 Jan 2026 20:46:49 INFO  [Epoch 81] Eval Time: 3.4058s
Wed 14 Jan 2026 20:46:49 INFO  [Epoch 81] Val Results: OrderedDict([('ndcg@5', 0.032012440264225006), ('ndcg@10', 0.037806373089551926), ('recall@5', 0.04573290795087814), ('recall@10', 0.06379571557044983), ('n_visited_items', 18357.0)])
Wed 14 Jan 2026 20:47:03 INFO  [Epoch 82] Train Loss: 4.569577533904821
Wed 14 Jan 2026 20:47:03 INFO  [Epoch 82] Training Time: 13.5875s
Wed 14 Jan 2026 20:47:06 INFO  [Epoch 82] Eval Time: 3.3921s
Wed 14 Jan 2026 20:47:06 INFO  [Epoch 82] Val Results: OrderedDict([('ndcg@5', 0.0318664126098156), ('ndcg@10', 0.038004208356142044), ('recall@5', 0.04621046036481857), ('recall@10', 0.06528456509113312), ('n_visited_items', 18357.0)])
Wed 14 Jan 2026 20:47:20 INFO  [Epoch 83] Train Loss: 4.563038352417619
Wed 14 Jan 2026 20:47:20 INFO  [Epoch 83] Training Time: 13.6955s
Wed 14 Jan 2026 20:47:23 INFO  [Epoch 83] Eval Time: 3.3946s
Wed 14 Jan 2026 20:47:23 INFO  [Epoch 83] Val Results: OrderedDict([('ndcg@5', 0.03169598802924156), ('ndcg@10', 0.03795817494392395), ('recall@5', 0.04581718146800995), ('recall@10', 0.06528456509113312), ('n_visited_items', 18357.0)])
Wed 14 Jan 2026 20:47:37 INFO  [Epoch 84] Train Loss: 4.555056758122902
Wed 14 Jan 2026 20:47:37 INFO  [Epoch 84] Training Time: 13.5927s
Wed 14 Jan 2026 20:47:40 INFO  [Epoch 84] Eval Time: 3.3952s
Wed 14 Jan 2026 20:47:40 INFO  [Epoch 84] Val Results: OrderedDict([('ndcg@5', 0.031791068613529205), ('ndcg@10', 0.03787953779101372), ('recall@5', 0.046098094433546066), ('recall@10', 0.0650317445397377), ('n_visited_items', 18357.0)])
Wed 14 Jan 2026 20:47:54 INFO  [Epoch 85] Train Loss: 4.548761021601011
Wed 14 Jan 2026 20:47:54 INFO  [Epoch 85] Training Time: 13.5882s
Wed 14 Jan 2026 20:47:57 INFO  [Epoch 85] Eval Time: 3.3959s
Wed 14 Jan 2026 20:47:57 INFO  [Epoch 85] Val Results: OrderedDict([('ndcg@5', 0.03172239661216736), ('ndcg@10', 0.03756970167160034), ('recall@5', 0.04567672312259674), ('recall@10', 0.06390808522701263), ('n_visited_items', 18357.0)])
Wed 14 Jan 2026 20:48:11 INFO  [Epoch 86] Train Loss: 4.541598832770569
Wed 14 Jan 2026 20:48:11 INFO  [Epoch 86] Training Time: 13.5995s
Wed 14 Jan 2026 20:48:14 INFO  [Epoch 86] Eval Time: 3.3936s
Wed 14 Jan 2026 20:48:14 INFO  [Epoch 86] Val Results: OrderedDict([('ndcg@5', 0.031252678483724594), ('ndcg@10', 0.03758371248841286), ('recall@5', 0.044749703258275986), ('recall@10', 0.06435754895210266), ('n_visited_items', 18357.0)])
Wed 14 Jan 2026 20:48:28 INFO  [Epoch 87] Train Loss: 4.533826635308461
Wed 14 Jan 2026 20:48:28 INFO  [Epoch 87] Training Time: 13.5941s
Wed 14 Jan 2026 20:48:31 INFO  [Epoch 87] Eval Time: 3.3960s
Wed 14 Jan 2026 20:48:31 INFO  [Epoch 87] Val Results: OrderedDict([('ndcg@5', 0.03186037763953209), ('ndcg@10', 0.03817274421453476), ('recall@5', 0.04584527388215065), ('recall@10', 0.06545311212539673), ('n_visited_items', 18357.0)])
Wed 14 Jan 2026 20:48:45 INFO  [Epoch 88] Train Loss: 4.526509925110699
Wed 14 Jan 2026 20:48:45 INFO  [Epoch 88] Training Time: 13.5911s
Wed 14 Jan 2026 20:48:48 INFO  [Epoch 88] Eval Time: 3.3941s
Wed 14 Jan 2026 20:48:48 INFO  [Epoch 88] Val Results: OrderedDict([('ndcg@5', 0.03187844529747963), ('ndcg@10', 0.03823089227080345), ('recall@5', 0.045929547399282455), ('recall@10', 0.06570594012737274), ('n_visited_items', 18357.0)])
Wed 14 Jan 2026 20:49:02 INFO  [Epoch 89] Train Loss: 4.520309030193172
Wed 14 Jan 2026 20:49:02 INFO  [Epoch 89] Training Time: 13.5878s
Wed 14 Jan 2026 20:49:05 INFO  [Epoch 89] Eval Time: 3.3977s
Wed 14 Jan 2026 20:49:05 INFO  [Epoch 89] Val Results: OrderedDict([('ndcg@5', 0.032102011144161224), ('ndcg@10', 0.03864049166440964), ('recall@5', 0.04621046036481857), ('recall@10', 0.06652059406042099), ('n_visited_items', 18357.0)])
Wed 14 Jan 2026 20:49:05 INFO  [Epoch 89] Saved model checkpoint to ckpt/genrec_default-main.py_--category=Sports_and_Outdoors_--model=GRQ_--context_fusion_weight=7.0-Jan-14-2026_20-22-047f86.pth
Wed 14 Jan 2026 20:49:19 INFO  [Epoch 90] Train Loss: 4.511565188839011
Wed 14 Jan 2026 20:49:19 INFO  [Epoch 90] Training Time: 13.5949s
Wed 14 Jan 2026 20:49:22 INFO  [Epoch 90] Eval Time: 3.4006s
Wed 14 Jan 2026 20:49:22 INFO  [Epoch 90] Val Results: OrderedDict([('ndcg@5', 0.031786222010850906), ('ndcg@10', 0.037989865988492966), ('recall@5', 0.04578908905386925), ('recall@10', 0.06514410674571991), ('n_visited_items', 18357.0)])
Wed 14 Jan 2026 20:49:36 INFO  [Epoch 91] Train Loss: 4.50618774596959
Wed 14 Jan 2026 20:49:36 INFO  [Epoch 91] Training Time: 13.5824s
Wed 14 Jan 2026 20:49:39 INFO  [Epoch 91] Eval Time: 3.4065s
Wed 14 Jan 2026 20:49:39 INFO  [Epoch 91] Val Results: OrderedDict([('ndcg@5', 0.032023269683122635), ('ndcg@10', 0.03805455565452576), ('recall@5', 0.04587336257100105), ('recall@10', 0.06449800729751587), ('n_visited_items', 18357.0)])
Wed 14 Jan 2026 20:49:53 INFO  [Epoch 92] Train Loss: 4.499611524686421
Wed 14 Jan 2026 20:49:53 INFO  [Epoch 92] Training Time: 13.5840s
Wed 14 Jan 2026 20:49:56 INFO  [Epoch 92] Eval Time: 3.5038s
Wed 14 Jan 2026 20:49:56 INFO  [Epoch 92] Val Results: OrderedDict([('ndcg@5', 0.03228508308529854), ('ndcg@10', 0.0384553037583828), ('recall@5', 0.046266645193099976), ('recall@10', 0.06559357047080994), ('n_visited_items', 18357.0)])
Wed 14 Jan 2026 20:50:10 INFO  [Epoch 93] Train Loss: 4.492091407514598
Wed 14 Jan 2026 20:50:10 INFO  [Epoch 93] Training Time: 13.5881s
Wed 14 Jan 2026 20:50:13 INFO  [Epoch 93] Eval Time: 3.3914s
Wed 14 Jan 2026 20:50:13 INFO  [Epoch 93] Val Results: OrderedDict([('ndcg@5', 0.03172789141535759), ('ndcg@10', 0.03804190829396248), ('recall@5', 0.04581718146800995), ('recall@10', 0.06548120826482773), ('n_visited_items', 18357.0)])
Wed 14 Jan 2026 20:50:27 INFO  [Epoch 94] Train Loss: 4.4859287150918625
Wed 14 Jan 2026 20:50:27 INFO  [Epoch 94] Training Time: 13.5872s
Wed 14 Jan 2026 20:50:30 INFO  [Epoch 94] Eval Time: 3.3957s
Wed 14 Jan 2026 20:50:30 INFO  [Epoch 94] Val Results: OrderedDict([('ndcg@5', 0.03178156539797783), ('ndcg@10', 0.03808717802166939), ('recall@5', 0.04570481553673744), ('recall@10', 0.06525647640228271), ('n_visited_items', 18357.0)])
Wed 14 Jan 2026 20:50:44 INFO  [Epoch 95] Train Loss: 4.48045930143905
Wed 14 Jan 2026 20:50:44 INFO  [Epoch 95] Training Time: 13.5852s
Wed 14 Jan 2026 20:50:47 INFO  [Epoch 95] Eval Time: 3.3944s
Wed 14 Jan 2026 20:50:47 INFO  [Epoch 95] Val Results: OrderedDict([('ndcg@5', 0.03134281188249588), ('ndcg@10', 0.03755117207765579), ('recall@5', 0.04531153291463852), ('recall@10', 0.06466655433177948), ('n_visited_items', 18357.0)])
Wed 14 Jan 2026 20:51:01 INFO  [Epoch 96] Train Loss: 4.472650792500744
Wed 14 Jan 2026 20:51:01 INFO  [Epoch 96] Training Time: 13.5840s
Wed 14 Jan 2026 20:51:04 INFO  [Epoch 96] Eval Time: 3.3959s
Wed 14 Jan 2026 20:51:04 INFO  [Epoch 96] Val Results: OrderedDict([('ndcg@5', 0.03142241761088371), ('ndcg@10', 0.03752055764198303), ('recall@5', 0.04545199126005173), ('recall@10', 0.06444182246923447), ('n_visited_items', 18357.0)])
Wed 14 Jan 2026 20:51:18 INFO  [Epoch 97] Train Loss: 4.467097455508088
Wed 14 Jan 2026 20:51:18 INFO  [Epoch 97] Training Time: 13.5998s
Wed 14 Jan 2026 20:51:21 INFO  [Epoch 97] Eval Time: 3.3938s
Wed 14 Jan 2026 20:51:21 INFO  [Epoch 97] Val Results: OrderedDict([('ndcg@5', 0.03150732070207596), ('ndcg@10', 0.03774549439549446), ('recall@5', 0.0450306199491024), ('recall@10', 0.06444182246923447), ('n_visited_items', 18357.0)])
Wed 14 Jan 2026 20:51:35 INFO  [Epoch 98] Train Loss: 4.461742175768499
Wed 14 Jan 2026 20:51:35 INFO  [Epoch 98] Training Time: 13.5856s
Wed 14 Jan 2026 20:51:38 INFO  [Epoch 98] Eval Time: 3.3989s
Wed 14 Jan 2026 20:51:38 INFO  [Epoch 98] Val Results: OrderedDict([('ndcg@5', 0.03160258010029793), ('ndcg@10', 0.03761693462729454), ('recall@5', 0.04570481553673744), ('recall@10', 0.06435754895210266), ('n_visited_items', 18357.0)])
Wed 14 Jan 2026 20:51:52 INFO  [Epoch 99] Train Loss: 4.455598233497306
Wed 14 Jan 2026 20:51:52 INFO  [Epoch 99] Training Time: 13.5887s
Wed 14 Jan 2026 20:51:55 INFO  [Epoch 99] Eval Time: 3.3929s
Wed 14 Jan 2026 20:51:55 INFO  [Epoch 99] Val Results: OrderedDict([('ndcg@5', 0.03191201388835907), ('ndcg@10', 0.03830290585756302), ('recall@5', 0.04601382091641426), ('recall@10', 0.06579021364450455), ('n_visited_items', 18357.0)])
Wed 14 Jan 2026 20:52:09 INFO  [Epoch 100] Train Loss: 4.4494084397407425
Wed 14 Jan 2026 20:52:09 INFO  [Epoch 100] Training Time: 13.5925s
Wed 14 Jan 2026 20:52:12 INFO  [Epoch 100] Eval Time: 3.3967s
Wed 14 Jan 2026 20:52:12 INFO  [Epoch 100] Val Results: OrderedDict([('ndcg@5', 0.03160599246621132), ('ndcg@10', 0.03795045614242554), ('recall@5', 0.04539581015706062), ('recall@10', 0.06514410674571991), ('n_visited_items', 18357.0)])
Wed 14 Jan 2026 20:52:26 INFO  [Epoch 101] Train Loss: 4.443099913531786
Wed 14 Jan 2026 20:52:26 INFO  [Epoch 101] Training Time: 13.5905s
Wed 14 Jan 2026 20:52:29 INFO  [Epoch 101] Eval Time: 3.5065s
Wed 14 Jan 2026 20:52:29 INFO  [Epoch 101] Val Results: OrderedDict([('ndcg@5', 0.031630367040634155), ('ndcg@10', 0.037743523716926575), ('recall@5', 0.04595763981342316), ('recall@10', 0.0649193748831749), ('n_visited_items', 18357.0)])
Wed 14 Jan 2026 20:52:43 INFO  [Epoch 102] Train Loss: 4.438949898497699
Wed 14 Jan 2026 20:52:43 INFO  [Epoch 102] Training Time: 13.5868s
Wed 14 Jan 2026 20:52:46 INFO  [Epoch 102] Eval Time: 3.3970s
Wed 14 Jan 2026 20:52:46 INFO  [Epoch 102] Val Results: OrderedDict([('ndcg@5', 0.03190722316503525), ('ndcg@10', 0.037816811352968216), ('recall@5', 0.04598572850227356), ('recall@10', 0.06435754895210266), ('n_visited_items', 18357.0)])
Wed 14 Jan 2026 20:53:00 INFO  [Epoch 103] Train Loss: 4.433621788678104
Wed 14 Jan 2026 20:53:00 INFO  [Epoch 103] Training Time: 13.5907s
Wed 14 Jan 2026 20:53:03 INFO  [Epoch 103] Eval Time: 3.3962s
Wed 14 Jan 2026 20:53:03 INFO  [Epoch 103] Val Results: OrderedDict([('ndcg@5', 0.03158733621239662), ('ndcg@10', 0.03756706789135933), ('recall@5', 0.04578908905386925), ('recall@10', 0.06441373378038406), ('n_visited_items', 18357.0)])
Wed 14 Jan 2026 20:53:17 INFO  [Epoch 104] Train Loss: 4.427626818826754
Wed 14 Jan 2026 20:53:17 INFO  [Epoch 104] Training Time: 13.5905s
Wed 14 Jan 2026 20:53:20 INFO  [Epoch 104] Eval Time: 3.3974s
Wed 14 Jan 2026 20:53:20 INFO  [Epoch 104] Val Results: OrderedDict([('ndcg@5', 0.030738376080989838), ('ndcg@10', 0.03697001561522484), ('recall@5', 0.044609248638153076), ('recall@10', 0.06399235874414444), ('n_visited_items', 18357.0)])
Wed 14 Jan 2026 20:53:34 INFO  [Epoch 105] Train Loss: 4.421836627672796
Wed 14 Jan 2026 20:53:34 INFO  [Epoch 105] Training Time: 13.5920s
Wed 14 Jan 2026 20:53:37 INFO  [Epoch 105] Eval Time: 3.4039s
Wed 14 Jan 2026 20:53:37 INFO  [Epoch 105] Val Results: OrderedDict([('ndcg@5', 0.03144029155373573), ('ndcg@10', 0.037450842559337616), ('recall@5', 0.04533962532877922), ('recall@10', 0.06396427005529404), ('n_visited_items', 18357.0)])
Wed 14 Jan 2026 20:53:51 INFO  [Epoch 106] Train Loss: 4.416838636137035
Wed 14 Jan 2026 20:53:51 INFO  [Epoch 106] Training Time: 13.5935s
Wed 14 Jan 2026 20:53:54 INFO  [Epoch 106] Eval Time: 3.3977s
Wed 14 Jan 2026 20:53:54 INFO  [Epoch 106] Val Results: OrderedDict([('ndcg@5', 0.031666189432144165), ('ndcg@10', 0.03763672709465027), ('recall@5', 0.045564357191324234), ('recall@10', 0.06404854357242584), ('n_visited_items', 18357.0)])
Wed 14 Jan 2026 20:54:08 INFO  [Epoch 107] Train Loss: 4.410429507085722
Wed 14 Jan 2026 20:54:08 INFO  [Epoch 107] Training Time: 13.5913s
Wed 14 Jan 2026 20:54:11 INFO  [Epoch 107] Eval Time: 3.4015s
Wed 14 Jan 2026 20:54:11 INFO  [Epoch 107] Val Results: OrderedDict([('ndcg@5', 0.031526945531368256), ('ndcg@10', 0.037620287388563156), ('recall@5', 0.04519916698336601), ('recall@10', 0.06427327543497086), ('n_visited_items', 18357.0)])
Wed 14 Jan 2026 20:54:25 INFO  [Epoch 108] Train Loss: 4.406620744156511
Wed 14 Jan 2026 20:54:25 INFO  [Epoch 108] Training Time: 13.5958s
Wed 14 Jan 2026 20:54:28 INFO  [Epoch 108] Eval Time: 3.4118s
Wed 14 Jan 2026 20:54:28 INFO  [Epoch 108] Val Results: OrderedDict([('ndcg@5', 0.03148697316646576), ('ndcg@10', 0.03806872293353081), ('recall@5', 0.044974435120821), ('recall@10', 0.06545311212539673), ('n_visited_items', 18357.0)])
Wed 14 Jan 2026 20:54:42 INFO  [Epoch 109] Train Loss: 4.40000302171054
Wed 14 Jan 2026 20:54:42 INFO  [Epoch 109] Training Time: 13.5917s
Wed 14 Jan 2026 20:54:45 INFO  [Epoch 109] Eval Time: 3.3970s
Wed 14 Jan 2026 20:54:45 INFO  [Epoch 109] Val Results: OrderedDict([('ndcg@5', 0.03137233853340149), ('ndcg@10', 0.03756921365857124), ('recall@5', 0.04517107829451561), ('recall@10', 0.06444182246923447), ('n_visited_items', 18357.0)])
Wed 14 Jan 2026 20:54:45 INFO  Early stopping at epoch 109
Wed 14 Jan 2026 20:54:45 INFO  Best epoch: 89, Best val score: 0.03864049166440964
Wed 14 Jan 2026 20:54:45 INFO  GPU Memory Allocated (Max): 4.1199 GB
Wed 14 Jan 2026 20:54:45 INFO  GPU Memory Reserved (Max): 4.7070 GB
Wed 14 Jan 2026 20:54:45 INFO  Loaded best model checkpoint from ckpt/genrec_default-main.py_--category=Sports_and_Outdoors_--model=GRQ_--context_fusion_weight=7.0-Jan-14-2026_20-22-047f86.pth
Wed 14 Jan 2026 20:54:48 INFO  Test Results: OrderedDict([('ndcg@5', 0.025805868208408356), ('ndcg@10', 0.031051795929670334), ('recall@5', 0.037052642554044724), ('recall@10', 0.0532895103096962), ('n_visited_items', 18357.0)])
