Wed 14 Jan 2026 21:34:32 INFO  Device: cuda
Wed 14 Jan 2026 21:34:32 INFO  [DATASET] Amazon Reviews 2014 for category: Toys_and_Games
Wed 14 Jan 2026 21:34:32 INFO  [DATASET] Reviews have been processed...
Wed 14 Jan 2026 21:34:32 INFO  [DATASET] Metadata has been processed...
Wed 14 Jan 2026 21:34:32 INFO  [Dataset] AmazonReviews2014
	Number of users: 19413
	Number of items: 11925
	Number of interactions: 167597
	Average item sequence length: 8.633235460773708
Wed 14 Jan 2026 21:34:33 INFO  [TOKENIZER] Applying PCA...
Wed 14 Jan 2026 21:34:34 INFO  [TOKENIZER] Sentence embeddings shape: (11924, 128)
Wed 14 Jan 2026 21:34:34 INFO  [TOKENIZER] Items for training: 11876 of 11924
Wed 14 Jan 2026 21:34:34 INFO  [TOKENIZER] Using GRQ quantization...
Wed 14 Jan 2026 21:34:34 INFO  [TOKENIZER] Training GRQ...
Wed 14 Jan 2026 21:34:42 INFO  Epoch 50/300, Loss: 2.1872, Time: 0.1405s
Wed 14 Jan 2026 21:34:49 INFO  Epoch 100/300, Loss: 1.3368, Time: 0.1408s
Wed 14 Jan 2026 21:34:56 INFO  Epoch 150/300, Loss: 1.1067, Time: 0.1409s
Wed 14 Jan 2026 21:35:04 INFO  Epoch 200/300, Loss: 0.9607, Time: 0.1394s
Wed 14 Jan 2026 21:35:11 INFO  Epoch 250/300, Loss: 0.7411, Time: 0.1385s
Wed 14 Jan 2026 21:35:18 INFO  Epoch 300/300, Loss: 0.5384, Time: 0.2250s
Wed 14 Jan 2026 21:35:18 INFO  [TOKENIZER] Generating codes...
Wed 14 Jan 2026 21:35:18 INFO  [TOKENIZER] Average Training Time per Epoch: 0.1473s
Wed 14 Jan 2026 21:35:18 INFO  [TOKENIZER] GPU Memory (Max): 0.6988 GB
Wed 14 Jan 2026 21:35:34 INFO  GRQ(
  (gpt2): GPT2Model(
    (wte): Embedding(4098, 448)
    (wpe): Embedding(50, 448)
    (drop): Dropout(p=0.5, inplace=False)
    (h): ModuleList(
      (0-1): 2 x GPT2Block(
        (ln_1): LayerNorm((448,), eps=1e-12, elementwise_affine=True)
        (attn): GPT2Attention(
          (c_attn): Conv1D(nf=1344, nx=448)
          (c_proj): Conv1D(nf=448, nx=448)
          (attn_dropout): Dropout(p=0.5, inplace=False)
          (resid_dropout): Dropout(p=0.1, inplace=False)
        )
        (ln_2): LayerNorm((448,), eps=1e-12, elementwise_affine=True)
        (mlp): GPT2MLP(
          (c_fc): Conv1D(nf=1024, nx=448)
          (c_proj): Conv1D(nf=448, nx=1024)
          (act): NewGELUActivation()
          (dropout): Dropout(p=0.1, inplace=False)
        )
      )
    )
    (ln_f): LayerNorm((448,), eps=1e-12, elementwise_affine=True)
  )
  (pred_heads): Sequential(
    (0): ResBlock(
      (linear): Linear(in_features=448, out_features=448, bias=True)
      (act): SiLU()
    )
    (1): ResBlock(
      (linear): Linear(in_features=448, out_features=448, bias=True)
      (act): SiLU()
    )
    (2): ResBlock(
      (linear): Linear(in_features=448, out_features=448, bias=True)
      (act): SiLU()
    )
    (3): ResBlock(
      (linear): Linear(in_features=448, out_features=448, bias=True)
      (act): SiLU()
    )
    (4): ResBlock(
      (linear): Linear(in_features=448, out_features=448, bias=True)
      (act): SiLU()
    )
    (5): ResBlock(
      (linear): Linear(in_features=448, out_features=448, bias=True)
      (act): SiLU()
    )
    (6): ResBlock(
      (linear): Linear(in_features=448, out_features=448, bias=True)
      (act): SiLU()
    )
    (7): ResBlock(
      (linear): Linear(in_features=448, out_features=448, bias=True)
      (act): SiLU()
    )
    (8): ResBlock(
      (linear): Linear(in_features=448, out_features=448, bias=True)
      (act): SiLU()
    )
    (9): ResBlock(
      (linear): Linear(in_features=448, out_features=448, bias=True)
      (act): SiLU()
    )
    (10): ResBlock(
      (linear): Linear(in_features=448, out_features=448, bias=True)
      (act): SiLU()
    )
    (11): ResBlock(
      (linear): Linear(in_features=448, out_features=448, bias=True)
      (act): SiLU()
    )
    (12): ResBlock(
      (linear): Linear(in_features=448, out_features=448, bias=True)
      (act): SiLU()
    )
    (13): ResBlock(
      (linear): Linear(in_features=448, out_features=448, bias=True)
      (act): SiLU()
    )
    (14): ResBlock(
      (linear): Linear(in_features=448, out_features=448, bias=True)
      (act): SiLU()
    )
    (15): ResBlock(
      (linear): Linear(in_features=448, out_features=448, bias=True)
      (act): SiLU()
    )
  )
  (loss_fct): CrossEntropyLoss()
)
Wed 14 Jan 2026 21:35:34 INFO  #Embedding parameters: 1835904
#Non-embedding parameters: 6692480
#Total trainable parameters: 8528384

Wed 14 Jan 2026 21:35:42 INFO  [Epoch 1] Train Loss: 6.4139132828548036
Wed 14 Jan 2026 21:35:42 INFO  [Epoch 1] Training Time: 8.1088s
Wed 14 Jan 2026 21:35:44 INFO  [Epoch 1] Eval Time: 1.8229s
Wed 14 Jan 2026 21:35:44 INFO  [Epoch 1] Val Results: OrderedDict([('ndcg@5', 0.002409252803772688), ('ndcg@10', 0.003010314190760255), ('recall@5', 0.003915104083716869), ('recall@10', 0.005821141414344311), ('n_visited_items', 11923.9990234375)])
Wed 14 Jan 2026 21:35:44 INFO  [Epoch 1] Saved model checkpoint to ckpt/genrec_default-main.py_--category=Toys_and_Games_--model=GRQ_--context_fusion_weight=4.0-Jan-14-2026_21-34-ff8b3b.pth
Wed 14 Jan 2026 21:35:52 INFO  [Epoch 2] Train Loss: 5.53775499058866
Wed 14 Jan 2026 21:35:52 INFO  [Epoch 2] Training Time: 8.0436s
Wed 14 Jan 2026 21:35:54 INFO  [Epoch 2] Eval Time: 1.8314s
Wed 14 Jan 2026 21:35:54 INFO  [Epoch 2] Val Results: OrderedDict([('ndcg@5', 0.0037353523075580597), ('ndcg@10', 0.00449123652651906), ('recall@5', 0.005099938251078129), ('recall@10', 0.007469606585800648), ('n_visited_items', 11923.9990234375)])
Wed 14 Jan 2026 21:35:54 INFO  [Epoch 2] Saved model checkpoint to ckpt/genrec_default-main.py_--category=Toys_and_Games_--model=GRQ_--context_fusion_weight=4.0-Jan-14-2026_21-34-ff8b3b.pth
Wed 14 Jan 2026 21:36:02 INFO  [Epoch 3] Train Loss: 5.508981523842647
Wed 14 Jan 2026 21:36:02 INFO  [Epoch 3] Training Time: 8.0400s
Wed 14 Jan 2026 21:36:04 INFO  [Epoch 3] Eval Time: 1.8468s
Wed 14 Jan 2026 21:36:04 INFO  [Epoch 3] Val Results: OrderedDict([('ndcg@5', 0.0035517846699804068), ('ndcg@10', 0.004570298828184605), ('recall@5', 0.004842365626245737), ('recall@10', 0.008087780326604843), ('n_visited_items', 11923.9990234375)])
Wed 14 Jan 2026 21:36:04 INFO  [Epoch 3] Saved model checkpoint to ckpt/genrec_default-main.py_--category=Toys_and_Games_--model=GRQ_--context_fusion_weight=4.0-Jan-14-2026_21-34-ff8b3b.pth
Wed 14 Jan 2026 21:36:12 INFO  [Epoch 4] Train Loss: 5.503452103713463
Wed 14 Jan 2026 21:36:12 INFO  [Epoch 4] Training Time: 8.0319s
Wed 14 Jan 2026 21:36:14 INFO  [Epoch 4] Eval Time: 1.8379s
Wed 14 Jan 2026 21:36:14 INFO  [Epoch 4] Val Results: OrderedDict([('ndcg@5', 0.003836123738437891), ('ndcg@10', 0.0047831060364842415), ('recall@5', 0.005305996164679527), ('recall@10', 0.008242323994636536), ('n_visited_items', 11923.9990234375)])
Wed 14 Jan 2026 21:36:14 INFO  [Epoch 4] Saved model checkpoint to ckpt/genrec_default-main.py_--category=Toys_and_Games_--model=GRQ_--context_fusion_weight=4.0-Jan-14-2026_21-34-ff8b3b.pth
Wed 14 Jan 2026 21:36:22 INFO  [Epoch 5] Train Loss: 5.499321077061795
Wed 14 Jan 2026 21:36:22 INFO  [Epoch 5] Training Time: 8.0387s
Wed 14 Jan 2026 21:36:24 INFO  [Epoch 5] Eval Time: 1.8428s
Wed 14 Jan 2026 21:36:24 INFO  [Epoch 5] Val Results: OrderedDict([('ndcg@5', 0.0038343847263604403), ('ndcg@10', 0.0055424063466489315), ('recall@5', 0.005305996164679527), ('recall@10', 0.010611992329359055), ('n_visited_items', 11923.9990234375)])
Wed 14 Jan 2026 21:36:24 INFO  [Epoch 5] Saved model checkpoint to ckpt/genrec_default-main.py_--category=Toys_and_Games_--model=GRQ_--context_fusion_weight=4.0-Jan-14-2026_21-34-ff8b3b.pth
Wed 14 Jan 2026 21:36:32 INFO  [Epoch 6] Train Loss: 5.494720952264194
Wed 14 Jan 2026 21:36:32 INFO  [Epoch 6] Training Time: 8.0364s
Wed 14 Jan 2026 21:36:34 INFO  [Epoch 6] Eval Time: 1.8393s
Wed 14 Jan 2026 21:36:34 INFO  [Epoch 6] Val Results: OrderedDict([('ndcg@5', 0.0030670047271996737), ('ndcg@10', 0.003911611624062061), ('recall@5', 0.004687821958214045), ('recall@10', 0.007315062917768955), ('n_visited_items', 11923.9990234375)])
Wed 14 Jan 2026 21:36:42 INFO  [Epoch 7] Train Loss: 5.483025079486014
Wed 14 Jan 2026 21:36:42 INFO  [Epoch 7] Training Time: 8.0362s
Wed 14 Jan 2026 21:36:44 INFO  [Epoch 7] Eval Time: 1.8352s
Wed 14 Jan 2026 21:36:44 INFO  [Epoch 7] Val Results: OrderedDict([('ndcg@5', 0.0045689684338867664), ('ndcg@10', 0.0053261383436620235), ('recall@5', 0.0074180918745696545), ('recall@10', 0.009787759743630886), ('n_visited_items', 11923.9990234375)])
Wed 14 Jan 2026 21:36:52 INFO  [Epoch 8] Train Loss: 5.460650564610273
Wed 14 Jan 2026 21:36:52 INFO  [Epoch 8] Training Time: 8.0389s
Wed 14 Jan 2026 21:36:54 INFO  [Epoch 8] Eval Time: 1.8349s
Wed 14 Jan 2026 21:36:54 INFO  [Epoch 8] Val Results: OrderedDict([('ndcg@5', 0.005362762603908777), ('ndcg@10', 0.0075616431422531605), ('recall@5', 0.007881722413003445), ('recall@10', 0.014836183749139309), ('n_visited_items', 11923.9990234375)])
Wed 14 Jan 2026 21:36:54 INFO  [Epoch 8] Saved model checkpoint to ckpt/genrec_default-main.py_--category=Toys_and_Games_--model=GRQ_--context_fusion_weight=4.0-Jan-14-2026_21-34-ff8b3b.pth
Wed 14 Jan 2026 21:37:02 INFO  [Epoch 9] Train Loss: 5.418991954847314
Wed 14 Jan 2026 21:37:02 INFO  [Epoch 9] Training Time: 8.0450s
Wed 14 Jan 2026 21:37:03 INFO  [Epoch 9] Eval Time: 1.8323s
Wed 14 Jan 2026 21:37:03 INFO  [Epoch 9] Val Results: OrderedDict([('ndcg@5', 0.008385427296161652), ('ndcg@10', 0.010910827666521072), ('recall@5', 0.013496805913746357), ('recall@10', 0.0213785283267498), ('n_visited_items', 11923.9990234375)])
Wed 14 Jan 2026 21:37:03 INFO  [Epoch 9] Saved model checkpoint to ckpt/genrec_default-main.py_--category=Toys_and_Games_--model=GRQ_--context_fusion_weight=4.0-Jan-14-2026_21-34-ff8b3b.pth
Wed 14 Jan 2026 21:37:12 INFO  [Epoch 10] Train Loss: 5.372636718311529
Wed 14 Jan 2026 21:37:12 INFO  [Epoch 10] Training Time: 8.0418s
Wed 14 Jan 2026 21:37:13 INFO  [Epoch 10] Eval Time: 1.8430s
Wed 14 Jan 2026 21:37:13 INFO  [Epoch 10] Val Results: OrderedDict([('ndcg@5', 0.01026485301554203), ('ndcg@10', 0.013504116795957088), ('recall@5', 0.01643313467502594), ('recall@10', 0.026426952332258224), ('n_visited_items', 11923.9990234375)])
Wed 14 Jan 2026 21:37:13 INFO  [Epoch 10] Saved model checkpoint to ckpt/genrec_default-main.py_--category=Toys_and_Games_--model=GRQ_--context_fusion_weight=4.0-Jan-14-2026_21-34-ff8b3b.pth
Wed 14 Jan 2026 21:37:22 INFO  [Epoch 11] Train Loss: 5.333976274249197
Wed 14 Jan 2026 21:37:22 INFO  [Epoch 11] Training Time: 8.1326s
Wed 14 Jan 2026 21:37:23 INFO  [Epoch 11] Eval Time: 1.8312s
Wed 14 Jan 2026 21:37:23 INFO  [Epoch 11] Val Results: OrderedDict([('ndcg@5', 0.012801691889762878), ('ndcg@10', 0.016146430745720863), ('recall@5', 0.020554296672344208), ('recall@10', 0.03101174533367157), ('n_visited_items', 11923.9990234375)])
Wed 14 Jan 2026 21:37:23 INFO  [Epoch 11] Saved model checkpoint to ckpt/genrec_default-main.py_--category=Toys_and_Games_--model=GRQ_--context_fusion_weight=4.0-Jan-14-2026_21-34-ff8b3b.pth
Wed 14 Jan 2026 21:37:31 INFO  [Epoch 12] Train Loss: 5.299098091563959
Wed 14 Jan 2026 21:37:31 INFO  [Epoch 12] Training Time: 8.0398s
Wed 14 Jan 2026 21:37:33 INFO  [Epoch 12] Eval Time: 1.8337s
Wed 14 Jan 2026 21:37:33 INFO  [Epoch 12] Val Results: OrderedDict([('ndcg@5', 0.014981484971940517), ('ndcg@10', 0.018886778503656387), ('recall@5', 0.024211827665567398), ('recall@10', 0.03636925667524338), ('n_visited_items', 11923.9990234375)])
Wed 14 Jan 2026 21:37:33 INFO  [Epoch 12] Saved model checkpoint to ckpt/genrec_default-main.py_--category=Toys_and_Games_--model=GRQ_--context_fusion_weight=4.0-Jan-14-2026_21-34-ff8b3b.pth
Wed 14 Jan 2026 21:37:41 INFO  [Epoch 13] Train Loss: 5.268618008186078
Wed 14 Jan 2026 21:37:41 INFO  [Epoch 13] Training Time: 8.0393s
Wed 14 Jan 2026 21:37:43 INFO  [Epoch 13] Eval Time: 1.8280s
Wed 14 Jan 2026 21:37:43 INFO  [Epoch 13] Val Results: OrderedDict([('ndcg@5', 0.018359649926424026), ('ndcg@10', 0.02261722832918167), ('recall@5', 0.029054192826151848), ('recall@10', 0.04219039902091026), ('n_visited_items', 11923.9990234375)])
Wed 14 Jan 2026 21:37:43 INFO  [Epoch 13] Saved model checkpoint to ckpt/genrec_default-main.py_--category=Toys_and_Games_--model=GRQ_--context_fusion_weight=4.0-Jan-14-2026_21-34-ff8b3b.pth
Wed 14 Jan 2026 21:37:51 INFO  [Epoch 14] Train Loss: 5.242288819674788
Wed 14 Jan 2026 21:37:51 INFO  [Epoch 14] Training Time: 8.0396s
Wed 14 Jan 2026 21:37:53 INFO  [Epoch 14] Eval Time: 1.8306s
Wed 14 Jan 2026 21:37:53 INFO  [Epoch 14] Val Results: OrderedDict([('ndcg@5', 0.01893024519085884), ('ndcg@10', 0.024288954213261604), ('recall@5', 0.030032970011234283), ('recall@10', 0.04667216166853905), ('n_visited_items', 11923.9990234375)])
Wed 14 Jan 2026 21:37:53 INFO  [Epoch 14] Saved model checkpoint to ckpt/genrec_default-main.py_--category=Toys_and_Games_--model=GRQ_--context_fusion_weight=4.0-Jan-14-2026_21-34-ff8b3b.pth
Wed 14 Jan 2026 21:38:01 INFO  [Epoch 15] Train Loss: 5.2176702049956925
Wed 14 Jan 2026 21:38:01 INFO  [Epoch 15] Training Time: 8.0415s
Wed 14 Jan 2026 21:38:03 INFO  [Epoch 15] Eval Time: 1.8324s
Wed 14 Jan 2026 21:38:03 INFO  [Epoch 15] Val Results: OrderedDict([('ndcg@5', 0.020947560667991638), ('ndcg@10', 0.026681147515773773), ('recall@5', 0.03338141366839409), ('recall@10', 0.05115392431616783), ('n_visited_items', 11923.9990234375)])
Wed 14 Jan 2026 21:38:03 INFO  [Epoch 15] Saved model checkpoint to ckpt/genrec_default-main.py_--category=Toys_and_Games_--model=GRQ_--context_fusion_weight=4.0-Jan-14-2026_21-34-ff8b3b.pth
Wed 14 Jan 2026 21:38:11 INFO  [Epoch 16] Train Loss: 5.194294047081607
Wed 14 Jan 2026 21:38:11 INFO  [Epoch 16] Training Time: 8.0413s
Wed 14 Jan 2026 21:38:13 INFO  [Epoch 16] Eval Time: 1.8314s
Wed 14 Jan 2026 21:38:13 INFO  [Epoch 16] Val Results: OrderedDict([('ndcg@5', 0.023713959380984306), ('ndcg@10', 0.03038160502910614), ('recall@5', 0.03729651868343353), ('recall@10', 0.057953841984272), ('n_visited_items', 11923.9990234375)])
Wed 14 Jan 2026 21:38:13 INFO  [Epoch 16] Saved model checkpoint to ckpt/genrec_default-main.py_--category=Toys_and_Games_--model=GRQ_--context_fusion_weight=4.0-Jan-14-2026_21-34-ff8b3b.pth
Wed 14 Jan 2026 21:38:21 INFO  [Epoch 17] Train Loss: 5.171046300866138
Wed 14 Jan 2026 21:38:21 INFO  [Epoch 17] Training Time: 8.0452s
Wed 14 Jan 2026 21:38:23 INFO  [Epoch 17] Eval Time: 1.8363s
Wed 14 Jan 2026 21:38:23 INFO  [Epoch 17] Val Results: OrderedDict([('ndcg@5', 0.025686323642730713), ('ndcg@10', 0.03321078047156334), ('recall@5', 0.039872244000434875), ('recall@10', 0.06341437995433807), ('n_visited_items', 11923.9990234375)])
Wed 14 Jan 2026 21:38:23 INFO  [Epoch 17] Saved model checkpoint to ckpt/genrec_default-main.py_--category=Toys_and_Games_--model=GRQ_--context_fusion_weight=4.0-Jan-14-2026_21-34-ff8b3b.pth
Wed 14 Jan 2026 21:38:31 INFO  [Epoch 18] Train Loss: 5.150051325217061
Wed 14 Jan 2026 21:38:31 INFO  [Epoch 18] Training Time: 8.0446s
Wed 14 Jan 2026 21:38:33 INFO  [Epoch 18] Eval Time: 1.8325s
Wed 14 Jan 2026 21:38:33 INFO  [Epoch 18] Val Results: OrderedDict([('ndcg@5', 0.026489010080695152), ('ndcg@10', 0.034315768629312515), ('recall@5', 0.041623737663030624), ('recall@10', 0.06599011272192001), ('n_visited_items', 11923.9990234375)])
Wed 14 Jan 2026 21:38:33 INFO  [Epoch 18] Saved model checkpoint to ckpt/genrec_default-main.py_--category=Toys_and_Games_--model=GRQ_--context_fusion_weight=4.0-Jan-14-2026_21-34-ff8b3b.pth
Wed 14 Jan 2026 21:38:41 INFO  [Epoch 19] Train Loss: 5.127488640533096
Wed 14 Jan 2026 21:38:41 INFO  [Epoch 19] Training Time: 8.0456s
Wed 14 Jan 2026 21:38:43 INFO  [Epoch 19] Eval Time: 1.8300s
Wed 14 Jan 2026 21:38:43 INFO  [Epoch 19] Val Results: OrderedDict([('ndcg@5', 0.029381997883319855), ('ndcg@10', 0.038078922778367996), ('recall@5', 0.045950956642627716), ('recall@10', 0.07294457405805588), ('n_visited_items', 11923.9990234375)])
Wed 14 Jan 2026 21:38:43 INFO  [Epoch 19] Saved model checkpoint to ckpt/genrec_default-main.py_--category=Toys_and_Games_--model=GRQ_--context_fusion_weight=4.0-Jan-14-2026_21-34-ff8b3b.pth
Wed 14 Jan 2026 21:38:51 INFO  [Epoch 20] Train Loss: 5.107415133509143
Wed 14 Jan 2026 21:38:51 INFO  [Epoch 20] Training Time: 8.0435s
Wed 14 Jan 2026 21:38:53 INFO  [Epoch 20] Eval Time: 1.8300s
Wed 14 Jan 2026 21:38:53 INFO  [Epoch 20] Val Results: OrderedDict([('ndcg@5', 0.030763734132051468), ('ndcg@10', 0.03981110081076622), ('recall@5', 0.04821759834885597), ('recall@10', 0.07618998736143112), ('n_visited_items', 11923.9990234375)])
Wed 14 Jan 2026 21:38:53 INFO  [Epoch 20] Saved model checkpoint to ckpt/genrec_default-main.py_--category=Toys_and_Games_--model=GRQ_--context_fusion_weight=4.0-Jan-14-2026_21-34-ff8b3b.pth
Wed 14 Jan 2026 21:39:01 INFO  [Epoch 21] Train Loss: 5.087351316693185
Wed 14 Jan 2026 21:39:01 INFO  [Epoch 21] Training Time: 8.0450s
Wed 14 Jan 2026 21:39:02 INFO  [Epoch 21] Eval Time: 1.8262s
Wed 14 Jan 2026 21:39:02 INFO  [Epoch 21] Val Results: OrderedDict([('ndcg@5', 0.032175611704587936), ('ndcg@10', 0.041077934205532074), ('recall@5', 0.050175148993730545), ('recall@10', 0.07783845067024231), ('n_visited_items', 11923.9990234375)])
Wed 14 Jan 2026 21:39:02 INFO  [Epoch 21] Saved model checkpoint to ckpt/genrec_default-main.py_--category=Toys_and_Games_--model=GRQ_--context_fusion_weight=4.0-Jan-14-2026_21-34-ff8b3b.pth
Wed 14 Jan 2026 21:39:11 INFO  [Epoch 22] Train Loss: 5.06876183104241
Wed 14 Jan 2026 21:39:11 INFO  [Epoch 22] Training Time: 8.0453s
Wed 14 Jan 2026 21:39:12 INFO  [Epoch 22] Eval Time: 1.8271s
Wed 14 Jan 2026 21:39:12 INFO  [Epoch 22] Val Results: OrderedDict([('ndcg@5', 0.03486987203359604), ('ndcg@10', 0.0440782830119133), ('recall@5', 0.05290541797876358), ('recall@10', 0.08154749870300293), ('n_visited_items', 11923.9990234375)])
Wed 14 Jan 2026 21:39:12 INFO  [Epoch 22] Saved model checkpoint to ckpt/genrec_default-main.py_--category=Toys_and_Games_--model=GRQ_--context_fusion_weight=4.0-Jan-14-2026_21-34-ff8b3b.pth
Wed 14 Jan 2026 21:39:20 INFO  [Epoch 23] Train Loss: 5.049798554387586
Wed 14 Jan 2026 21:39:20 INFO  [Epoch 23] Training Time: 8.0503s
Wed 14 Jan 2026 21:39:22 INFO  [Epoch 23] Eval Time: 1.8303s
Wed 14 Jan 2026 21:39:22 INFO  [Epoch 23] Val Results: OrderedDict([('ndcg@5', 0.03591753542423248), ('ndcg@10', 0.045910269021987915), ('recall@5', 0.05475994199514389), ('recall@10', 0.08577168732881546), ('n_visited_items', 11923.9990234375)])
Wed 14 Jan 2026 21:39:22 INFO  [Epoch 23] Saved model checkpoint to ckpt/genrec_default-main.py_--category=Toys_and_Games_--model=GRQ_--context_fusion_weight=4.0-Jan-14-2026_21-34-ff8b3b.pth
Wed 14 Jan 2026 21:39:30 INFO  [Epoch 24] Train Loss: 5.033871606848706
Wed 14 Jan 2026 21:39:30 INFO  [Epoch 24] Training Time: 8.0444s
Wed 14 Jan 2026 21:39:32 INFO  [Epoch 24] Eval Time: 1.8291s
Wed 14 Jan 2026 21:39:32 INFO  [Epoch 24] Val Results: OrderedDict([('ndcg@5', 0.0363951213657856), ('ndcg@10', 0.046231772750616074), ('recall@5', 0.055635690689086914), ('recall@10', 0.08628683537244797), ('n_visited_items', 11923.9990234375)])
Wed 14 Jan 2026 21:39:32 INFO  [Epoch 24] Saved model checkpoint to ckpt/genrec_default-main.py_--category=Toys_and_Games_--model=GRQ_--context_fusion_weight=4.0-Jan-14-2026_21-34-ff8b3b.pth
Wed 14 Jan 2026 21:39:40 INFO  [Epoch 25] Train Loss: 5.013570697828271
Wed 14 Jan 2026 21:39:40 INFO  [Epoch 25] Training Time: 8.0441s
Wed 14 Jan 2026 21:39:42 INFO  [Epoch 25] Eval Time: 1.8287s
Wed 14 Jan 2026 21:39:42 INFO  [Epoch 25] Val Results: OrderedDict([('ndcg@5', 0.03766023740172386), ('ndcg@10', 0.047519661486148834), ('recall@5', 0.05821141600608826), ('recall@10', 0.08886256068944931), ('n_visited_items', 11923.9990234375)])
Wed 14 Jan 2026 21:39:42 INFO  [Epoch 25] Saved model checkpoint to ckpt/genrec_default-main.py_--category=Toys_and_Games_--model=GRQ_--context_fusion_weight=4.0-Jan-14-2026_21-34-ff8b3b.pth
Wed 14 Jan 2026 21:39:50 INFO  [Epoch 26] Train Loss: 4.996506022310805
Wed 14 Jan 2026 21:39:50 INFO  [Epoch 26] Training Time: 8.1378s
Wed 14 Jan 2026 21:39:52 INFO  [Epoch 26] Eval Time: 1.8269s
Wed 14 Jan 2026 21:39:52 INFO  [Epoch 26] Val Results: OrderedDict([('ndcg@5', 0.03867381438612938), ('ndcg@10', 0.048791222274303436), ('recall@5', 0.05955079197883606), ('recall@10', 0.09092313796281815), ('n_visited_items', 11923.9990234375)])
Wed 14 Jan 2026 21:39:52 INFO  [Epoch 26] Saved model checkpoint to ckpt/genrec_default-main.py_--category=Toys_and_Games_--model=GRQ_--context_fusion_weight=4.0-Jan-14-2026_21-34-ff8b3b.pth
Wed 14 Jan 2026 21:40:00 INFO  [Epoch 27] Train Loss: 4.978905485964369
Wed 14 Jan 2026 21:40:00 INFO  [Epoch 27] Training Time: 8.0437s
Wed 14 Jan 2026 21:40:02 INFO  [Epoch 27] Eval Time: 1.8305s
Wed 14 Jan 2026 21:40:02 INFO  [Epoch 27] Val Results: OrderedDict([('ndcg@5', 0.039600856602191925), ('ndcg@10', 0.050160299986600876), ('recall@5', 0.06042654067277908), ('recall@10', 0.09313826262950897), ('n_visited_items', 11923.9990234375)])
Wed 14 Jan 2026 21:40:02 INFO  [Epoch 27] Saved model checkpoint to ckpt/genrec_default-main.py_--category=Toys_and_Games_--model=GRQ_--context_fusion_weight=4.0-Jan-14-2026_21-34-ff8b3b.pth
Wed 14 Jan 2026 21:40:10 INFO  [Epoch 28] Train Loss: 4.960101538691028
Wed 14 Jan 2026 21:40:10 INFO  [Epoch 28] Training Time: 8.0431s
Wed 14 Jan 2026 21:40:12 INFO  [Epoch 28] Eval Time: 1.8237s
Wed 14 Jan 2026 21:40:12 INFO  [Epoch 28] Val Results: OrderedDict([('ndcg@5', 0.041514456272125244), ('ndcg@10', 0.05192785710096359), ('recall@5', 0.06284772604703903), ('recall@10', 0.09525036066770554), ('n_visited_items', 11923.9990234375)])
Wed 14 Jan 2026 21:40:12 INFO  [Epoch 28] Saved model checkpoint to ckpt/genrec_default-main.py_--category=Toys_and_Games_--model=GRQ_--context_fusion_weight=4.0-Jan-14-2026_21-34-ff8b3b.pth
Wed 14 Jan 2026 21:40:20 INFO  [Epoch 29] Train Loss: 4.942761541783125
Wed 14 Jan 2026 21:40:20 INFO  [Epoch 29] Training Time: 8.0455s
Wed 14 Jan 2026 21:40:22 INFO  [Epoch 29] Eval Time: 1.8246s
Wed 14 Jan 2026 21:40:22 INFO  [Epoch 29] Val Results: OrderedDict([('ndcg@5', 0.0418233796954155), ('ndcg@10', 0.05209910869598389), ('recall@5', 0.06398104131221771), ('recall@10', 0.09592004865407944), ('n_visited_items', 11923.9990234375)])
Wed 14 Jan 2026 21:40:22 INFO  [Epoch 29] Saved model checkpoint to ckpt/genrec_default-main.py_--category=Toys_and_Games_--model=GRQ_--context_fusion_weight=4.0-Jan-14-2026_21-34-ff8b3b.pth
Wed 14 Jan 2026 21:40:30 INFO  [Epoch 30] Train Loss: 4.92404565043833
Wed 14 Jan 2026 21:40:30 INFO  [Epoch 30] Training Time: 8.0447s
Wed 14 Jan 2026 21:40:32 INFO  [Epoch 30] Eval Time: 1.8283s
Wed 14 Jan 2026 21:40:32 INFO  [Epoch 30] Val Results: OrderedDict([('ndcg@5', 0.04471535608172417), ('ndcg@10', 0.05524275079369545), ('recall@5', 0.06624767929315567), ('recall@10', 0.09901092201471329), ('n_visited_items', 11923.9990234375)])
Wed 14 Jan 2026 21:40:32 INFO  [Epoch 30] Saved model checkpoint to ckpt/genrec_default-main.py_--category=Toys_and_Games_--model=GRQ_--context_fusion_weight=4.0-Jan-14-2026_21-34-ff8b3b.pth
Wed 14 Jan 2026 21:40:40 INFO  [Epoch 31] Train Loss: 4.907133497040848
Wed 14 Jan 2026 21:40:40 INFO  [Epoch 31] Training Time: 8.0455s
Wed 14 Jan 2026 21:40:42 INFO  [Epoch 31] Eval Time: 1.8282s
Wed 14 Jan 2026 21:40:42 INFO  [Epoch 31] Val Results: OrderedDict([('ndcg@5', 0.04443691298365593), ('ndcg@10', 0.0556332990527153), ('recall@5', 0.06604162603616714), ('recall@10', 0.10091695934534073), ('n_visited_items', 11923.9990234375)])
Wed 14 Jan 2026 21:40:42 INFO  [Epoch 31] Saved model checkpoint to ckpt/genrec_default-main.py_--category=Toys_and_Games_--model=GRQ_--context_fusion_weight=4.0-Jan-14-2026_21-34-ff8b3b.pth
Wed 14 Jan 2026 21:40:50 INFO  [Epoch 32] Train Loss: 4.889753264942389
Wed 14 Jan 2026 21:40:50 INFO  [Epoch 32] Training Time: 8.0474s
Wed 14 Jan 2026 21:40:52 INFO  [Epoch 32] Eval Time: 1.8251s
Wed 14 Jan 2026 21:40:52 INFO  [Epoch 32] Val Results: OrderedDict([('ndcg@5', 0.042960625141859055), ('ndcg@10', 0.05431998148560524), ('recall@5', 0.06459921598434448), ('recall@10', 0.09993818402290344), ('n_visited_items', 11923.9990234375)])
Wed 14 Jan 2026 21:41:00 INFO  [Epoch 33] Train Loss: 4.871381145784224
Wed 14 Jan 2026 21:41:00 INFO  [Epoch 33] Training Time: 8.0446s
Wed 14 Jan 2026 21:41:01 INFO  [Epoch 33] Eval Time: 1.8252s
Wed 14 Jan 2026 21:41:01 INFO  [Epoch 33] Val Results: OrderedDict([('ndcg@5', 0.04706684127449989), ('ndcg@10', 0.05809497833251953), ('recall@5', 0.07109005004167557), ('recall@10', 0.10524418205022812), ('n_visited_items', 11923.9990234375)])
Wed 14 Jan 2026 21:41:01 INFO  [Epoch 33] Saved model checkpoint to ckpt/genrec_default-main.py_--category=Toys_and_Games_--model=GRQ_--context_fusion_weight=4.0-Jan-14-2026_21-34-ff8b3b.pth
Wed 14 Jan 2026 21:41:10 INFO  [Epoch 34] Train Loss: 4.85210309631523
Wed 14 Jan 2026 21:41:10 INFO  [Epoch 34] Training Time: 8.0931s
Wed 14 Jan 2026 21:41:11 INFO  [Epoch 34] Eval Time: 1.8269s
Wed 14 Jan 2026 21:41:11 INFO  [Epoch 34] Val Results: OrderedDict([('ndcg@5', 0.04561436176300049), ('ndcg@10', 0.056634046137332916), ('recall@5', 0.06902946531772614), ('recall@10', 0.10323511064052582), ('n_visited_items', 11923.9990234375)])
Wed 14 Jan 2026 21:41:19 INFO  [Epoch 35] Train Loss: 4.83539700782162
Wed 14 Jan 2026 21:41:19 INFO  [Epoch 35] Training Time: 8.0454s
Wed 14 Jan 2026 21:41:21 INFO  [Epoch 35] Eval Time: 1.8270s
Wed 14 Jan 2026 21:41:21 INFO  [Epoch 35] Val Results: OrderedDict([('ndcg@5', 0.04710555821657181), ('ndcg@10', 0.05790643021464348), ('recall@5', 0.06995672732591629), ('recall@10', 0.1035441979765892), ('n_visited_items', 11923.9990234375)])
Wed 14 Jan 2026 21:41:29 INFO  [Epoch 36] Train Loss: 4.816589832305908
Wed 14 Jan 2026 21:41:29 INFO  [Epoch 36] Training Time: 8.0692s
Wed 14 Jan 2026 21:41:31 INFO  [Epoch 36] Eval Time: 1.8263s
Wed 14 Jan 2026 21:41:31 INFO  [Epoch 36] Val Results: OrderedDict([('ndcg@5', 0.04667999595403671), ('ndcg@10', 0.05814145877957344), ('recall@5', 0.06908097863197327), ('recall@10', 0.10457448661327362), ('n_visited_items', 11923.9990234375)])
Wed 14 Jan 2026 21:41:31 INFO  [Epoch 36] Saved model checkpoint to ckpt/genrec_default-main.py_--category=Toys_and_Games_--model=GRQ_--context_fusion_weight=4.0-Jan-14-2026_21-34-ff8b3b.pth
Wed 14 Jan 2026 21:41:39 INFO  [Epoch 37] Train Loss: 4.796322159383489
Wed 14 Jan 2026 21:41:39 INFO  [Epoch 37] Training Time: 8.0743s
Wed 14 Jan 2026 21:41:41 INFO  [Epoch 37] Eval Time: 1.8281s
Wed 14 Jan 2026 21:41:41 INFO  [Epoch 37] Val Results: OrderedDict([('ndcg@5', 0.0493142306804657), ('ndcg@10', 0.06043940782546997), ('recall@5', 0.07258396595716476), ('recall@10', 0.10699567198753357), ('n_visited_items', 11923.9990234375)])
Wed 14 Jan 2026 21:41:41 INFO  [Epoch 37] Saved model checkpoint to ckpt/genrec_default-main.py_--category=Toys_and_Games_--model=GRQ_--context_fusion_weight=4.0-Jan-14-2026_21-34-ff8b3b.pth
Wed 14 Jan 2026 21:41:49 INFO  [Epoch 38] Train Loss: 4.778047737033888
Wed 14 Jan 2026 21:41:49 INFO  [Epoch 38] Training Time: 8.0743s
Wed 14 Jan 2026 21:41:51 INFO  [Epoch 38] Eval Time: 1.8272s
Wed 14 Jan 2026 21:41:51 INFO  [Epoch 38] Val Results: OrderedDict([('ndcg@5', 0.048507001250982285), ('ndcg@10', 0.05976266786456108), ('recall@5', 0.07191427797079086), ('recall@10', 0.10694415867328644), ('n_visited_items', 11923.9990234375)])
Wed 14 Jan 2026 21:41:59 INFO  [Epoch 39] Train Loss: 4.759951487354849
Wed 14 Jan 2026 21:41:59 INFO  [Epoch 39] Training Time: 8.0722s
Wed 14 Jan 2026 21:42:01 INFO  [Epoch 39] Eval Time: 1.8290s
Wed 14 Jan 2026 21:42:01 INFO  [Epoch 39] Val Results: OrderedDict([('ndcg@5', 0.049941953271627426), ('ndcg@10', 0.061255890876054764), ('recall@5', 0.0739748626947403), ('recall@10', 0.1092107966542244), ('n_visited_items', 11923.9990234375)])
Wed 14 Jan 2026 21:42:01 INFO  [Epoch 39] Saved model checkpoint to ckpt/genrec_default-main.py_--category=Toys_and_Games_--model=GRQ_--context_fusion_weight=4.0-Jan-14-2026_21-34-ff8b3b.pth
Wed 14 Jan 2026 21:42:09 INFO  [Epoch 40] Train Loss: 4.7398615869982486
Wed 14 Jan 2026 21:42:09 INFO  [Epoch 40] Training Time: 8.0661s
Wed 14 Jan 2026 21:42:11 INFO  [Epoch 40] Eval Time: 1.9212s
Wed 14 Jan 2026 21:42:11 INFO  [Epoch 40] Val Results: OrderedDict([('ndcg@5', 0.0496649406850338), ('ndcg@10', 0.06124908849596977), ('recall@5', 0.07361426204442978), ('recall@10', 0.10951988399028778), ('n_visited_items', 11923.9990234375)])
Wed 14 Jan 2026 21:42:19 INFO  [Epoch 41] Train Loss: 4.720968832914856
Wed 14 Jan 2026 21:42:19 INFO  [Epoch 41] Training Time: 8.0692s
Wed 14 Jan 2026 21:42:21 INFO  [Epoch 41] Eval Time: 1.8219s
Wed 14 Jan 2026 21:42:21 INFO  [Epoch 41] Val Results: OrderedDict([('ndcg@5', 0.050656162202358246), ('ndcg@10', 0.061952218413352966), ('recall@5', 0.07433546334505081), ('recall@10', 0.10962291061878204), ('n_visited_items', 11923.9990234375)])
Wed 14 Jan 2026 21:42:21 INFO  [Epoch 41] Saved model checkpoint to ckpt/genrec_default-main.py_--category=Toys_and_Games_--model=GRQ_--context_fusion_weight=4.0-Jan-14-2026_21-34-ff8b3b.pth
Wed 14 Jan 2026 21:42:29 INFO  [Epoch 42] Train Loss: 4.701408484886432
Wed 14 Jan 2026 21:42:29 INFO  [Epoch 42] Training Time: 8.0708s
Wed 14 Jan 2026 21:42:31 INFO  [Epoch 42] Eval Time: 1.8236s
Wed 14 Jan 2026 21:42:31 INFO  [Epoch 42] Val Results: OrderedDict([('ndcg@5', 0.05067142844200134), ('ndcg@10', 0.06148634850978851), ('recall@5', 0.07474757730960846), ('recall@10', 0.10843808203935623), ('n_visited_items', 11923.9990234375)])
Wed 14 Jan 2026 21:42:39 INFO  [Epoch 43] Train Loss: 4.684336755467557
Wed 14 Jan 2026 21:42:39 INFO  [Epoch 43] Training Time: 8.0702s
Wed 14 Jan 2026 21:42:41 INFO  [Epoch 43] Eval Time: 1.8271s
Wed 14 Jan 2026 21:42:41 INFO  [Epoch 43] Val Results: OrderedDict([('ndcg@5', 0.050671983510255814), ('ndcg@10', 0.06161138787865639), ('recall@5', 0.07433546334505081), ('recall@10', 0.10823202133178711), ('n_visited_items', 11923.9990234375)])
Wed 14 Jan 2026 21:42:49 INFO  [Epoch 44] Train Loss: 4.662553535110649
Wed 14 Jan 2026 21:42:49 INFO  [Epoch 44] Training Time: 8.0716s
Wed 14 Jan 2026 21:42:51 INFO  [Epoch 44] Eval Time: 1.8475s
Wed 14 Jan 2026 21:42:51 INFO  [Epoch 44] Val Results: OrderedDict([('ndcg@5', 0.05192594602704048), ('ndcg@10', 0.06299366801977158), ('recall@5', 0.07603543996810913), ('recall@10', 0.11034411936998367), ('n_visited_items', 11923.9990234375)])
Wed 14 Jan 2026 21:42:51 INFO  [Epoch 44] Saved model checkpoint to ckpt/genrec_default-main.py_--category=Toys_and_Games_--model=GRQ_--context_fusion_weight=4.0-Jan-14-2026_21-34-ff8b3b.pth
Wed 14 Jan 2026 21:42:59 INFO  [Epoch 45] Train Loss: 4.645057409659199
Wed 14 Jan 2026 21:42:59 INFO  [Epoch 45] Training Time: 8.0692s
Wed 14 Jan 2026 21:43:01 INFO  [Epoch 45] Eval Time: 1.8318s
Wed 14 Jan 2026 21:43:01 INFO  [Epoch 45] Val Results: OrderedDict([('ndcg@5', 0.05176682397723198), ('ndcg@10', 0.06255719810724258), ('recall@5', 0.07613847404718399), ('recall@10', 0.10962291061878204), ('n_visited_items', 11923.9990234375)])
Wed 14 Jan 2026 21:43:09 INFO  [Epoch 46] Train Loss: 4.6268144914473615
Wed 14 Jan 2026 21:43:09 INFO  [Epoch 46] Training Time: 8.0701s
Wed 14 Jan 2026 21:43:10 INFO  [Epoch 46] Eval Time: 1.8276s
Wed 14 Jan 2026 21:43:10 INFO  [Epoch 46] Val Results: OrderedDict([('ndcg@5', 0.05244063213467598), ('ndcg@10', 0.06381010264158249), ('recall@5', 0.07660210132598877), ('recall@10', 0.11178652197122574), ('n_visited_items', 11923.9990234375)])
Wed 14 Jan 2026 21:43:10 INFO  [Epoch 46] Saved model checkpoint to ckpt/genrec_default-main.py_--category=Toys_and_Games_--model=GRQ_--context_fusion_weight=4.0-Jan-14-2026_21-34-ff8b3b.pth
Wed 14 Jan 2026 21:43:19 INFO  [Epoch 47] Train Loss: 4.605637725742384
Wed 14 Jan 2026 21:43:19 INFO  [Epoch 47] Training Time: 8.0719s
Wed 14 Jan 2026 21:43:20 INFO  [Epoch 47] Eval Time: 1.8237s
Wed 14 Jan 2026 21:43:20 INFO  [Epoch 47] Val Results: OrderedDict([('ndcg@5', 0.05297271907329559), ('ndcg@10', 0.0637759268283844), ('recall@5', 0.07737482339143753), ('recall@10', 0.11085925996303558), ('n_visited_items', 11923.9990234375)])
Wed 14 Jan 2026 21:43:28 INFO  [Epoch 48] Train Loss: 4.587467615631805
Wed 14 Jan 2026 21:43:28 INFO  [Epoch 48] Training Time: 8.0705s
Wed 14 Jan 2026 21:43:30 INFO  [Epoch 48] Eval Time: 1.8204s
Wed 14 Jan 2026 21:43:30 INFO  [Epoch 48] Val Results: OrderedDict([('ndcg@5', 0.05358700454235077), ('ndcg@10', 0.06480072438716888), ('recall@5', 0.07758087664842606), ('recall@10', 0.11235318332910538), ('n_visited_items', 11923.9990234375)])
Wed 14 Jan 2026 21:43:30 INFO  [Epoch 48] Saved model checkpoint to ckpt/genrec_default-main.py_--category=Toys_and_Games_--model=GRQ_--context_fusion_weight=4.0-Jan-14-2026_21-34-ff8b3b.pth
Wed 14 Jan 2026 21:43:38 INFO  [Epoch 49] Train Loss: 4.569475305491481
Wed 14 Jan 2026 21:43:38 INFO  [Epoch 49] Training Time: 8.0699s
Wed 14 Jan 2026 21:43:40 INFO  [Epoch 49] Eval Time: 1.8241s
Wed 14 Jan 2026 21:43:40 INFO  [Epoch 49] Val Results: OrderedDict([('ndcg@5', 0.053362540900707245), ('ndcg@10', 0.06425479799509048), ('recall@5', 0.0781475380063057), ('recall@10', 0.1118895560503006), ('n_visited_items', 11923.9990234375)])
Wed 14 Jan 2026 21:43:48 INFO  [Epoch 50] Train Loss: 4.549007497984787
Wed 14 Jan 2026 21:43:48 INFO  [Epoch 50] Training Time: 8.0703s
Wed 14 Jan 2026 21:43:50 INFO  [Epoch 50] Eval Time: 1.8260s
Wed 14 Jan 2026 21:43:50 INFO  [Epoch 50] Val Results: OrderedDict([('ndcg@5', 0.05403073504567146), ('ndcg@10', 0.06503602117300034), ('recall@5', 0.07871419936418533), ('recall@10', 0.11281681805849075), ('n_visited_items', 11923.9990234375)])
Wed 14 Jan 2026 21:43:50 INFO  [Epoch 50] Saved model checkpoint to ckpt/genrec_default-main.py_--category=Toys_and_Games_--model=GRQ_--context_fusion_weight=4.0-Jan-14-2026_21-34-ff8b3b.pth
Wed 14 Jan 2026 21:43:58 INFO  [Epoch 51] Train Loss: 4.534053868260877
Wed 14 Jan 2026 21:43:58 INFO  [Epoch 51] Training Time: 8.0689s
Wed 14 Jan 2026 21:44:00 INFO  [Epoch 51] Eval Time: 1.8211s
Wed 14 Jan 2026 21:44:00 INFO  [Epoch 51] Val Results: OrderedDict([('ndcg@5', 0.05471530556678772), ('ndcg@10', 0.06485747545957565), ('recall@5', 0.07964146137237549), ('recall@10', 0.11116834729909897), ('n_visited_items', 11923.9990234375)])
Wed 14 Jan 2026 21:44:08 INFO  [Epoch 52] Train Loss: 4.512145223288701
Wed 14 Jan 2026 21:44:08 INFO  [Epoch 52] Training Time: 8.0706s
Wed 14 Jan 2026 21:44:10 INFO  [Epoch 52] Eval Time: 1.8213s
Wed 14 Jan 2026 21:44:10 INFO  [Epoch 52] Val Results: OrderedDict([('ndcg@5', 0.054950498044490814), ('ndcg@10', 0.0651220753788948), ('recall@5', 0.08103235065937042), ('recall@10', 0.11266227066516876), ('n_visited_items', 11923.9990234375)])
Wed 14 Jan 2026 21:44:10 INFO  [Epoch 52] Saved model checkpoint to ckpt/genrec_default-main.py_--category=Toys_and_Games_--model=GRQ_--context_fusion_weight=4.0-Jan-14-2026_21-34-ff8b3b.pth
Wed 14 Jan 2026 21:44:18 INFO  [Epoch 53] Train Loss: 4.49647150368526
Wed 14 Jan 2026 21:44:18 INFO  [Epoch 53] Training Time: 8.0713s
Wed 14 Jan 2026 21:44:20 INFO  [Epoch 53] Eval Time: 1.8273s
Wed 14 Jan 2026 21:44:20 INFO  [Epoch 53] Val Results: OrderedDict([('ndcg@5', 0.0558236762881279), ('ndcg@10', 0.06633613258600235), ('recall@5', 0.08113537728786469), ('recall@10', 0.11374407261610031), ('n_visited_items', 11923.9990234375)])
Wed 14 Jan 2026 21:44:20 INFO  [Epoch 53] Saved model checkpoint to ckpt/genrec_default-main.py_--category=Toys_and_Games_--model=GRQ_--context_fusion_weight=4.0-Jan-14-2026_21-34-ff8b3b.pth
Wed 14 Jan 2026 21:44:28 INFO  [Epoch 54] Train Loss: 4.477687282123785
Wed 14 Jan 2026 21:44:28 INFO  [Epoch 54] Training Time: 8.0712s
Wed 14 Jan 2026 21:44:30 INFO  [Epoch 54] Eval Time: 1.8250s
Wed 14 Jan 2026 21:44:30 INFO  [Epoch 54] Val Results: OrderedDict([('ndcg@5', 0.05416247621178627), ('ndcg@10', 0.06499753892421722), ('recall@5', 0.07928086072206497), ('recall@10', 0.11291984468698502), ('n_visited_items', 11923.9990234375)])
Wed 14 Jan 2026 21:44:38 INFO  [Epoch 55] Train Loss: 4.464045195743956
Wed 14 Jan 2026 21:44:38 INFO  [Epoch 55] Training Time: 8.0777s
Wed 14 Jan 2026 21:44:40 INFO  [Epoch 55] Eval Time: 1.9163s
Wed 14 Jan 2026 21:44:40 INFO  [Epoch 55] Val Results: OrderedDict([('ndcg@5', 0.055639758706092834), ('ndcg@10', 0.06636285036802292), ('recall@5', 0.08103235065937042), ('recall@10', 0.11431073397397995), ('n_visited_items', 11923.9990234375)])
Wed 14 Jan 2026 21:44:40 INFO  [Epoch 55] Saved model checkpoint to ckpt/genrec_default-main.py_--category=Toys_and_Games_--model=GRQ_--context_fusion_weight=4.0-Jan-14-2026_21-34-ff8b3b.pth
Wed 14 Jan 2026 21:44:48 INFO  [Epoch 56] Train Loss: 4.443545588131609
Wed 14 Jan 2026 21:44:48 INFO  [Epoch 56] Training Time: 8.0703s
Wed 14 Jan 2026 21:44:50 INFO  [Epoch 56] Eval Time: 1.8221s
Wed 14 Jan 2026 21:44:50 INFO  [Epoch 56] Val Results: OrderedDict([('ndcg@5', 0.05477233603596687), ('ndcg@10', 0.06556729972362518), ('recall@5', 0.07938388735055923), ('recall@10', 0.11281681805849075), ('n_visited_items', 11923.9990234375)])
Wed 14 Jan 2026 21:44:58 INFO  [Epoch 57] Train Loss: 4.429207505850957
Wed 14 Jan 2026 21:44:58 INFO  [Epoch 57] Training Time: 8.0700s
Wed 14 Jan 2026 21:45:00 INFO  [Epoch 57] Eval Time: 1.8274s
Wed 14 Jan 2026 21:45:00 INFO  [Epoch 57] Val Results: OrderedDict([('ndcg@5', 0.05543172359466553), ('ndcg@10', 0.06584542244672775), ('recall@5', 0.08077477663755417), ('recall@10', 0.1132289320230484), ('n_visited_items', 11923.9990234375)])
Wed 14 Jan 2026 21:45:08 INFO  [Epoch 58] Train Loss: 4.409714770043033
Wed 14 Jan 2026 21:45:08 INFO  [Epoch 58] Training Time: 8.0724s
Wed 14 Jan 2026 21:45:09 INFO  [Epoch 58] Eval Time: 1.8219s
Wed 14 Jan 2026 21:45:09 INFO  [Epoch 58] Val Results: OrderedDict([('ndcg@5', 0.054714277386665344), ('ndcg@10', 0.06568651646375656), ('recall@5', 0.07974448800086975), ('recall@10', 0.11374407261610031), ('n_visited_items', 11923.9990234375)])
Wed 14 Jan 2026 21:45:18 INFO  [Epoch 59] Train Loss: 4.3937981375332535
Wed 14 Jan 2026 21:45:18 INFO  [Epoch 59] Training Time: 8.0708s
Wed 14 Jan 2026 21:45:19 INFO  [Epoch 59] Eval Time: 1.9121s
Wed 14 Jan 2026 21:45:19 INFO  [Epoch 59] Val Results: OrderedDict([('ndcg@5', 0.055557966232299805), ('ndcg@10', 0.06579548120498657), ('recall@5', 0.08072326332330704), ('recall@10', 0.11235318332910538), ('n_visited_items', 11923.9990234375)])
Wed 14 Jan 2026 21:45:28 INFO  [Epoch 60] Train Loss: 4.378175280560022
Wed 14 Jan 2026 21:45:28 INFO  [Epoch 60] Training Time: 8.0672s
Wed 14 Jan 2026 21:45:29 INFO  [Epoch 60] Eval Time: 1.8237s
Wed 14 Jan 2026 21:45:29 INFO  [Epoch 60] Val Results: OrderedDict([('ndcg@5', 0.05576662719249725), ('ndcg@10', 0.06657829135656357), ('recall@5', 0.0808262899518013), ('recall@10', 0.11441376805305481), ('n_visited_items', 11923.9990234375)])
Wed 14 Jan 2026 21:45:29 INFO  [Epoch 60] Saved model checkpoint to ckpt/genrec_default-main.py_--category=Toys_and_Games_--model=GRQ_--context_fusion_weight=4.0-Jan-14-2026_21-34-ff8b3b.pth
Wed 14 Jan 2026 21:45:37 INFO  [Epoch 61] Train Loss: 4.3629961013793945
Wed 14 Jan 2026 21:45:37 INFO  [Epoch 61] Training Time: 8.0700s
Wed 14 Jan 2026 21:45:39 INFO  [Epoch 61] Eval Time: 1.8247s
Wed 14 Jan 2026 21:45:39 INFO  [Epoch 61] Val Results: OrderedDict([('ndcg@5', 0.055577438324689865), ('ndcg@10', 0.06563350558280945), ('recall@5', 0.08051720261573792), ('recall@10', 0.11168349534273148), ('n_visited_items', 11923.9990234375)])
Wed 14 Jan 2026 21:45:47 INFO  [Epoch 62] Train Loss: 4.347281801289525
Wed 14 Jan 2026 21:45:47 INFO  [Epoch 62] Training Time: 8.0704s
Wed 14 Jan 2026 21:45:49 INFO  [Epoch 62] Eval Time: 1.8232s
Wed 14 Jan 2026 21:45:49 INFO  [Epoch 62] Val Results: OrderedDict([('ndcg@5', 0.05596079304814339), ('ndcg@10', 0.06581258028745651), ('recall@5', 0.08051720261573792), ('recall@10', 0.11111683398485184), ('n_visited_items', 11923.9990234375)])
Wed 14 Jan 2026 21:45:57 INFO  [Epoch 63] Train Loss: 4.332262872279375
Wed 14 Jan 2026 21:45:57 INFO  [Epoch 63] Training Time: 8.0675s
Wed 14 Jan 2026 21:45:59 INFO  [Epoch 63] Eval Time: 1.8222s
Wed 14 Jan 2026 21:45:59 INFO  [Epoch 63] Val Results: OrderedDict([('ndcg@5', 0.05640379711985588), ('ndcg@10', 0.06683183461427689), ('recall@5', 0.08113537728786469), ('recall@10', 0.11353801935911179), ('n_visited_items', 11923.9990234375)])
Wed 14 Jan 2026 21:45:59 INFO  [Epoch 63] Saved model checkpoint to ckpt/genrec_default-main.py_--category=Toys_and_Games_--model=GRQ_--context_fusion_weight=4.0-Jan-14-2026_21-34-ff8b3b.pth
Wed 14 Jan 2026 21:46:07 INFO  [Epoch 64] Train Loss: 4.314661886500216
Wed 14 Jan 2026 21:46:07 INFO  [Epoch 64] Training Time: 8.0719s
Wed 14 Jan 2026 21:46:09 INFO  [Epoch 64] Eval Time: 1.8229s
Wed 14 Jan 2026 21:46:09 INFO  [Epoch 64] Val Results: OrderedDict([('ndcg@5', 0.05603703856468201), ('ndcg@10', 0.06672777235507965), ('recall@5', 0.08159901201725006), ('recall@10', 0.11482588201761246), ('n_visited_items', 11923.9990234375)])
Wed 14 Jan 2026 21:46:17 INFO  [Epoch 65] Train Loss: 4.3012148484416395
Wed 14 Jan 2026 21:46:17 INFO  [Epoch 65] Training Time: 8.0729s
Wed 14 Jan 2026 21:46:19 INFO  [Epoch 65] Eval Time: 1.8229s
Wed 14 Jan 2026 21:46:19 INFO  [Epoch 65] Val Results: OrderedDict([('ndcg@5', 0.05579167231917381), ('ndcg@10', 0.06619080901145935), ('recall@5', 0.08118689805269241), ('recall@10', 0.11364104598760605), ('n_visited_items', 11923.9990234375)])
Wed 14 Jan 2026 21:46:27 INFO  [Epoch 66] Train Loss: 4.287482250695941
Wed 14 Jan 2026 21:46:27 INFO  [Epoch 66] Training Time: 8.0709s
Wed 14 Jan 2026 21:46:29 INFO  [Epoch 66] Eval Time: 1.8250s
Wed 14 Jan 2026 21:46:29 INFO  [Epoch 66] Val Results: OrderedDict([('ndcg@5', 0.056485533714294434), ('ndcg@10', 0.06670735031366348), ('recall@5', 0.08031114935874939), ('recall@10', 0.11199258267879486), ('n_visited_items', 11923.9990234375)])
Wed 14 Jan 2026 21:46:37 INFO  [Epoch 67] Train Loss: 4.271523607188258
Wed 14 Jan 2026 21:46:37 INFO  [Epoch 67] Training Time: 8.0697s
Wed 14 Jan 2026 21:46:39 INFO  [Epoch 67] Eval Time: 1.8237s
Wed 14 Jan 2026 21:46:39 INFO  [Epoch 67] Val Results: OrderedDict([('ndcg@5', 0.05533398315310478), ('ndcg@10', 0.06583410501480103), ('recall@5', 0.08046568930149078), ('recall@10', 0.11297135800123215), ('n_visited_items', 11923.9990234375)])
Wed 14 Jan 2026 21:46:47 INFO  [Epoch 68] Train Loss: 4.257100242307817
Wed 14 Jan 2026 21:46:47 INFO  [Epoch 68] Training Time: 8.0714s
Wed 14 Jan 2026 21:46:49 INFO  [Epoch 68] Eval Time: 1.8247s
Wed 14 Jan 2026 21:46:49 INFO  [Epoch 68] Val Results: OrderedDict([('ndcg@5', 0.056172020733356476), ('ndcg@10', 0.06732527166604996), ('recall@5', 0.08092932403087616), ('recall@10', 0.11570163071155548), ('n_visited_items', 11923.9990234375)])
Wed 14 Jan 2026 21:46:49 INFO  [Epoch 68] Saved model checkpoint to ckpt/genrec_default-main.py_--category=Toys_and_Games_--model=GRQ_--context_fusion_weight=4.0-Jan-14-2026_21-34-ff8b3b.pth
Wed 14 Jan 2026 21:46:57 INFO  [Epoch 69] Train Loss: 4.246993618449945
Wed 14 Jan 2026 21:46:57 INFO  [Epoch 69] Training Time: 8.0710s
Wed 14 Jan 2026 21:46:59 INFO  [Epoch 69] Eval Time: 1.8265s
Wed 14 Jan 2026 21:46:59 INFO  [Epoch 69] Val Results: OrderedDict([('ndcg@5', 0.055332250893116), ('ndcg@10', 0.06614447385072708), ('recall@5', 0.07928086072206497), ('recall@10', 0.11281681805849075), ('n_visited_items', 11923.9990234375)])
Wed 14 Jan 2026 21:47:07 INFO  [Epoch 70] Train Loss: 4.233913465477954
Wed 14 Jan 2026 21:47:07 INFO  [Epoch 70] Training Time: 8.0743s
Wed 14 Jan 2026 21:47:09 INFO  [Epoch 70] Eval Time: 1.9203s
Wed 14 Jan 2026 21:47:09 INFO  [Epoch 70] Val Results: OrderedDict([('ndcg@5', 0.05572109296917915), ('ndcg@10', 0.06612811237573624), ('recall@5', 0.08072326332330704), ('recall@10', 0.11307438462972641), ('n_visited_items', 11923.9990234375)])
Wed 14 Jan 2026 21:47:17 INFO  [Epoch 71] Train Loss: 4.218139325065175
Wed 14 Jan 2026 21:47:17 INFO  [Epoch 71] Training Time: 8.0701s
Wed 14 Jan 2026 21:47:18 INFO  [Epoch 71] Eval Time: 1.8279s
Wed 14 Jan 2026 21:47:18 INFO  [Epoch 71] Val Results: OrderedDict([('ndcg@5', 0.05608803406357765), ('ndcg@10', 0.06673228740692139), ('recall@5', 0.07989902794361115), ('recall@10', 0.11302287131547928), ('n_visited_items', 11923.9990234375)])
Wed 14 Jan 2026 21:47:26 INFO  [Epoch 72] Train Loss: 4.207214667879302
Wed 14 Jan 2026 21:47:26 INFO  [Epoch 72] Training Time: 8.0721s
Wed 14 Jan 2026 21:47:28 INFO  [Epoch 72] Eval Time: 1.8256s
Wed 14 Jan 2026 21:47:28 INFO  [Epoch 72] Val Results: OrderedDict([('ndcg@5', 0.055989209562540054), ('ndcg@10', 0.06704393029212952), ('recall@5', 0.07989902794361115), ('recall@10', 0.11415619403123856), ('n_visited_items', 11923.9990234375)])
Wed 14 Jan 2026 21:47:36 INFO  [Epoch 73] Train Loss: 4.196257454225386
Wed 14 Jan 2026 21:47:36 INFO  [Epoch 73] Training Time: 8.0704s
Wed 14 Jan 2026 21:47:38 INFO  [Epoch 73] Eval Time: 1.8290s
Wed 14 Jan 2026 21:47:38 INFO  [Epoch 73] Val Results: OrderedDict([('ndcg@5', 0.05669591203331947), ('ndcg@10', 0.06721842288970947), ('recall@5', 0.0814959853887558), ('recall@10', 0.11425922065973282), ('n_visited_items', 11923.9990234375)])
Wed 14 Jan 2026 21:47:46 INFO  [Epoch 74] Train Loss: 4.182663846289975
Wed 14 Jan 2026 21:47:46 INFO  [Epoch 74] Training Time: 8.0710s
Wed 14 Jan 2026 21:47:48 INFO  [Epoch 74] Eval Time: 1.8249s
Wed 14 Jan 2026 21:47:48 INFO  [Epoch 74] Val Results: OrderedDict([('ndcg@5', 0.05612393096089363), ('ndcg@10', 0.06658842414617538), ('recall@5', 0.08113537728786469), ('recall@10', 0.11364104598760605), ('n_visited_items', 11923.9990234375)])
Wed 14 Jan 2026 21:47:56 INFO  [Epoch 75] Train Loss: 4.171972299444264
Wed 14 Jan 2026 21:47:56 INFO  [Epoch 75] Training Time: 8.0725s
Wed 14 Jan 2026 21:47:58 INFO  [Epoch 75] Eval Time: 1.8275s
Wed 14 Jan 2026 21:47:58 INFO  [Epoch 75] Val Results: OrderedDict([('ndcg@5', 0.05625516548752785), ('ndcg@10', 0.0663757398724556), ('recall@5', 0.08092932403087616), ('recall@10', 0.11250773072242737), ('n_visited_items', 11923.9990234375)])
Wed 14 Jan 2026 21:48:06 INFO  [Epoch 76] Train Loss: 4.158674533339752
Wed 14 Jan 2026 21:48:06 INFO  [Epoch 76] Training Time: 8.0728s
Wed 14 Jan 2026 21:48:08 INFO  [Epoch 76] Eval Time: 1.8269s
Wed 14 Jan 2026 21:48:08 INFO  [Epoch 76] Val Results: OrderedDict([('ndcg@5', 0.056488364934921265), ('ndcg@10', 0.06735727936029434), ('recall@5', 0.08103235065937042), ('recall@10', 0.11482588201761246), ('n_visited_items', 11923.9990234375)])
Wed 14 Jan 2026 21:48:08 INFO  [Epoch 76] Saved model checkpoint to ckpt/genrec_default-main.py_--category=Toys_and_Games_--model=GRQ_--context_fusion_weight=4.0-Jan-14-2026_21-34-ff8b3b.pth
Wed 14 Jan 2026 21:48:16 INFO  [Epoch 77] Train Loss: 4.150242312201138
Wed 14 Jan 2026 21:48:16 INFO  [Epoch 77] Training Time: 8.0751s
Wed 14 Jan 2026 21:48:18 INFO  [Epoch 77] Eval Time: 1.8302s
Wed 14 Jan 2026 21:48:18 INFO  [Epoch 77] Val Results: OrderedDict([('ndcg@5', 0.057381436228752136), ('ndcg@10', 0.06748969852924347), ('recall@5', 0.08195961266756058), ('recall@10', 0.11343498528003693), ('n_visited_items', 11923.9990234375)])
Wed 14 Jan 2026 21:48:18 INFO  [Epoch 77] Saved model checkpoint to ckpt/genrec_default-main.py_--category=Toys_and_Games_--model=GRQ_--context_fusion_weight=4.0-Jan-14-2026_21-34-ff8b3b.pth
Wed 14 Jan 2026 21:48:26 INFO  [Epoch 78] Train Loss: 4.137734287086574
Wed 14 Jan 2026 21:48:26 INFO  [Epoch 78] Training Time: 8.0710s
Wed 14 Jan 2026 21:48:28 INFO  [Epoch 78] Eval Time: 1.8247s
Wed 14 Jan 2026 21:48:28 INFO  [Epoch 78] Val Results: OrderedDict([('ndcg@5', 0.056915152817964554), ('ndcg@10', 0.06734312325716019), ('recall@5', 0.08175355195999146), ('recall@10', 0.11410468071699142), ('n_visited_items', 11923.9990234375)])
Wed 14 Jan 2026 21:48:36 INFO  [Epoch 79] Train Loss: 4.127013707983083
Wed 14 Jan 2026 21:48:36 INFO  [Epoch 79] Training Time: 8.0730s
Wed 14 Jan 2026 21:48:38 INFO  [Epoch 79] Eval Time: 1.8242s
Wed 14 Jan 2026 21:48:38 INFO  [Epoch 79] Val Results: OrderedDict([('ndcg@5', 0.05697781592607498), ('ndcg@10', 0.06691896170377731), ('recall@5', 0.08201112598180771), ('recall@10', 0.11297135800123215), ('n_visited_items', 11923.9990234375)])
Wed 14 Jan 2026 21:48:46 INFO  [Epoch 80] Train Loss: 4.114148967567531
Wed 14 Jan 2026 21:48:46 INFO  [Epoch 80] Training Time: 8.0726s
Wed 14 Jan 2026 21:48:48 INFO  [Epoch 80] Eval Time: 1.8276s
Wed 14 Jan 2026 21:48:48 INFO  [Epoch 80] Val Results: OrderedDict([('ndcg@5', 0.055750880390405655), ('ndcg@10', 0.06687087565660477), ('recall@5', 0.08056872338056564), ('recall@10', 0.11518648266792297), ('n_visited_items', 11923.9990234375)])
Wed 14 Jan 2026 21:48:56 INFO  [Epoch 81] Train Loss: 4.106738482398549
Wed 14 Jan 2026 21:48:56 INFO  [Epoch 81] Training Time: 8.0704s
Wed 14 Jan 2026 21:48:57 INFO  [Epoch 81] Eval Time: 1.8243s
Wed 14 Jan 2026 21:48:57 INFO  [Epoch 81] Val Results: OrderedDict([('ndcg@5', 0.056335318833589554), ('ndcg@10', 0.06695150583982468), ('recall@5', 0.08041417598724365), ('recall@10', 0.1133834719657898), ('n_visited_items', 11923.9990234375)])
Wed 14 Jan 2026 21:49:06 INFO  [Epoch 82] Train Loss: 4.098325471768434
Wed 14 Jan 2026 21:49:06 INFO  [Epoch 82] Training Time: 8.0715s
Wed 14 Jan 2026 21:49:07 INFO  [Epoch 82] Eval Time: 1.8242s
Wed 14 Jan 2026 21:49:07 INFO  [Epoch 82] Val Results: OrderedDict([('ndcg@5', 0.057598333805799484), ('ndcg@10', 0.06778133660554886), ('recall@5', 0.08123841136693954), ('recall@10', 0.11281681805849075), ('n_visited_items', 11923.9990234375)])
Wed 14 Jan 2026 21:49:07 INFO  [Epoch 82] Saved model checkpoint to ckpt/genrec_default-main.py_--category=Toys_and_Games_--model=GRQ_--context_fusion_weight=4.0-Jan-14-2026_21-34-ff8b3b.pth
Wed 14 Jan 2026 21:49:16 INFO  [Epoch 83] Train Loss: 4.0883823345447405
Wed 14 Jan 2026 21:49:16 INFO  [Epoch 83] Training Time: 8.0765s
Wed 14 Jan 2026 21:49:17 INFO  [Epoch 83] Eval Time: 1.8253s
Wed 14 Jan 2026 21:49:17 INFO  [Epoch 83] Val Results: OrderedDict([('ndcg@5', 0.05715176463127136), ('ndcg@10', 0.06775058060884476), ('recall@5', 0.08113537728786469), ('recall@10', 0.1140531599521637), ('n_visited_items', 11923.9990234375)])
Wed 14 Jan 2026 21:49:25 INFO  [Epoch 84] Train Loss: 4.073115093954678
Wed 14 Jan 2026 21:49:25 INFO  [Epoch 84] Training Time: 8.0754s
Wed 14 Jan 2026 21:49:27 INFO  [Epoch 84] Eval Time: 1.8233s
Wed 14 Jan 2026 21:49:27 INFO  [Epoch 84] Val Results: OrderedDict([('ndcg@5', 0.05707671120762825), ('ndcg@10', 0.06745149195194244), ('recall@5', 0.08175355195999146), ('recall@10', 0.11400164663791656), ('n_visited_items', 11923.9990234375)])
Wed 14 Jan 2026 21:49:35 INFO  [Epoch 85] Train Loss: 4.066712552103503
Wed 14 Jan 2026 21:49:35 INFO  [Epoch 85] Training Time: 8.1704s
Wed 14 Jan 2026 21:49:37 INFO  [Epoch 85] Eval Time: 1.8258s
Wed 14 Jan 2026 21:49:37 INFO  [Epoch 85] Val Results: OrderedDict([('ndcg@5', 0.056629858911037445), ('ndcg@10', 0.06721735000610352), ('recall@5', 0.08175355195999146), ('recall@10', 0.11467133462429047), ('n_visited_items', 11923.9990234375)])
Wed 14 Jan 2026 21:49:45 INFO  [Epoch 86] Train Loss: 4.058600236629617
Wed 14 Jan 2026 21:49:45 INFO  [Epoch 86] Training Time: 8.0754s
Wed 14 Jan 2026 21:49:47 INFO  [Epoch 86] Eval Time: 1.8189s
Wed 14 Jan 2026 21:49:47 INFO  [Epoch 86] Val Results: OrderedDict([('ndcg@5', 0.057097695767879486), ('ndcg@10', 0.06734627485275269), ('recall@5', 0.0808262899518013), ('recall@10', 0.11266227066516876), ('n_visited_items', 11923.9990234375)])
Wed 14 Jan 2026 21:49:55 INFO  [Epoch 87] Train Loss: 4.0484328516598405
Wed 14 Jan 2026 21:49:55 INFO  [Epoch 87] Training Time: 8.0741s
Wed 14 Jan 2026 21:49:57 INFO  [Epoch 87] Eval Time: 1.8199s
Wed 14 Jan 2026 21:49:57 INFO  [Epoch 87] Val Results: OrderedDict([('ndcg@5', 0.05669764056801796), ('ndcg@10', 0.06768002361059189), ('recall@5', 0.08154749870300293), ('recall@10', 0.11554708331823349), ('n_visited_items', 11923.9990234375)])
Wed 14 Jan 2026 21:50:05 INFO  [Epoch 88] Train Loss: 4.038176281698819
Wed 14 Jan 2026 21:50:05 INFO  [Epoch 88] Training Time: 8.0756s
Wed 14 Jan 2026 21:50:07 INFO  [Epoch 88] Eval Time: 1.8294s
Wed 14 Jan 2026 21:50:07 INFO  [Epoch 88] Val Results: OrderedDict([('ndcg@5', 0.05736963823437691), ('ndcg@10', 0.06772332638502121), ('recall@5', 0.08190809935331345), ('recall@10', 0.11400164663791656), ('n_visited_items', 11923.9990234375)])
Wed 14 Jan 2026 21:50:15 INFO  [Epoch 89] Train Loss: 4.031134177898538
Wed 14 Jan 2026 21:50:15 INFO  [Epoch 89] Training Time: 8.0740s
Wed 14 Jan 2026 21:50:17 INFO  [Epoch 89] Eval Time: 1.8253s
Wed 14 Jan 2026 21:50:17 INFO  [Epoch 89] Val Results: OrderedDict([('ndcg@5', 0.058013420552015305), ('ndcg@10', 0.06841105222702026), ('recall@5', 0.08273232728242874), ('recall@10', 0.11508345603942871), ('n_visited_items', 11923.9990234375)])
Wed 14 Jan 2026 21:50:17 INFO  [Epoch 89] Saved model checkpoint to ckpt/genrec_default-main.py_--category=Toys_and_Games_--model=GRQ_--context_fusion_weight=4.0-Jan-14-2026_21-34-ff8b3b.pth
Wed 14 Jan 2026 21:50:25 INFO  [Epoch 90] Train Loss: 4.021340682588774
Wed 14 Jan 2026 21:50:25 INFO  [Epoch 90] Training Time: 8.0747s
Wed 14 Jan 2026 21:50:27 INFO  [Epoch 90] Eval Time: 1.8238s
Wed 14 Jan 2026 21:50:27 INFO  [Epoch 90] Val Results: OrderedDict([('ndcg@5', 0.05623781681060791), ('ndcg@10', 0.0672670379281044), ('recall@5', 0.08103235065937042), ('recall@10', 0.1152379959821701), ('n_visited_items', 11923.9990234375)])
Wed 14 Jan 2026 21:50:35 INFO  [Epoch 91] Train Loss: 4.01506677167169
Wed 14 Jan 2026 21:50:35 INFO  [Epoch 91] Training Time: 8.0742s
Wed 14 Jan 2026 21:50:37 INFO  [Epoch 91] Eval Time: 1.8222s
Wed 14 Jan 2026 21:50:37 INFO  [Epoch 91] Val Results: OrderedDict([('ndcg@5', 0.057148344814777374), ('ndcg@10', 0.06720718741416931), ('recall@5', 0.08221718668937683), ('recall@10', 0.11348650604486465), ('n_visited_items', 11923.9990234375)])
Wed 14 Jan 2026 21:50:45 INFO  [Epoch 92] Train Loss: 4.000711131369931
Wed 14 Jan 2026 21:50:45 INFO  [Epoch 92] Training Time: 8.0699s
Wed 14 Jan 2026 21:50:47 INFO  [Epoch 92] Eval Time: 1.8228s
Wed 14 Jan 2026 21:50:47 INFO  [Epoch 92] Val Results: OrderedDict([('ndcg@5', 0.0572706013917923), ('ndcg@10', 0.06727607548236847), ('recall@5', 0.08175355195999146), ('recall@10', 0.11281681805849075), ('n_visited_items', 11923.9990234375)])
Wed 14 Jan 2026 21:50:55 INFO  [Epoch 93] Train Loss: 3.99523803831517
Wed 14 Jan 2026 21:50:55 INFO  [Epoch 93] Training Time: 8.0714s
Wed 14 Jan 2026 21:50:56 INFO  [Epoch 93] Eval Time: 1.8197s
Wed 14 Jan 2026 21:50:56 INFO  [Epoch 93] Val Results: OrderedDict([('ndcg@5', 0.05664815381169319), ('ndcg@10', 0.06712599098682404), ('recall@5', 0.08031114935874939), ('recall@10', 0.11291984468698502), ('n_visited_items', 11923.9990234375)])
Wed 14 Jan 2026 21:51:05 INFO  [Epoch 94] Train Loss: 3.987017105365622
Wed 14 Jan 2026 21:51:05 INFO  [Epoch 94] Training Time: 8.0725s
Wed 14 Jan 2026 21:51:06 INFO  [Epoch 94] Eval Time: 1.8237s
Wed 14 Jan 2026 21:51:06 INFO  [Epoch 94] Val Results: OrderedDict([('ndcg@5', 0.05767161399126053), ('ndcg@10', 0.06812330335378647), ('recall@5', 0.08128992468118668), ('recall@10', 0.11395013332366943), ('n_visited_items', 11923.9990234375)])
Wed 14 Jan 2026 21:51:14 INFO  [Epoch 95] Train Loss: 3.980860247009102
Wed 14 Jan 2026 21:51:14 INFO  [Epoch 95] Training Time: 8.0708s
Wed 14 Jan 2026 21:51:16 INFO  [Epoch 95] Eval Time: 1.8224s
Wed 14 Jan 2026 21:51:16 INFO  [Epoch 95] Val Results: OrderedDict([('ndcg@5', 0.057800520211458206), ('ndcg@10', 0.06762390583753586), ('recall@5', 0.0821656733751297), ('recall@10', 0.11266227066516876), ('n_visited_items', 11923.9990234375)])
Wed 14 Jan 2026 21:51:24 INFO  [Epoch 96] Train Loss: 3.9735996640961746
Wed 14 Jan 2026 21:51:24 INFO  [Epoch 96] Training Time: 8.0722s
Wed 14 Jan 2026 21:51:26 INFO  [Epoch 96] Eval Time: 1.8226s
Wed 14 Jan 2026 21:51:26 INFO  [Epoch 96] Val Results: OrderedDict([('ndcg@5', 0.056744202971458435), ('ndcg@10', 0.06737995892763138), ('recall@5', 0.07995054870843887), ('recall@10', 0.11291984468698502), ('n_visited_items', 11923.9990234375)])
Wed 14 Jan 2026 21:51:34 INFO  [Epoch 97] Train Loss: 3.969880545276335
Wed 14 Jan 2026 21:51:34 INFO  [Epoch 97] Training Time: 8.0697s
Wed 14 Jan 2026 21:51:36 INFO  [Epoch 97] Eval Time: 1.8226s
Wed 14 Jan 2026 21:51:36 INFO  [Epoch 97] Val Results: OrderedDict([('ndcg@5', 0.057237520813941956), ('ndcg@10', 0.0673801526427269), ('recall@5', 0.08159901201725006), ('recall@10', 0.11317741870880127), ('n_visited_items', 11923.9990234375)])
Wed 14 Jan 2026 21:51:44 INFO  [Epoch 98] Train Loss: 3.957922085948374
Wed 14 Jan 2026 21:51:44 INFO  [Epoch 98] Training Time: 8.0720s
Wed 14 Jan 2026 21:51:46 INFO  [Epoch 98] Eval Time: 1.8244s
Wed 14 Jan 2026 21:51:46 INFO  [Epoch 98] Val Results: OrderedDict([('ndcg@5', 0.057038843631744385), ('ndcg@10', 0.06736588478088379), ('recall@5', 0.08144446462392807), ('recall@10', 0.11358953267335892), ('n_visited_items', 11923.9990234375)])
Wed 14 Jan 2026 21:51:54 INFO  [Epoch 99] Train Loss: 3.9512416494303735
Wed 14 Jan 2026 21:51:54 INFO  [Epoch 99] Training Time: 8.0739s
Wed 14 Jan 2026 21:51:56 INFO  [Epoch 99] Eval Time: 1.8264s
Wed 14 Jan 2026 21:51:56 INFO  [Epoch 99] Val Results: OrderedDict([('ndcg@5', 0.05681690573692322), ('ndcg@10', 0.06716056913137436), ('recall@5', 0.08103235065937042), ('recall@10', 0.11312589794397354), ('n_visited_items', 11923.9990234375)])
Wed 14 Jan 2026 21:52:04 INFO  [Epoch 100] Train Loss: 3.943910817990358
Wed 14 Jan 2026 21:52:04 INFO  [Epoch 100] Training Time: 8.1673s
Wed 14 Jan 2026 21:52:06 INFO  [Epoch 100] Eval Time: 1.8257s
Wed 14 Jan 2026 21:52:06 INFO  [Epoch 100] Val Results: OrderedDict([('ndcg@5', 0.05692530795931816), ('ndcg@10', 0.06740543991327286), ('recall@5', 0.07984751462936401), ('recall@10', 0.11245620995759964), ('n_visited_items', 11923.9990234375)])
Wed 14 Jan 2026 21:52:14 INFO  [Epoch 101] Train Loss: 3.9417492795264586
Wed 14 Jan 2026 21:52:14 INFO  [Epoch 101] Training Time: 8.0724s
Wed 14 Jan 2026 21:52:16 INFO  [Epoch 101] Eval Time: 1.8169s
Wed 14 Jan 2026 21:52:16 INFO  [Epoch 101] Val Results: OrderedDict([('ndcg@5', 0.05750318616628647), ('ndcg@10', 0.06790118664503098), ('recall@5', 0.08113537728786469), ('recall@10', 0.11358953267335892), ('n_visited_items', 11923.9990234375)])
Wed 14 Jan 2026 21:52:24 INFO  [Epoch 102] Train Loss: 3.931702597387906
Wed 14 Jan 2026 21:52:24 INFO  [Epoch 102] Training Time: 8.0722s
Wed 14 Jan 2026 21:52:26 INFO  [Epoch 102] Eval Time: 1.8176s
Wed 14 Jan 2026 21:52:26 INFO  [Epoch 102] Val Results: OrderedDict([('ndcg@5', 0.05799173563718796), ('ndcg@10', 0.06804168969392776), ('recall@5', 0.08201112598180771), ('recall@10', 0.11333195865154266), ('n_visited_items', 11923.9990234375)])
Wed 14 Jan 2026 21:52:34 INFO  [Epoch 103] Train Loss: 3.9275816144614386
Wed 14 Jan 2026 21:52:34 INFO  [Epoch 103] Training Time: 8.0742s
Wed 14 Jan 2026 21:52:36 INFO  [Epoch 103] Eval Time: 1.8232s
Wed 14 Jan 2026 21:52:36 INFO  [Epoch 103] Val Results: OrderedDict([('ndcg@5', 0.05816483870148659), ('ndcg@10', 0.06830356270074844), ('recall@5', 0.08268081396818161), ('recall@10', 0.11415619403123856), ('n_visited_items', 11923.9990234375)])
Wed 14 Jan 2026 21:52:44 INFO  [Epoch 104] Train Loss: 3.9216930729219284
Wed 14 Jan 2026 21:52:44 INFO  [Epoch 104] Training Time: 8.0709s
Wed 14 Jan 2026 21:52:45 INFO  [Epoch 104] Eval Time: 1.8209s
Wed 14 Jan 2026 21:52:45 INFO  [Epoch 104] Val Results: OrderedDict([('ndcg@5', 0.05735976621508598), ('ndcg@10', 0.06787603348493576), ('recall@5', 0.08211415261030197), ('recall@10', 0.11487739533185959), ('n_visited_items', 11923.9990234375)])
Wed 14 Jan 2026 21:52:53 INFO  [Epoch 105] Train Loss: 3.9148100217183432
Wed 14 Jan 2026 21:52:53 INFO  [Epoch 105] Training Time: 8.0714s
Wed 14 Jan 2026 21:52:55 INFO  [Epoch 105] Eval Time: 1.8201s
Wed 14 Jan 2026 21:52:55 INFO  [Epoch 105] Val Results: OrderedDict([('ndcg@5', 0.05684323236346245), ('ndcg@10', 0.06707495450973511), ('recall@5', 0.08005357533693314), ('recall@10', 0.1118895560503006), ('n_visited_items', 11923.9990234375)])
Wed 14 Jan 2026 21:53:03 INFO  [Epoch 106] Train Loss: 3.9096150727107606
Wed 14 Jan 2026 21:53:03 INFO  [Epoch 106] Training Time: 8.0751s
Wed 14 Jan 2026 21:53:05 INFO  [Epoch 106] Eval Time: 1.8229s
Wed 14 Jan 2026 21:53:05 INFO  [Epoch 106] Val Results: OrderedDict([('ndcg@5', 0.057317785918712616), ('ndcg@10', 0.06689545512199402), ('recall@5', 0.0823202133178711), ('recall@10', 0.11199258267879486), ('n_visited_items', 11923.9990234375)])
Wed 14 Jan 2026 21:53:13 INFO  [Epoch 107] Train Loss: 3.904078853541407
Wed 14 Jan 2026 21:53:13 INFO  [Epoch 107] Training Time: 8.0721s
Wed 14 Jan 2026 21:53:15 INFO  [Epoch 107] Eval Time: 1.8223s
Wed 14 Jan 2026 21:53:15 INFO  [Epoch 107] Val Results: OrderedDict([('ndcg@5', 0.05738022178411484), ('ndcg@10', 0.06769351661205292), ('recall@5', 0.08226870000362396), ('recall@10', 0.11425922065973282), ('n_visited_items', 11923.9990234375)])
Wed 14 Jan 2026 21:53:23 INFO  [Epoch 108] Train Loss: 3.8968494075468216
Wed 14 Jan 2026 21:53:23 INFO  [Epoch 108] Training Time: 8.0702s
Wed 14 Jan 2026 21:53:25 INFO  [Epoch 108] Eval Time: 1.8210s
Wed 14 Jan 2026 21:53:25 INFO  [Epoch 108] Val Results: OrderedDict([('ndcg@5', 0.05674571171402931), ('ndcg@10', 0.06691232323646545), ('recall@5', 0.08072326332330704), ('recall@10', 0.11225015670061111), ('n_visited_items', 11923.9990234375)])
Wed 14 Jan 2026 21:53:33 INFO  [Epoch 109] Train Loss: 3.8938884022592126
Wed 14 Jan 2026 21:53:33 INFO  [Epoch 109] Training Time: 8.0702s
Wed 14 Jan 2026 21:53:35 INFO  [Epoch 109] Eval Time: 1.8197s
Wed 14 Jan 2026 21:53:35 INFO  [Epoch 109] Val Results: OrderedDict([('ndcg@5', 0.05665838345885277), ('ndcg@10', 0.06690732389688492), ('recall@5', 0.08025963604450226), ('recall@10', 0.1118895560503006), ('n_visited_items', 11923.9990234375)])
Wed 14 Jan 2026 21:53:35 INFO  Early stopping at epoch 109
Wed 14 Jan 2026 21:53:35 INFO  Best epoch: 89, Best val score: 0.06841105222702026
Wed 14 Jan 2026 21:53:35 INFO  GPU Memory Allocated (Max): 4.1192 GB
Wed 14 Jan 2026 21:53:35 INFO  GPU Memory Reserved (Max): 4.6758 GB
Wed 14 Jan 2026 21:53:35 INFO  Loaded best model checkpoint from ckpt/genrec_default-main.py_--category=Toys_and_Games_--model=GRQ_--context_fusion_weight=4.0-Jan-14-2026_21-34-ff8b3b.pth
Wed 14 Jan 2026 21:53:37 INFO  Test Results: OrderedDict([('ndcg@5', 0.04551975801587105), ('ndcg@10', 0.055154766887426376), ('recall@5', 0.06624767929315567), ('recall@10', 0.09622913599014282), ('n_visited_items', 11923.9990234375)])
